Archive member included because of file (symbol)

/package/eda/altera/altera13.0sp1/nios2eds/bin/gnu/H-i686-pc-linux-gnu/bin/../lib/gcc/nios2-elf/4.1.2/mno-hw-mul/libgcc.a(_addsub_sf.o)
                              obj/default/jfdctflt.o (__subsf3)
/package/eda/altera/altera13.0sp1/nios2eds/bin/gnu/H-i686-pc-linux-gnu/bin/../lib/gcc/nios2-elf/4.1.2/mno-hw-mul/libgcc.a(_mul_sf.o)
                              obj/default/jcdctmgr.o (__mulsf3)
/package/eda/altera/altera13.0sp1/nios2eds/bin/gnu/H-i686-pc-linux-gnu/bin/../lib/gcc/nios2-elf/4.1.2/mno-hw-mul/libgcc.a(_si_to_sf.o)
                              obj/default/jcdctmgr.o (__floatsisf)
/package/eda/altera/altera13.0sp1/nios2eds/bin/gnu/H-i686-pc-linux-gnu/bin/../lib/gcc/nios2-elf/4.1.2/mno-hw-mul/libgcc.a(_sf_to_si.o)
                              obj/default/jcdctmgr.o (__fixsfsi)
/package/eda/altera/altera13.0sp1/nios2eds/bin/gnu/H-i686-pc-linux-gnu/bin/../lib/gcc/nios2-elf/4.1.2/mno-hw-mul/libgcc.a(_thenan_sf.o)
                              /package/eda/altera/altera13.0sp1/nios2eds/bin/gnu/H-i686-pc-linux-gnu/bin/../lib/gcc/nios2-elf/4.1.2/mno-hw-mul/libgcc.a(_addsub_sf.o) (__thenan_sf)
/package/eda/altera/altera13.0sp1/nios2eds/bin/gnu/H-i686-pc-linux-gnu/bin/../lib/gcc/nios2-elf/4.1.2/mno-hw-mul/libgcc.a(_mul_df.o)
                              obj/default/jcdctmgr.o (__muldf3)
/package/eda/altera/altera13.0sp1/nios2eds/bin/gnu/H-i686-pc-linux-gnu/bin/../lib/gcc/nios2-elf/4.1.2/mno-hw-mul/libgcc.a(_div_df.o)
                              obj/default/jcdctmgr.o (__divdf3)
/package/eda/altera/altera13.0sp1/nios2eds/bin/gnu/H-i686-pc-linux-gnu/bin/../lib/gcc/nios2-elf/4.1.2/mno-hw-mul/libgcc.a(_df_to_sf.o)
                              obj/default/jcdctmgr.o (__truncdfsf2)
/package/eda/altera/altera13.0sp1/nios2eds/bin/gnu/H-i686-pc-linux-gnu/bin/../lib/gcc/nios2-elf/4.1.2/mno-hw-mul/libgcc.a(_thenan_df.o)
                              /package/eda/altera/altera13.0sp1/nios2eds/bin/gnu/H-i686-pc-linux-gnu/bin/../lib/gcc/nios2-elf/4.1.2/mno-hw-mul/libgcc.a(_mul_df.o) (__thenan_df)
/package/eda/altera/altera13.0sp1/nios2eds/bin/gnu/H-i686-pc-linux-gnu/bin/../lib/gcc/nios2-elf/4.1.2/mno-hw-mul/libgcc.a(_usi_to_df.o)
                              obj/default/jcdctmgr.o (__floatunsidf)
/package/eda/altera/altera13.0sp1/nios2eds/bin/gnu/H-i686-pc-linux-gnu/bin/../lib/gcc/nios2-elf/4.1.2/mno-hw-mul/libgcc.a(lib2-divmod.o)
                              obj/default/jcdctmgr.o (__divsi3)
/package/eda/altera/altera13.0sp1/nios2eds/bin/gnu/H-i686-pc-linux-gnu/bin/../lib/gcc/nios2-elf/4.1.2/mno-hw-mul/libgcc.a(lib2-divtable.o)
                              obj/default/jcdctmgr.o (__divsi3_table)
/package/eda/altera/altera13.0sp1/nios2eds/bin/gnu/H-i686-pc-linux-gnu/bin/../lib/gcc/nios2-elf/4.1.2/mno-hw-mul/libgcc.a(lib2-mul.o)
                              obj/default/djpeg.o (__mulsi3)
/package/eda/altera/altera13.0sp1/nios2eds/bin/gnu/H-i686-pc-linux-gnu/bin/../lib/gcc/nios2-elf/4.1.2/mno-hw-mul/libgcc.a(_muldi3.o)
                              /package/eda/altera/altera13.0sp1/nios2eds/bin/gnu/H-i686-pc-linux-gnu/bin/../lib/gcc/nios2-elf/4.1.2/mno-hw-mul/libgcc.a(_mul_sf.o) (__muldi3)
/package/eda/altera/altera13.0sp1/nios2eds/bin/gnu/H-i686-pc-linux-gnu/bin/../lib/gcc/nios2-elf/4.1.2/mno-hw-mul/libgcc.a(_clzsi2.o)
                              /package/eda/altera/altera13.0sp1/nios2eds/bin/gnu/H-i686-pc-linux-gnu/bin/../lib/gcc/nios2-elf/4.1.2/mno-hw-mul/libgcc.a(_si_to_sf.o) (__clzsi2)
/package/eda/altera/altera13.0sp1/nios2eds/bin/gnu/H-i686-pc-linux-gnu/bin/../lib/gcc/nios2-elf/4.1.2/mno-hw-mul/libgcc.a(_pack_sf.o)
                              /package/eda/altera/altera13.0sp1/nios2eds/bin/gnu/H-i686-pc-linux-gnu/bin/../lib/gcc/nios2-elf/4.1.2/mno-hw-mul/libgcc.a(_addsub_sf.o) (__pack_f)
/package/eda/altera/altera13.0sp1/nios2eds/bin/gnu/H-i686-pc-linux-gnu/bin/../lib/gcc/nios2-elf/4.1.2/mno-hw-mul/libgcc.a(_unpack_sf.o)
                              /package/eda/altera/altera13.0sp1/nios2eds/bin/gnu/H-i686-pc-linux-gnu/bin/../lib/gcc/nios2-elf/4.1.2/mno-hw-mul/libgcc.a(_addsub_sf.o) (__unpack_f)
/package/eda/altera/altera13.0sp1/nios2eds/bin/gnu/H-i686-pc-linux-gnu/bin/../lib/gcc/nios2-elf/4.1.2/mno-hw-mul/libgcc.a(_make_sf.o)
                              /package/eda/altera/altera13.0sp1/nios2eds/bin/gnu/H-i686-pc-linux-gnu/bin/../lib/gcc/nios2-elf/4.1.2/mno-hw-mul/libgcc.a(_df_to_sf.o) (__make_fp)
/package/eda/altera/altera13.0sp1/nios2eds/bin/gnu/H-i686-pc-linux-gnu/bin/../lib/gcc/nios2-elf/4.1.2/mno-hw-mul/libgcc.a(_pack_df.o)
                              /package/eda/altera/altera13.0sp1/nios2eds/bin/gnu/H-i686-pc-linux-gnu/bin/../lib/gcc/nios2-elf/4.1.2/mno-hw-mul/libgcc.a(_mul_df.o) (__pack_d)
/package/eda/altera/altera13.0sp1/nios2eds/bin/gnu/H-i686-pc-linux-gnu/bin/../lib/gcc/nios2-elf/4.1.2/mno-hw-mul/libgcc.a(_unpack_df.o)
[...]
Memory Configuration

Name             Origin             Length             Attributes
reset            0x08000000         0x00000020
new_sdram_controller_0 0x08000020         0x07ffffe0
generic_tristate_controller_0 0x10000000         0x00800000
*default*        0x00000000         0xffffffff

Linker script and memory map

LOAD ../demo_board_bsp//obj/HAL/src/crt0.o
LOAD obj/default/cdjpeg.o
LOAD obj/default/djpeg.o
LOAD obj/default/jcapimin.o
LOAD obj/default/jcapistd.o
LOAD obj/default/jccoefct.o
LOAD obj/default/jccolor.o
LOAD obj/default/jcdctmgr.o
LOAD obj/default/jchuff.o
LOAD obj/default/jcinit.o
LOAD obj/default/jcmainct.o
LOAD obj/default/jcmarker.o
LOAD obj/default/jcmaster.o
LOAD obj/default/jcomapi.o
LOAD obj/default/jcparam.o
LOAD obj/default/jcphuff.o
LOAD obj/default/jcprepct.o
LOAD obj/default/jcsample.o
LOAD obj/default/jctrans.o
LOAD obj/default/jdapimin.o
LOAD obj/default/jdapistd.o
LOAD obj/default/jdatadst.o
LOAD obj/default/jdatasrc.o
LOAD obj/default/jdcoefct.o
LOAD obj/default/jdcolor.o
LOAD obj/default/jddctmgr.o
LOAD obj/default/jdhuff.o
LOAD obj/default/jdinput.o
LOAD obj/default/jdmainct.o
LOAD obj/default/jdmarker.o
LOAD obj/default/jdmaster.o
LOAD obj/default/jdmerge.o
LOAD obj/default/jdphuff.o
LOAD obj/default/jdpostct.o
LOAD obj/default/jdsample.o
LOAD obj/default/jdtrans.o
LOAD obj/default/jerror.o
LOAD obj/default/jfdctflt.o
LOAD obj/default/jfdctfst.o
LOAD obj/default/jfdctint.o
LOAD obj/default/jidctflt.o
LOAD obj/default/jidctfst.o
LOAD obj/default/jidctint.o
LOAD obj/default/jidctred.o
LOAD obj/default/jmemmgr.o
LOAD obj/default/jmemnobs.o
LOAD obj/default/jquant1.o
LOAD obj/default/jquant2.o
LOAD obj/default/jutils.o
LOAD obj/default/rdcolmap.o
LOAD obj/default/wrbmp.o
LOAD obj/default/wrgif.o
LOAD obj/default/wrppm.o
LOAD obj/default/wrrle.o
LOAD obj/default/wrtarga.o
LOAD /package/eda/altera/altera13.0sp1/nios2eds/bin/gnu/H-i686-pc-linux-gnu/bin/../lib/gcc/nios2-elf/4.1.2/../../../../nios2-elf/lib/mno-hw-mul/libstdc++.a
LOAD /package/eda/altera/altera13.0sp1/nios2eds/bin/gnu/H-i686-pc-linux-gnu/bin/../lib/gcc/nios2-elf/4.1.2/../../../../nios2-elf/lib/mno-hw-mul/libm.a
LOAD /package/eda/altera/altera13.0sp1/nios2eds/bin/gnu/H-i686-pc-linux-gnu/bin/../lib/gcc/nios2-elf/4.1.2/mno-hw-mul/libgcc.a
START GROUP
LOAD /package/eda/altera/altera13.0sp1/nios2eds/bin/gnu/H-i686-pc-linux-gnu/bin/../lib/gcc/nios2-elf/4.1.2/../../../../nios2-elf/lib/mno-hw-mul/libc.a
LOAD /package/eda/altera/altera13.0sp1/nios2eds/bin/gnu/H-i686-pc-linux-gnu/bin/../lib/gcc/nios2-elf/4.1.2/mno-hw-mul/libgcc.a
LOAD ../demo_board_bsp//libhal_bsp.a
END GROUP
LOAD /package/eda/altera/altera13.0sp1/nios2eds/bin/gnu/H-i686-pc-linux-gnu/bin/../lib/gcc/nios2-elf/4.1.2/mno-hw-mul/libgcc.a
                0x08000000                __alt_mem_new_sdram_controller_0 = 0x8000000
                0x10000000                __alt_mem_generic_tristate_controller_0 = 0x10000000

.entry          0x08000000       0x20
 *(.entry)
 .entry         0x08000000       0x20 ../demo_board_bsp//obj/HAL/src/crt0.o
                0x08000000                __reset

.exceptions     0x08000020      0x164
                0x08000020                PROVIDE (__ram_exceptions_start, ABSOLUTE (.))
                0x08000020                . = ALIGN (0x20)
 *(.irq)
 *(.exceptions.entry.label)
 .exceptions.entry.label
                0x08000020        0x0 ../demo_board_bsp//libhal_bsp.a(alt_irq_entry.o)
                0x08000020                alt_irq_entry
 .exceptions.entry.label
                0x08000020        0x0 ../demo_board_bsp//libhal_bsp.a(alt_exception_entry.o)
                0x08000020                alt_exception
 *(.exceptions.entry.user)
 *(.exceptions.entry)
 .exceptions.entry
                0x08000020       0x54 ../demo_board_bsp//libhal_bsp.a(alt_exception_entry.o)
 *(.exceptions.irqtest.user)
 *(.exceptions.irqtest)
 .exceptions.irqtest
                0x08000074       0x10 ../demo_board_bsp//libhal_bsp.a(alt_irq_entry.o)
 *(.exceptions.irqhandler.user)
 *(.exceptions.irqhandler)
 .exceptions.irqhandler
                0x08000084        0x4 ../demo_board_bsp//libhal_bsp.a(alt_irq_entry.o)
 *(.exceptions.irqreturn.user)
 *(.exceptions.irqreturn)
 .exceptions.irqreturn
                0x08000088        0x4 ../demo_board_bsp//libhal_bsp.a(alt_irq_entry.o)
 *(.exceptions.notirq.label)
 .exceptions.notirq.label
                0x0800008c        0x0 ../demo_board_bsp//libhal_bsp.a(alt_irq_entry.o)
 *(.exceptions.notirq.user)
 *(.exceptions.notirq)
 .exceptions.notirq
                0x0800008c        0x8 ../demo_board_bsp//libhal_bsp.a(alt_exception_entry.o)
 *(.exceptions.soft.user)
 *(.exceptions.soft)
 *(.exceptions.unknown.user)
 *(.exceptions.unknown)
 .exceptions.unknown
                0x08000094        0x4 ../demo_board_bsp//libhal_bsp.a(alt_exception_entry.o)
 *(.exceptions.exit.label)
 .exceptions.exit.label
                0x08000098        0x0 ../demo_board_bsp//libhal_bsp.a(alt_irq_entry.o)
 .exceptions.exit.label
                0x08000098        0x0 ../demo_board_bsp//libhal_bsp.a(alt_exception_entry.o)
 *(.exceptions.exit.user)
 *(.exceptions.exit)
 .exceptions.exit
                0x08000098       0x54 ../demo_board_bsp//libhal_bsp.a(alt_exception_entry.o)
 *(.exceptions)
 .exceptions    0x080000ec       0x98 ../demo_board_bsp//libhal_bsp.a(alt_irq_handler.o)
                0x080000ec                alt_irq_handler
                0x08000184                PROVIDE (__ram_exceptions_end, ABSOLUTE (.))
                0x08000020                PROVIDE (__flash_exceptions_start, LOADADDR (.exceptions))

.text           0x08000184    0x3fdb8
                0x08000184                PROVIDE (stext, ABSOLUTE (.))
 *(.interp)
 *(.hash)
 *(.dynsym)
 *(.dynstr)
 *(.gnu.version)
 *(.gnu.version_d)
 *(.gnu.version_r)
 *(.rel.init)
 *(.rela.init)
 *(.rel.text .rel.text.* .rel.gnu.linkonce.t.*)
 *(.rela.text .rela.text.* .rela.gnu.linkonce.t.*)
 *(.rel.fini)
 *(.rela.fini)
 *(.rel.rodata .rel.rodata.* .rel.gnu.linkonce.r.*)
 *(.rela.rodata .rela.rodata.* .rela.gnu.linkonce.r.*)
 *(.rel.data .rel.data.* .rel.gnu.linkonce.d.*)
 *(.rela.data .rela.data.* .rela.gnu.linkonce.d.*)
 *(.rel.tdata .rel.tdata.* .rel.gnu.linkonce.td.*)
 *(.rela.tdata .rela.tdata.* .rela.gnu.linkonce.td.*)
 *(.rel.tbss .rel.tbss.* .rel.gnu.linkonce.tb.*)
 *(.rela.tbss .rela.tbss.* .rela.gnu.linkonce.tb.*)
 *(.rel.ctors)
 *(.rela.ctors)
 *(.rel.dtors)
 *(.rela.dtors)
 *(.rel.got)
 *(.rela.got)
 *(.rel.sdata .rel.sdata.* .rel.gnu.linkonce.s.*)
 *(.rela.sdata .rela.sdata.* .rela.gnu.linkonce.s.*)
 *(.rel.sbss .rel.sbss.* .rel.gnu.linkonce.sb.*)
 *(.rela.sbss .rela.sbss.* .rela.gnu.linkonce.sb.*)
 *(.rel.sdata2 .rel.sdata2.* .rel.gnu.linkonce.s2.*)
 *(.rela.sdata2 .rela.sdata2.* .rela.gnu.linkonce.s2.*)
 *(.rel.sbss2 .rel.sbss2.* .rel.gnu.linkonce.sb2.*)
 *(.rela.sbss2 .rela.sbss2.* .rela.gnu.linkonce.sb2.*)
 *(.rel.bss .rel.bss.* .rel.gnu.linkonce.b.*)
 *(.rela.bss .rela.bss.* .rela.gnu.linkonce.b.*)
 *(.rel.plt)
 *(.rela.plt)
 *(.rel.dyn)
 *(.init)
 *(.plt)
 *(.text .stub .text.* .gnu.linkonce.t.*)
 .text          0x08000184       0x3c ../demo_board_bsp//obj/HAL/src/crt0.o
                0x08000184                _start
 .text          0x080001c0       0xa4 obj/default/cdjpeg.o
                0x080001c0                keymatch
                0x0800023c                read_stdin
                0x08000250                write_stdout
 .text          0x08000264     0x1074 obj/default/djpeg.o
                0x08000ba4                capture_cmd_args
                0x08000c5c                main
 .text          0x080012d8      0x43c obj/default/jcapimin.o
                0x080012d8                jpeg_suppress_tables
                0x0800136c                jpeg_write_marker
                0x08001400                jpeg_write_tables
                0x08001498                jpeg_finish_compress
                0x08001600                jpeg_abort_compress
                0x08001604                jpeg_destroy_compress
                0x08001608                jpeg_CreateCompress
 .text          0x08001714      0x350 obj/default/jcapistd.o
                0x08001714                jpeg_write_scanlines
                0x08001820                jpeg_write_raw_data
                0x080019a8                jpeg_start_compress
 .text          0x08001a64      0xd10 obj/default/jccoefct.o
                0x08001cd4                jinit_c_coef_controller
 .text          0x08002774      0x840 obj/default/jccolor.o
                0x08002cb4                jinit_color_converter
 .text          0x08002fb4     0x1178 obj/default/jcdctmgr.o
                0x08004030                jinit_forward_dct
 .text          0x0800412c     0x1944 obj/default/jchuff.o
                0x0800432c                jinit_huff_encoder
                0x080043b0                jpeg_make_c_derived_tbl
                0x08004530                jpeg_gen_optimal_table
 .text          0x08005a70       0xf0 obj/default/jcinit.o
                0x08005a70                jinit_compress_master
 .text          0x08005b60      0x264 obj/default/jcmainct.o
                0x08005cd4                jinit_c_main_controller
 .text          0x08005dc4     0x2640 obj/default/jcmarker.o
                0x08005dc4                jinit_marker_writer
 .text          0x08008404     0x10d8 obj/default/jcmaster.o
                0x08008754                jinit_c_master_control
 .text          0x080094dc       0xe8 obj/default/jcomapi.o
                0x080094dc                jpeg_abort
                0x08009534                jpeg_destroy
                0x0800956c                jpeg_alloc_quant_table
                0x08009598                jpeg_alloc_huff_table
 .text          0x080095c4     0x1718 obj/default/jcparam.o
                0x080095c4                jpeg_quality_scaling
                0x08009644                jpeg_set_colorspace
                0x080099c4                jpeg_default_colorspace
                0x08009a58                jpeg_add_quant_table
                0x08009c2c                jpeg_simple_progression
                0x0800a0e0                jpeg_set_linear_quality
                0x0800a454                jpeg_set_quality
                0x0800a834                jpeg_set_defaults
 .text          0x0800acdc     0x445c obj/default/jcphuff.o
                0x0800acdc                jinit_phuff_encoder
 .text          0x0800f138      0x8a4 obj/default/jcprepct.o
                0x0800f198                jinit_c_prep_controller
 .text          0x0800f9dc      0xf6c obj/default/jcsample.o
                0x0800fac8                jinit_downsampler
 .text          0x08010948      0x8bc obj/default/jctrans.o
                0x08010c58                jpeg_copy_critical_parameters
                0x08010f90                jpeg_write_coefficients
 .text          0x08011204      0x6e0 obj/default/jdapimin.o
                0x08011204                jpeg_set_marker_processor
                0x08011260                jpeg_consume_input
                0x0801155c                jpeg_input_complete
                0x080115b4                jpeg_has_multiple_scans
                0x0801160c                jpeg_finish_decompress
                0x0801170c                jpeg_read_header
                0x080117cc                jpeg_abort_decompress
                0x080117d0                jpeg_destroy_decompress
                0x080117d4                jpeg_CreateDecompress
 .text          0x080118e4      0x5fc obj/default/jdapistd.o
                0x080119e4                jpeg_read_scanlines
                0x08011adc                jpeg_read_raw_data
                0x08011c44                jpeg_start_output
                0x08011ce8                jpeg_finish_output
                0x08011dac                jpeg_start_decompress
 .text          0x08011ee0      0x1fc obj/default/jdatadst.o
                0x08011f2c                jpeg_stdio_dest
 .text          0x080120dc      0x2a0 obj/default/jdatasrc.o
                0x080120f0                jpeg_stdio_src
 .text          0x0801237c     0x1520 obj/default/jdcoefct.o
                0x08012794                jinit_d_coef_controller
 .text          0x0801389c      0x698 obj/default/jdcolor.o
                0x08013bd8                jinit_color_deconverter
 .text          0x08013f34      0x5ec obj/default/jddctmgr.o
                0x0801445c                jinit_inverse_dct
 .text          0x08014520     0x2d7c obj/default/jdhuff.o
                0x08014520                jpeg_fill_bit_buffer
                0x080146b4                jinit_huff_decoder
                0x08014724                jpeg_make_d_derived_tbl
                0x08015c0c                jpeg_huff_decode
 .text          0x0801729c      0x728 obj/default/jdinput.o
                0x08017310                jinit_input_controller
 .text          0x080179c4      0xb68 obj/default/jdmainct.o
                0x0801825c                jinit_d_main_controller
 .text          0x0801852c     0x2918 obj/default/jdmarker.o
                0x0801989c                jpeg_resync_to_restart
                0x0801ad74                jinit_marker_reader
 .text          0x0801ae44      0xa68 obj/default/jdmaster.o
                0x0801b05c                jpeg_new_colormap
                0x0801b108                jpeg_calc_output_dimensions
                0x0801b4a8                jinit_master_decompress
 .text          0x0801b8ac      0x8b0 obj/default/jdmerge.o
                0x0801be5c                jinit_merged_upsampler
 .text          0x0801c15c     0x1228 obj/default/jdphuff.o
                0x0801c15c                jinit_phuff_decoder
 .text          0x0801d384      0x524 obj/default/jdpostct.o
                0x0801d7a0                jinit_d_post_controller
 .text          0x0801d8a8      0xab4 obj/default/jdsample.o
                0x0801dbb8                jinit_upsampler
 .text          0x0801e35c      0x1c0 obj/default/jdtrans.o
                0x0801e35c                jpeg_read_coefficients
 .text          0x0801e51c      0x268 obj/default/jerror.o
                0x0801e5a4                jpeg_std_error
 .text          0x0801e784     0x2b04 obj/default/jfdctflt.o
                0x0801e784                jpeg_fdct_float
 .text          0x08021288      0x2a0 obj/default/jfdctfst.o
                0x08021288                jpeg_fdct_ifast
 .text          0x08021528      0x408 obj/default/jfdctint.o
                0x08021528                jpeg_fdct_islow
 .text          0x08021930      0x81c obj/default/jidctflt.o
                0x08021930                jpeg_idct_float
 .text          0x0802214c      0x594 obj/default/jidctfst.o
                0x0802214c                jpeg_idct_ifast
 .text          0x080226e0      0x724 obj/default/jidctint.o
                0x080226e0                jpeg_idct_islow
 .text          0x08022e04      0xdb8 obj/default/jidctred.o
                0x08022e04                jpeg_idct_4x4
                0x080237a8                jpeg_idct_2x2
                0x08023b5c                jpeg_idct_1x1
 .text          0x08023bbc     0x1678 obj/default/jmemmgr.o
                0x08023bbc                jinit_memory_mgr
 .text          0x08025234       0x48 obj/default/jmemnobs.o
                0x08025234                jpeg_mem_available
                0x0802523c                jpeg_open_backing_store
                0x08025250                jpeg_mem_init
                0x08025258                jpeg_mem_term
                0x0802525c                jpeg_free_large
                0x08025264                jpeg_free_small
                0x0802526c                jpeg_get_large
                0x08025274                jpeg_get_small
 .text          0x0802527c     0x124c obj/default/jquant1.o
                0x08025800                jinit_1pass_quantizer
 .text          0x080264c8     0x1c10 obj/default/jquant2.o
                0x08027a64                jinit_2pass_quantizer
 .text          0x080280d8      0x168 obj/default/jutils.o
                0x080280d8                jdiv_round_up
                0x0802812c                jround_up
                0x080281a4                jzero_far
                0x080281b0                jcopy_block_row
                0x080281c4                jcopy_sample_rows
 .text          0x08028240      0x794 obj/default/rdcolmap.o
                0x08028384                read_color_map
 .text          0x080289d4      0xac8 obj/default/wrbmp.o
                0x08028b48                jinit_write_bmp
 .text          0x0802949c      0xd58 obj/default/wrgif.o
                0x0802949c                jinit_write_gif
 .text          0x0802a1f4      0x410 obj/default/wrppm.o
                0x0802a1f8                jinit_write_ppm
 .text          0x0802a604        0x0 obj/default/wrrle.o
 .text          0x0802a604      0x540 obj/default/wrtarga.o
                0x0802a604                jinit_write_targa
 .text          0x0802ab44      0x2b8 /package/eda/altera/altera13.0sp1/nios2eds/bin/gnu/H-i686-pc-linux-gnu/bin/../lib/gcc/nios2-elf/4.1.2/mno-hw-mul/libgcc.a(_addsub_sf.o)
                0x0802ad28                __subsf3
                0x0802ad98                __addsf3
 .text          0x0802adfc      0x1e0 /package/eda/altera/altera13.0sp1/nios2eds/bin/gnu/H-i686-pc-linux-gnu/bin/../lib/gcc/nios2-elf/4.1.2/mno-hw-mul/libgcc.a(_mul_sf.o)
                0x0802adfc                __mulsf3
 .text          0x0802afdc       0x98 /package/eda/altera/altera13.0sp1/nios2eds/bin/gnu/H-i686-pc-linux-gnu/bin/../lib/gcc/nios2-elf/4.1.2/mno-hw-mul/libgcc.a(_si_to_sf.o)
                0x0802afdc                __floatsisf
 .text          0x0802b074       0x94 /package/eda/altera/altera13.0sp1/nios2eds/bin/gnu/H-i686-pc-linux-gnu/bin/../lib/gcc/nios2-elf/4.1.2/mno-hw-mul/libgcc.a(_sf_to_si.o)
                0x0802b074                __fixsfsi
 .text          0x0802b108        0x0 /package/eda/altera/altera13.0sp1/nios2eds/bin/gnu/H-i686-pc-linux-gnu/bin/../lib/gcc/nios2-elf/4.1.2/mno-hw-mul/libgcc.a(_thenan_sf.o)
 .text          0x0802b108      0x3c4 /package/eda/altera/altera13.0sp1/nios2eds/bin/gnu/H-i686-pc-linux-gnu/bin/../lib/gcc/nios2-elf/4.1.2/mno-hw-mul/libgcc.a(_mul_df.o)
                0x0802b108                __muldf3
 .text          0x0802b4cc      0x258 /package/eda/altera/altera13.0sp1/nios2eds/bin/gnu/H-i686-pc-linux-gnu/bin/../lib/gcc/nios2-elf/4.1.2/mno-hw-mul/libgcc.a(_div_df.o)
                0x0802b4cc                __divdf3
 .text          0x0802b724       0x74 /package/eda/altera/altera13.0sp1/nios2eds/bin/gnu/H-i686-pc-linux-gnu/bin/../lib/gcc/nios2-elf/4.1.2/mno-hw-mul/libgcc.a(_df_to_sf.o)
                0x0802b724                __truncdfsf2
 .text          0x0802b798        0x0 /package/eda/altera/altera13.0sp1/nios2eds/bin/gnu/H-i686-pc-linux-gnu/bin/../lib/gcc/nios2-elf/4.1.2/mno-hw-mul/libgcc.a(_thenan_df.o)
 .text          0x0802b798      0x194 /package/eda/altera/altera13.0sp1/nios2eds/bin/gnu/H-i686-pc-linux-gnu/bin/../lib/gcc/nios2-elf/4.1.2/mno-hw-mul/libgcc.a(_usi_to_df.o)
                0x0802b798                __floatunsidf
 .text          0x0802b92c      0x14c /package/eda/altera/altera13.0sp1/nios2eds/bin/gnu/H-i686-pc-linux-gnu/bin/../lib/gcc/nios2-elf/4.1.2/mno-hw-mul/libgcc.a(lib2-divmod.o)
                0x0802b9a8                __divsi3
                0x0802ba08                __modsi3
                0x0802ba68                __udivsi3
                0x0802ba70                __umodsi3
 .text          0x0802ba78        0x0 /package/eda/altera/altera13.0sp1/nios2eds/bin/gnu/H-i686-pc-linux-gnu/bin/../lib/gcc/nios2-elf/4.1.2/mno-hw-mul/libgcc.a(lib2-divtable.o)
 .text          0x0802ba78       0x38 /package/eda/altera/altera13.0sp1/nios2eds/bin/gnu/H-i686-pc-linux-gnu/bin/../lib/gcc/nios2-elf/4.1.2/mno-hw-mul/libgcc.a(lib2-mul.o)
                0x0802ba78                __mulsi3
 .text          0x0802bab0      0x124 /package/eda/altera/altera13.0sp1/nios2eds/bin/gnu/H-i686-pc-linux-gnu/bin/../lib/gcc/nios2-elf/4.1.2/mno-hw-mul/libgcc.a(_muldi3.o)
                0x0802bab0                __muldi3
 .text          0x0802bbd4       0x80 /package/eda/altera/altera13.0sp1/nios2eds/bin/gnu/H-i686-pc-linux-gnu/bin/../lib/gcc/nios2-elf/4.1.2/mno-hw-mul/libgcc.a(_clzsi2.o)
                0x0802bbd4                __clzsi2
 .text          0x0802bc54      0x160 /package/eda/altera/altera13.0sp1/nios2eds/bin/gnu/H-i686-pc-linux-gnu/bin/../lib/gcc/nios2-elf/4.1.2/mno-hw-mul/libgcc.a(_pack_sf.o)
                0x0802bc54                __pack_f
 .text          0x0802bdb4       0xc8 /package/eda/altera/altera13.0sp1/nios2eds/bin/gnu/H-i686-pc-linux-gnu/bin/../lib/gcc/nios2-elf/4.1.2/mno-hw-mul/libgcc.a(_unpack_sf.o)
                0x0802bdb4                __unpack_f
 .text          0x0802be7c       0x2c /package/eda/altera/altera13.0sp1/nios2eds/bin/gnu/H-i686-pc-linux-gnu/bin/../lib/gcc/nios2-elf/4.1.2/mno-hw-mul/libgcc.a(_make_sf.o)
                0x0802be7c                __make_fp
 .text          0x0802bea8      0x314 /package/eda/altera/altera13.0sp1/nios2eds/bin/gnu/H-i686-pc-linux-gnu/bin/../lib/gcc/nios2-elf/4.1.2/mno-hw-mul/libgcc.a(_pack_df.o)
                0x0802bea8                __pack_d
 .text          0x0802c1bc      0x138 /package/eda/altera/altera13.0sp1/nios2eds/bin/gnu/H-i686-pc-linux-gnu/bin/../lib/gcc/nios2-elf/4.1.2/mno-hw-mul/libgcc.a(_unpack_df.o)
                0x0802c1bc                __unpack_d
 .text          0x0802c2f4        0x0 /package/eda/altera/altera13.0sp1/nios2eds/bin/gnu/H-i686-pc-linux-gnu/bin/../lib/gcc/nios2-elf/4.1.2/mno-hw-mul/libgcc.a(_clz.o)
 .text          0x0802c2f4        0x0 /package/eda/altera/altera13.0sp1/nios2eds/bin/gnu/H-i686-pc-linux-gnu/bin/../lib/gcc/nios2-elf/4.1.2/../../../../nios2-elf/lib/mno-hw-mul/libc.a(lib_a-ctype_.o)
 .text          0x0802c2f4       0x38 /package/eda/altera/altera13.0sp1/nios2eds/bin/gnu/H-i686-pc-linux-gnu/bin/../lib/gcc/nios2-elf/4.1.2/../../../../nios2-elf/lib/mno-hw-mul/libc.a(lib_a-exit.o)
                0x0802c2f4                exit
 .text          0x0802c32c      0x124 /package/eda/altera/altera13.0sp1/nios2eds/bin/gnu/H-i686-pc-linux-gnu/bin/../lib/gcc/nios2-elf/4.1.2/../../../../nios2-elf/lib/mno-hw-mul/libc.a(lib_a-fclose.o)
                0x0802c32c                _fclose_r
                0x0802c43c                fclose
 .text          0x0802c450      0x230 /package/eda/altera/altera13.0sp1/nios2eds/bin/gnu/H-i686-pc-linux-gnu/bin/../lib/gcc/nios2-elf/4.1.2/../../../../nios2-elf/lib/mno-hw-mul/libc.a(lib_a-fflush.o)
                0x0802c450                _fflush_r
                0x0802c64c                fflush
 .text          0x0802c680      0x2f4 /package/eda/altera/altera13.0sp1/nios2eds/bin/gnu/H-i686-pc-linux-gnu/bin/../lib/gcc/nios2-elf/4.1.2/../../../../nios2-elf/lib/mno-hw-mul/libc.a(lib_a-findfp.o)
                0x0802c6d8                __sfp_lock_acquire
                0x0802c6dc                __sfp_lock_release
                0x0802c6e0                __sinit_lock_acquire
                0x0802c6e4                __sinit_lock_release
                0x0802c6e8                __sinit
                0x0802c79c                __fp_unlock_all
                0x0802c7b4                __fp_lock_all
                0x0802c7cc                _cleanup_r
                0x0802c7d8                _cleanup
                0x0802c7e8                __sfmoreglue
                0x0802c884                __sfp
 .text          0x0802c974      0x110 /package/eda/altera/altera13.0sp1/nios2eds/bin/gnu/H-i686-pc-linux-gnu/bin/../lib/gcc/nios2-elf/4.1.2/../../../../nios2-elf/lib/mno-hw-mul/libc.a(lib_a-fopen.o)
                0x0802c974                _fopen_r
                0x0802ca68                fopen
 .text          0x0802ca84       0x60 /package/eda/altera/altera13.0sp1/nios2eds/bin/gnu/H-i686-pc-linux-gnu/bin/../lib/gcc/nios2-elf/4.1.2/../../../../nios2-elf/lib/mno-hw-mul/libc.a(lib_a-fprintf.o)
                0x0802ca84                fprintf
                0x0802cab0                _fprintf_r
 .text          0x0802cae4       0xbc /package/eda/altera/altera13.0sp1/nios2eds/bin/gnu/H-i686-pc-linux-gnu/bin/../lib/gcc/nios2-elf/4.1.2/../../../../nios2-elf/lib/mno-hw-mul/libc.a(lib_a-fputc.o)
                0x0802cae4                fputc
                0x0802cb48                _fputc_r
 .text          0x0802cba0      0x24c /package/eda/altera/altera13.0sp1/nios2eds/bin/gnu/H-i686-pc-linux-gnu/bin/../lib/gcc/nios2-elf/4.1.2/../../../../nios2-elf/lib/mno-hw-mul/libc.a(lib_a-fread.o)
                0x0802cba0                _fread_r
                0x0802cdac                fread
 .text          0x0802cdec      0x440 /package/eda/altera/altera13.0sp1/nios2eds/bin/gnu/H-i686-pc-linux-gnu/bin/../lib/gcc/nios2-elf/4.1.2/../../../../nios2-elf/lib/mno-hw-mul/libc.a(lib_a-freer.o)
                0x0802cdec                _malloc_trim_r
                0x0802cf18                _free_r
 .text          0x0802d22c      0x460 /package/eda/altera/altera13.0sp1/nios2eds/bin/gnu/H-i686-pc-linux-gnu/bin/../lib/gcc/nios2-elf/4.1.2/../../../../nios2-elf/lib/mno-hw-mul/libc.a(lib_a-fseek.o)
                0x0802d22c                _fseek_r
                0x0802d668                fseek
 .text          0x0802d68c       0x74 /package/eda/altera/altera13.0sp1/nios2eds/bin/gnu/H-i686-pc-linux-gnu/bin/../lib/gcc/nios2-elf/4.1.2/../../../../nios2-elf/lib/mno-hw-mul/libc.a(lib_a-fstatr.o)
                0x0802d68c                _fstat_r
 .text          0x0802d700      0x180 /package/eda/altera/altera13.0sp1/nios2eds/bin/gnu/H-i686-pc-linux-gnu/bin/../lib/gcc/nios2-elf/4.1.2/../../../../nios2-elf/lib/mno-hw-mul/libc.a(lib_a-fwalk.o)
                0x0802d700                _fwalk_reent
                0x0802d7c8                _fwalk
 .text          0x0802d880       0xec /package/eda/altera/altera13.0sp1/nios2eds/bin/gnu/H-i686-pc-linux-gnu/bin/../lib/gcc/nios2-elf/4.1.2/../../../../nios2-elf/lib/mno-hw-mul/libc.a(lib_a-fwrite.o)
                0x0802d880                _fwrite_r
                0x0802d92c                fwrite
 .text          0x0802d96c      0x128 /package/eda/altera/altera13.0sp1/nios2eds/bin/gnu/H-i686-pc-linux-gnu/bin/../lib/gcc/nios2-elf/4.1.2/../../../../nios2-elf/lib/mno-hw-mul/libc.a(lib_a-getc.o)
                0x0802d96c                getc
                0x0802da04                _getc_r
 .text          0x0802da94       0x48 /package/eda/altera/altera13.0sp1/nios2eds/bin/gnu/H-i686-pc-linux-gnu/bin/../lib/gcc/nios2-elf/4.1.2/../../../../nios2-elf/lib/mno-hw-mul/libc.a(lib_a-getenv.o)
                0x0802da94                getenv
                0x0802dac0                _findenv
 .text          0x0802dadc      0x128 /package/eda/altera/altera13.0sp1/nios2eds/bin/gnu/H-i686-pc-linux-gnu/bin/../lib/gcc/nios2-elf/4.1.2/../../../../nios2-elf/lib/mno-hw-mul/libc.a(lib_a-getenv_r.o)
                0x0802dadc                _findenv_r
                0x0802dbe8                _getenv_r
 .text          0x0802dc04        0x0 /package/eda/altera/altera13.0sp1/nios2eds/bin/gnu/H-i686-pc-linux-gnu/bin/../lib/gcc/nios2-elf/4.1.2/../../../../nios2-elf/lib/mno-hw-mul/libc.a(lib_a-impure.o)
 .text          0x0802dc04        0x0 /package/eda/altera/altera13.0sp1/nios2eds/bin/gnu/H-i686-pc-linux-gnu/bin/../lib/gcc/nios2-elf/4.1.2/../../../../nios2-elf/lib/mno-hw-mul/libc.a(lib_a-int_errno.o)
 .text          0x0802dc04      0x194 /package/eda/altera/altera13.0sp1/nios2eds/bin/gnu/H-i686-pc-linux-gnu/bin/../lib/gcc/nios2-elf/4.1.2/../../../../nios2-elf/lib/mno-hw-mul/libc.a(lib_a-makebuf.o)
                0x0802dc04                __smakebuf_r
 .text          0x0802dd98       0x28 /package/eda/altera/altera13.0sp1/nios2eds/bin/gnu/H-i686-pc-linux-gnu/bin/../lib/gcc/nios2-elf/4.1.2/../../../../nios2-elf/lib/mno-hw-mul/libc.a(lib_a-malloc.o)
                0x0802dd98                free
                0x0802ddac                malloc
 .text          0x0802ddc0      0x740 /package/eda/altera/altera13.0sp1/nios2eds/bin/gnu/H-i686-pc-linux-gnu/bin/../lib/gcc/nios2-elf/4.1.2/../../../../nios2-elf/lib/mno-hw-mul/libc.a(lib_a-mallocr.o)
                0x0802ddc0                _malloc_r
 .text          0x0802e500       0xa0 /package/eda/altera/altera13.0sp1/nios2eds/bin/gnu/H-i686-pc-linux-gnu/bin/../lib/gcc/nios2-elf/4.1.2/../../../../nios2-elf/lib/mno-hw-mul/libc.a(lib_a-memcpy.o)
                0x0802e500                memcpy
 .text          0x0802e5a0       0x98 /package/eda/altera/altera13.0sp1/nios2eds/bin/gnu/H-i686-pc-linux-gnu/bin/../lib/gcc/nios2-elf/4.1.2/../../../../nios2-elf/lib/mno-hw-mul/libc.a(lib_a-memset.o)
                0x0802e5a0                memset
 .text          0x0802e638       0x78 /package/eda/altera/altera13.0sp1/nios2eds/bin/gnu/H-i686-pc-linux-gnu/bin/../lib/gcc/nios2-elf/4.1.2/../../../../nios2-elf/lib/mno-hw-mul/libc.a(lib_a-openr.o)
                0x0802e638                _open_r
 .text          0x0802e6b0       0x78 /package/eda/altera/altera13.0sp1/nios2eds/bin/gnu/H-i686-pc-linux-gnu/bin/../lib/gcc/nios2-elf/4.1.2/../../../../nios2-elf/lib/mno-hw-mul/libc.a(lib_a-printf.o)
                0x0802e6b0                printf
                0x0802e6f4                _printf_r
 .text          0x0802e728      0x1ec /package/eda/altera/altera13.0sp1/nios2eds/bin/gnu/H-i686-pc-linux-gnu/bin/../lib/gcc/nios2-elf/4.1.2/../../../../nios2-elf/lib/mno-hw-mul/libc.a(lib_a-putc.o)
                0x0802e728                putc
                0x0802e82c                _putc_r
 .text          0x0802e914       0xb4 /package/eda/altera/altera13.0sp1/nios2eds/bin/gnu/H-i686-pc-linux-gnu/bin/../lib/gcc/nios2-elf/4.1.2/../../../../nios2-elf/lib/mno-hw-mul/libc.a(lib_a-puts.o)
                0x0802e914                _puts_r
                0x0802e9b4                puts
 .text          0x0802e9c8      0x1e0 /package/eda/altera/altera13.0sp1/nios2eds/bin/gnu/H-i686-pc-linux-gnu/bin/../lib/gcc/nios2-elf/4.1.2/../../../../nios2-elf/lib/mno-hw-mul/libc.a(lib_a-refill.o)
                0x0802e9c8                __srefill_r
 .text          0x0802eba8       0x60 /package/eda/altera/altera13.0sp1/nios2eds/bin/gnu/H-i686-pc-linux-gnu/bin/../lib/gcc/nios2-elf/4.1.2/../../../../nios2-elf/lib/mno-hw-mul/libc.a(lib_a-rget.o)
                0x0802eba8                __srget_r
                0x0802ebf4                __srget
 .text          0x0802ec08       0x70 /package/eda/altera/altera13.0sp1/nios2eds/bin/gnu/H-i686-pc-linux-gnu/bin/../lib/gcc/nios2-elf/4.1.2/../../../../nios2-elf/lib/mno-hw-mul/libc.a(lib_a-sbrkr.o)
                0x0802ec08                _sbrk_r
 .text          0x0802ec78       0xd4 /package/eda/altera/altera13.0sp1/nios2eds/bin/gnu/H-i686-pc-linux-gnu/bin/../lib/gcc/nios2-elf/4.1.2/../../../../nios2-elf/lib/mno-hw-mul/libc.a(lib_a-sprintf.o)
                0x0802ec78                sprintf
                0x0802ecec                _sprintf_r
 .text          0x0802ed4c      0x114 /package/eda/altera/altera13.0sp1/nios2eds/bin/gnu/H-i686-pc-linux-gnu/bin/../lib/gcc/nios2-elf/4.1.2/../../../../nios2-elf/lib/mno-hw-mul/libc.a(lib_a-sscanf.o)
                0x0802ed54                _sscanf_r
                0x0802eddc                sscanf
 .text          0x0802ee60      0x14c /package/eda/altera/altera13.0sp1/nios2eds/bin/gnu/H-i686-pc-linux-gnu/bin/../lib/gcc/nios2-elf/4.1.2/../../../../nios2-elf/lib/mno-hw-mul/libc.a(lib_a-stdio.o)
                0x0802ee60                __sclose
                0x0802ee68                __sseek
                0x0802eed0                __swrite
                0x0802ef4c                __sread
 .text          0x0802efac       0x14 /package/eda/altera/altera13.0sp1/nios2eds/bin/gnu/H-i686-pc-linux-gnu/bin/../lib/gcc/nios2-elf/4.1.2/../../../../nios2-elf/lib/mno-hw-mul/libc.a(lib_a-strdup.o)
                0x0802efac                strdup
 .text          0x0802efc0       0x68 /package/eda/altera/altera13.0sp1/nios2eds/bin/gnu/H-i686-pc-linux-gnu/bin/../lib/gcc/nios2-elf/4.1.2/../../../../nios2-elf/lib/mno-hw-mul/libc.a(lib_a-strdup_r.o)
                0x0802efc0                _strdup_r
 .text          0x0802f028       0x74 /package/eda/altera/altera13.0sp1/nios2eds/bin/gnu/H-i686-pc-linux-gnu/bin/../lib/gcc/nios2-elf/4.1.2/../../../../nios2-elf/lib/mno-hw-mul/libc.a(lib_a-strlen.o)
                0x0802f028                strlen
 .text          0x0802f09c       0xf0 /package/eda/altera/altera13.0sp1/nios2eds/bin/gnu/H-i686-pc-linux-gnu/bin/../lib/gcc/nios2-elf/4.1.2/../../../../nios2-elf/lib/mno-hw-mul/libc.a(lib_a-strncmp.o)
                0x0802f09c                strncmp
 .text          0x0802f18c     0x1f40 /package/eda/altera/altera13.0sp1/nios2eds/bin/gnu/H-i686-pc-linux-gnu/bin/../lib/gcc/nios2-elf/4.1.2/../../../../nios2-elf/lib/mno-hw-mul/libc.a(lib_a-vfprintf.o)
                0x0802f1e4                ___vfprintf_internal_r
                0x080310a8                __vfprintf_internal
 .text          0x080310cc     0x1788 /package/eda/altera/altera13.0sp1/nios2eds/bin/gnu/H-i686-pc-linux-gnu/bin/../lib/gcc/nios2-elf/4.1.2/../../../../nios2-elf/lib/mno-hw-mul/libc.a(lib_a-vfscanf.o)
                0x080310cc                __svfscanf_r
                0x08032754                __svfscanf
                0x08032778                _vfscanf_r
                0x080327e0                vfscanf
 .text          0x08032854      0x14c /package/eda/altera/altera13.0sp1/nios2eds/bin/gnu/H-i686-pc-linux-gnu/bin/../lib/gcc/nios2-elf/4.1.2/../../../../nios2-elf/lib/mno-hw-mul/libc.a(lib_a-wbuf.o)
                0x08032854                __swbuf_r
                0x08032984                __swbuf
 .text          0x080329a0       0x78 /package/eda/altera/altera13.0sp1/nios2eds/bin/gnu/H-i686-pc-linux-gnu/bin/../lib/gcc/nios2-elf/4.1.2/../../../../nios2-elf/lib/mno-hw-mul/libc.a(lib_a-writer.o)
                0x080329a0                _write_r
 .text          0x08032a18      0x13c /package/eda/altera/altera13.0sp1/nios2eds/bin/gnu/H-i686-pc-linux-gnu/bin/../lib/gcc/nios2-elf/4.1.2/../../../../nios2-elf/lib/mno-hw-mul/libc.a(lib_a-wsetup.o)
                0x08032a18                __swsetup_r
 .text          0x08032b54      0x1b4 /package/eda/altera/altera13.0sp1/nios2eds/bin/gnu/H-i686-pc-linux-gnu/bin/../lib/gcc/nios2-elf/4.1.2/../../../../nios2-elf/lib/mno-hw-mul/libc.a(lib_a-__call_atexit.o)
                0x08032b58                __call_exitprocs
 .text          0x08032d08       0x70 /package/eda/altera/altera13.0sp1/nios2eds/bin/gnu/H-i686-pc-linux-gnu/bin/../lib/gcc/nios2-elf/4.1.2/../../../../nios2-elf/lib/mno-hw-mul/libc.a(lib_a-closer.o)
                0x08032d08                _close_r
 .text          0x08032d78     0x17f8 /package/eda/altera/altera13.0sp1/nios2eds/bin/gnu/H-i686-pc-linux-gnu/bin/../lib/gcc/nios2-elf/4.1.2/../../../../nios2-elf/lib/mno-hw-mul/libc.a(lib_a-dtoa.o)
                0x08032fbc                _dtoa_r
 .text          0x08034570        0x0 /package/eda/altera/altera13.0sp1/nios2eds/bin/gnu/H-i686-pc-linux-gnu/bin/../lib/gcc/nios2-elf/4.1.2/../../../../nios2-elf/lib/mno-hw-mul/libc.a(lib_a-environ.o)
 .text          0x08034570       0xa0 /package/eda/altera/altera13.0sp1/nios2eds/bin/gnu/H-i686-pc-linux-gnu/bin/../lib/gcc/nios2-elf/4.1.2/../../../../nios2-elf/lib/mno-hw-mul/libc.a(lib_a-flags.o)
                0x08034570                __sflags
 .text          0x08034610      0x49c /package/eda/altera/altera13.0sp1/nios2eds/bin/gnu/H-i686-pc-linux-gnu/bin/../lib/gcc/nios2-elf/4.1.2/../../../../nios2-elf/lib/mno-hw-mul/libc.a(lib_a-fvwrite.o)
                0x08034610                __sfvwrite_r
 .text          0x08034aac       0x70 /package/eda/altera/altera13.0sp1/nios2eds/bin/gnu/H-i686-pc-linux-gnu/bin/../lib/gcc/nios2-elf/4.1.2/../../../../nios2-elf/lib/mno-hw-mul/libc.a(lib_a-isattyr.o)
                0x08034aac                _isatty_r
 .text          0x08034b1c       0x2c /package/eda/altera/altera13.0sp1/nios2eds/bin/gnu/H-i686-pc-linux-gnu/bin/../lib/gcc/nios2-elf/4.1.2/../../../../nios2-elf/lib/mno-hw-mul/libc.a(lib_a-iswspace.o)
                0x08034b1c                iswspace
 .text          0x08034b48       0xc4 /package/eda/altera/altera13.0sp1/nios2eds/bin/gnu/H-i686-pc-linux-gnu/bin/../lib/gcc/nios2-elf/4.1.2/../../../../nios2-elf/lib/mno-hw-mul/libc.a(lib_a-locale.o)
                0x08034b48                __locale_charset
                0x08034b50                _localeconv_r
                0x08034b5c                localeconv
                0x08034b6c                _setlocale_r
                0x08034bf0                setlocale
 .text          0x08034c0c       0x78 /package/eda/altera/altera13.0sp1/nios2eds/bin/gnu/H-i686-pc-linux-gnu/bin/../lib/gcc/nios2-elf/4.1.2/../../../../nios2-elf/lib/mno-hw-mul/libc.a(lib_a-lseekr.o)
                0x08034c0c                _lseek_r
 .text          0x08034c84       0xc0 /package/eda/altera/altera13.0sp1/nios2eds/bin/gnu/H-i686-pc-linux-gnu/bin/../lib/gcc/nios2-elf/4.1.2/../../../../nios2-elf/lib/mno-hw-mul/libc.a(lib_a-mbrtowc.o)
                0x08034c84                _mbrtowc_r
                0x08034d04                mbrtowc
 .text          0x08034d44       0x40 /package/eda/altera/altera13.0sp1/nios2eds/bin/gnu/H-i686-pc-linux-gnu/bin/../lib/gcc/nios2-elf/4.1.2/../../../../nios2-elf/lib/mno-hw-mul/libc.a(lib_a-mbtowc_r.o)
                0x08034d44                _mbtowc_r
 .text          0x08034d84       0xe4 /package/eda/altera/altera13.0sp1/nios2eds/bin/gnu/H-i686-pc-linux-gnu/bin/../lib/gcc/nios2-elf/4.1.2/../../../../nios2-elf/lib/mno-hw-mul/libc.a(lib_a-memchr.o)
                0x08034d84                memchr
 .text          0x08034e68       0xe0 /package/eda/altera/altera13.0sp1/nios2eds/bin/gnu/H-i686-pc-linux-gnu/bin/../lib/gcc/nios2-elf/4.1.2/../../../../nios2-elf/lib/mno-hw-mul/libc.a(lib_a-memmove.o)
                0x08034e68                memmove
 .text          0x08034f48     0x108c /package/eda/altera/altera13.0sp1/nios2eds/bin/gnu/H-i686-pc-linux-gnu/bin/../lib/gcc/nios2-elf/4.1.2/../../../../nios2-elf/lib/mno-hw-mul/libc.a(lib_a-mprec.o)
                0x08034f48                _Bfree
                0x08034f70                __hi0bits
                0x08034fe0                __lo0bits
                0x080350a4                __mcmp
                0x08035104                __ulp
                0x08035184                __b2d
                0x080352a4                __ratio
                0x08035354                _mprec_log10
                0x080353e8                __copybits
                0x08035440                __any_on
                0x080354c8                _Balloc
                0x08035584                __d2b
                0x08035700                __mdiff
                0x0803588c                __lshift
                0x080359d8                __multiply
                0x08035c2c                __i2b
                0x08035c68                __multadd
                0x08035d94                __pow5mult
                0x08035eb4                __s2b
 .text          0x08035fd4       0x78 /package/eda/altera/altera13.0sp1/nios2eds/bin/gnu/H-i686-pc-linux-gnu/bin/../lib/gcc/nios2-elf/4.1.2/../../../../nios2-elf/lib/mno-hw-mul/libc.a(lib_a-readr.o)
                0x08035fd4                _read_r
 .text          0x0803604c      0x5f4 /package/eda/altera/altera13.0sp1/nios2eds/bin/gnu/H-i686-pc-linux-gnu/bin/../lib/gcc/nios2-elf/4.1.2/../../../../nios2-elf/lib/mno-hw-mul/libc.a(lib_a-reallocr.o)
                0x0803604c                _realloc_r
 .text          0x08036640       0x40 /package/eda/altera/altera13.0sp1/nios2eds/bin/gnu/H-i686-pc-linux-gnu/bin/../lib/gcc/nios2-elf/4.1.2/../../../../nios2-elf/lib/mno-hw-mul/libc.a(lib_a-s_isinfd.o)
                0x08036640                __isinfd
 .text          0x08036680       0x30 /package/eda/altera/altera13.0sp1/nios2eds/bin/gnu/H-i686-pc-linux-gnu/bin/../lib/gcc/nios2-elf/4.1.2/../../../../nios2-elf/lib/mno-hw-mul/libc.a(lib_a-s_isnand.o)
                0x08036680                __isnand
 .text          0x080366b0       0xc0 /package/eda/altera/altera13.0sp1/nios2eds/bin/gnu/H-i686-pc-linux-gnu/bin/../lib/gcc/nios2-elf/4.1.2/../../../../nios2-elf/lib/mno-hw-mul/libc.a(lib_a-sccl.o)
                0x080366b0                __sccl
 .text          0x08036770        0x8 /package/eda/altera/altera13.0sp1/nios2eds/bin/gnu/H-i686-pc-linux-gnu/bin/../lib/gcc/nios2-elf/4.1.2/../../../../nios2-elf/lib/mno-hw-mul/libc.a(lib_a-sf_nan.o)
                0x08036770                nanf
 .text          0x08036778       0xbc /package/eda/altera/altera13.0sp1/nios2eds/bin/gnu/H-i686-pc-linux-gnu/bin/../lib/gcc/nios2-elf/4.1.2/../../../../nios2-elf/lib/mno-hw-mul/libc.a(lib_a-strcmp.o)
                0x08036778                strcmp
 .text          0x08036834     0x1754 /package/eda/altera/altera13.0sp1/nios2eds/bin/gnu/H-i686-pc-linux-gnu/bin/../lib/gcc/nios2-elf/4.1.2/../../../../nios2-elf/lib/mno-hw-mul/libc.a(lib_a-strtod.o)
                0x0803687c                _strtod_r
                0x08037e48                strtof
                0x08037f6c                strtod
 .text          0x08037f88      0x274 /package/eda/altera/altera13.0sp1/nios2eds/bin/gnu/H-i686-pc-linux-gnu/bin/../lib/gcc/nios2-elf/4.1.2/../../../../nios2-elf/lib/mno-hw-mul/libc.a(lib_a-strtol.o)
                0x08037f88                _strtol_r
                0x080381d8                strtol
 .text          0x080381fc      0x318 /package/eda/altera/altera13.0sp1/nios2eds/bin/gnu/H-i686-pc-linux-gnu/bin/../lib/gcc/nios2-elf/4.1.2/../../../../nios2-elf/lib/mno-hw-mul/libc.a(lib_a-strtoll_r.o)
                0x080381fc                _strtoll_r
 .text          0x08038514      0x264 /package/eda/altera/altera13.0sp1/nios2eds/bin/gnu/H-i686-pc-linux-gnu/bin/../lib/gcc/nios2-elf/4.1.2/../../../../nios2-elf/lib/mno-hw-mul/libc.a(lib_a-strtoul.o)
                0x08038514                _strtoul_r
                0x08038754                strtoul
 .text          0x08038778      0x2f0 /package/eda/altera/altera13.0sp1/nios2eds/bin/gnu/H-i686-pc-linux-gnu/bin/../lib/gcc/nios2-elf/4.1.2/../../../../nios2-elf/lib/mno-hw-mul/libc.a(lib_a-strtoull_r.o)
                0x08038778                _strtoull_r
 .text          0x08038a68      0x294 /package/eda/altera/altera13.0sp1/nios2eds/bin/gnu/H-i686-pc-linux-gnu/bin/../lib/gcc/nios2-elf/4.1.2/../../../../nios2-elf/lib/mno-hw-mul/libc.a(lib_a-ungetc.o)
                0x08038a68                __submore
                0x08038b44                _ungetc_r
                0x08038ce0                ungetc
 .text          0x08038cfc       0xc8 /package/eda/altera/altera13.0sp1/nios2eds/bin/gnu/H-i686-pc-linux-gnu/bin/../lib/gcc/nios2-elf/4.1.2/../../../../nios2-elf/lib/mno-hw-mul/libc.a(lib_a-callocr.o)
                0x08038cfc                _calloc_r
 .text          0x08038dc4      0x938 /package/eda/altera/altera13.0sp1/nios2eds/bin/gnu/H-i686-pc-linux-gnu/bin/../lib/gcc/nios2-elf/4.1.2/../../../../nios2-elf/lib/mno-hw-mul/libc.a(lib_a-gdtoa-gethex.o)
                0x08038de8                __hexdig_init
                0x08038f00                __gethex
 .text          0x080396fc      0x294 /package/eda/altera/altera13.0sp1/nios2eds/bin/gnu/H-i686-pc-linux-gnu/bin/../lib/gcc/nios2-elf/4.1.2/../../../../nios2-elf/lib/mno-hw-mul/libc.a(lib_a-gdtoa-hexnan.o)
                0x08039748                __hexnan
 .text          0x08039990       0xa4 /package/eda/altera/altera13.0sp1/nios2eds/bin/gnu/H-i686-pc-linux-gnu/bin/../lib/gcc/nios2-elf/4.1.2/mno-hw-mul/libgcc.a(_fixunsdfsi.o)
                0x08039990                __fixunsdfsi
 .text          0x08039a34      0x66c /package/eda/altera/altera13.0sp1/nios2eds/bin/gnu/H-i686-pc-linux-gnu/bin/../lib/gcc/nios2-elf/4.1.2/mno-hw-mul/libgcc.a(_udivdi3.o)
                0x08039a34                __udivdi3
 .text          0x0803a0a0      0x660 /package/eda/altera/altera13.0sp1/nios2eds/bin/gnu/H-i686-pc-linux-gnu/bin/../lib/gcc/nios2-elf/4.1.2/mno-hw-mul/libgcc.a(_umoddi3.o)
                0x0803a0a0                __umoddi3
 .text          0x0803a700       0x78 /package/eda/altera/altera13.0sp1/nios2eds/bin/gnu/H-i686-pc-linux-gnu/bin/../lib/gcc/nios2-elf/4.1.2/mno-hw-mul/libgcc.a(_ne_sf.o)
                0x0803a700                __nesf2
 .text          0x0803a778       0x78 /package/eda/altera/altera13.0sp1/nios2eds/bin/gnu/H-i686-pc-linux-gnu/bin/../lib/gcc/nios2-elf/4.1.2/mno-hw-mul/libgcc.a(_gt_sf.o)
                0x0803a778                __gtsf2
 .text          0x0803a7f0       0x78 /package/eda/altera/altera13.0sp1/nios2eds/bin/gnu/H-i686-pc-linux-gnu/bin/../lib/gcc/nios2-elf/4.1.2/mno-hw-mul/libgcc.a(_lt_sf.o)
                0x0803a7f0                __ltsf2
 .text          0x0803a868      0x504 /package/eda/altera/altera13.0sp1/nios2eds/bin/gnu/H-i686-pc-linux-gnu/bin/../lib/gcc/nios2-elf/4.1.2/mno-hw-mul/libgcc.a(_addsub_df.o)
                0x0803ac78                __subdf3
                0x0803acf8                __adddf3
 .text          0x0803ad6c       0x88 /package/eda/altera/altera13.0sp1/nios2eds/bin/gnu/H-i686-pc-linux-gnu/bin/../lib/gcc/nios2-elf/4.1.2/mno-hw-mul/libgcc.a(_eq_df.o)
                0x0803ad6c                __eqdf2
 .text          0x0803adf4       0x88 /package/eda/altera/altera13.0sp1/nios2eds/bin/gnu/H-i686-pc-linux-gnu/bin/../lib/gcc/nios2-elf/4.1.2/mno-hw-mul/libgcc.a(_ne_df.o)
                0x0803adf4                __nedf2
 .text          0x0803ae7c       0x88 /package/eda/altera/altera13.0sp1/nios2eds/bin/gnu/H-i686-pc-linux-gnu/bin/../lib/gcc/nios2-elf/4.1.2/mno-hw-mul/libgcc.a(_gt_df.o)
                0x0803ae7c                __gtdf2
 .text          0x0803af04       0x88 /package/eda/altera/altera13.0sp1/nios2eds/bin/gnu/H-i686-pc-linux-gnu/bin/../lib/gcc/nios2-elf/4.1.2/mno-hw-mul/libgcc.a(_ge_df.o)
                0x0803af04                __gedf2
 .text          0x0803af8c       0x88 /package/eda/altera/altera13.0sp1/nios2eds/bin/gnu/H-i686-pc-linux-gnu/bin/../lib/gcc/nios2-elf/4.1.2/mno-hw-mul/libgcc.a(_lt_df.o)
                0x0803af8c                __ltdf2
 .text          0x0803b014       0x88 /package/eda/altera/altera13.0sp1/nios2eds/bin/gnu/H-i686-pc-linux-gnu/bin/../lib/gcc/nios2-elf/4.1.2/mno-hw-mul/libgcc.a(_le_df.o)
                0x0803b014                __ledf2
 .text          0x0803b09c       0xf8 /package/eda/altera/altera13.0sp1/nios2eds/bin/gnu/H-i686-pc-linux-gnu/bin/../lib/gcc/nios2-elf/4.1.2/mno-hw-mul/libgcc.a(_si_to_df.o)
                0x0803b09c                __floatsidf
 .text          0x0803b194       0xd8 /package/eda/altera/altera13.0sp1/nios2eds/bin/gnu/H-i686-pc-linux-gnu/bin/../lib/gcc/nios2-elf/4.1.2/mno-hw-mul/libgcc.a(_df_to_si.o)
                0x0803b194                __fixdfsi
 .text          0x0803b26c       0xa8 /package/eda/altera/altera13.0sp1/nios2eds/bin/gnu/H-i686-pc-linux-gnu/bin/../lib/gcc/nios2-elf/4.1.2/mno-hw-mul/libgcc.a(_fpcmp_parts_sf.o)
                0x0803b26c                __fpcmp_parts_f
 .text          0x0803b314       0xc8 /package/eda/altera/altera13.0sp1/nios2eds/bin/gnu/H-i686-pc-linux-gnu/bin/../lib/gcc/nios2-elf/4.1.2/mno-hw-mul/libgcc.a(_fpcmp_parts_df.o)
                0x0803b314                __fpcmp_parts_d
 .text          0x0803b3dc       0xf4 ../demo_board_bsp//libhal_bsp.a(alt_close.o)
                0x0803b3dc                close
 .text          0x0803b4d0        0x8 ../demo_board_bsp//libhal_bsp.a(alt_dev.o)
 .text          0x0803b4d8        0x8 ../demo_board_bsp//libhal_bsp.a(alt_env_lock.o)
                0x0803b4d8                __env_lock
                0x0803b4dc                __env_unlock
 .text          0x0803b4e0        0x0 ../demo_board_bsp//libhal_bsp.a(alt_errno.o)
 .text          0x0803b4e0       0x14 ../demo_board_bsp//libhal_bsp.a(alt_exit.o)
                0x0803b4e0                _exit
 .text          0x0803b4f4       0xac ../demo_board_bsp//libhal_bsp.a(alt_fstat.o)
                0x0803b4f4                fstat
 .text          0x0803b5a0       0xa4 ../demo_board_bsp//libhal_bsp.a(alt_isatty.o)
                0x0803b5a0                isatty
 .text          0x0803b644       0xb4 ../demo_board_bsp//libhal_bsp.a(alt_load.o)
                0x0803b644                alt_load
 .text          0x0803b6f8       0xbc ../demo_board_bsp//libhal_bsp.a(alt_lseek.o)
                0x0803b6f8                lseek
 .text          0x0803b7b4       0x60 ../demo_board_bsp//libhal_bsp.a(alt_main.o)
                0x0803b7b4                alt_main
 .text          0x0803b814        0x8 ../demo_board_bsp//libhal_bsp.a(alt_malloc_lock.o)
                0x0803b814                __malloc_lock
                0x0803b818                __malloc_unlock
 .text          0x0803b81c      0x18c ../demo_board_bsp//libhal_bsp.a(alt_open.o)
                0x0803b81c                open
 .text          0x0803b9a8      0x140 ../demo_board_bsp//libhal_bsp.a(alt_read.o)
                0x0803b9a8                read
 .text          0x0803bae8       0x5c ../demo_board_bsp//libhal_bsp.a(alt_release_fd.o)
                0x0803bae8                alt_release_fd
 .text          0x0803bb44       0x54 ../demo_board_bsp//libhal_bsp.a(alt_sbrk.o)
                0x0803bb44                sbrk
 .text          0x0803bb98      0x13c ../demo_board_bsp//libhal_bsp.a(alt_write.o)
                0x0803bb98                write
 .text          0x0803bcd4      0x160 ../demo_board_bsp//libhal_bsp.a(alt_sys_init.o)
                0x0803bcd4                alt_irq_init
                0x0803bcf4                alt_sys_init
 .text          0x0803be34      0x580 ../demo_board_bsp//libhal_bsp.a(altera_avalon_cfi_flash.o)
                0x0803be34                alt_flash_cfi_get_info
                0x0803be6c                alt_flash_program_block
                0x0803c0f8                alt_write_value_to_flash
                0x0803c190                alt_flash_cfi_read
                0x0803c1bc                alt_flash_cfi_write
                0x0803c34c                alt_flash_cfi_init
 .text          0x0803c3b4      0xc28 ../demo_board_bsp//libhal_bsp.a(altera_avalon_cfi_flash_table.o)
                0x0803c3b4                alt_set_flash_width_func
                0x0803c4e4                alt_set_flash_algorithm_func
                0x0803c554                alt_read_query_entry_8bit
                0x0803c568                alt_read_query_entry_16bit
                0x0803c580                alt_read_query_entry_32bit
                0x0803c59c                alt_write_native_32bit
                0x0803c5a4                alt_write_flash_command_32bit_device_32bit_mode
                0x0803c5bc                alt_write_native_16bit
                0x0803c5c8                alt_write_flash_command_32bit_device_16bit_mode
                0x0803c5e0                alt_write_flash_command_16bit_device_16bit_mode
                0x0803c5f4                alt_write_native_8bit
                0x0803c600                alt_write_flash_command_32bit_device_8bit_mode
                0x0803c618                alt_write_flash_command_16bit_device_8bit_mode
                0x0803c640                alt_write_flash_command_8bit_device_8bit_mode
                0x0803c650                alt_read_cfi_width
                0x0803cb1c                alt_check_primary_table
                0x0803cbf4                alt_read_cfi_table
 .text          0x0803cfdc       0x3c ../demo_board_bsp//libhal_bsp.a(altera_avalon_jtag_uart_fd.o)
                0x0803cfdc                altera_avalon_jtag_uart_ioctl_fd
                0x0803cfe8                altera_avalon_jtag_uart_close_fd
                0x0803cff8                altera_avalon_jtag_uart_write_fd
                0x0803d008                altera_avalon_jtag_uart_read_fd
 .text          0x0803d018      0x228 ../demo_board_bsp//libhal_bsp.a(altera_avalon_jtag_uart_init.o)
                0x0803d018                altera_avalon_jtag_uart_close
                0x0803d0b8                altera_avalon_jtag_uart_init
 .text          0x0803d240       0x88 ../demo_board_bsp//libhal_bsp.a(altera_avalon_jtag_uart_ioctl.o)
                0x0803d240                altera_avalon_jtag_uart_ioctl
 .text          0x0803d2c8      0x16c ../demo_board_bsp//libhal_bsp.a(altera_avalon_jtag_uart_read.o)
                0x0803d2c8                altera_avalon_jtag_uart_read
 .text          0x0803d434      0x184 ../demo_board_bsp//libhal_bsp.a(altera_avalon_jtag_uart_write.o)
                0x0803d434                altera_avalon_jtag_uart_write
 .text          0x0803d5b8       0x80 ../demo_board_bsp//libhal_bsp.a(altera_avalon_performance_counter.o)
                0x0803d5b8                alt_get_performance_counter_base
                0x0803d5c4                alt_get_cpu_freq
                0x0803d5d0                perf_get_num_starts
                0x0803d5e0                perf_get_section_time
                0x0803d610                perf_get_total_time
 .text          0x0803d638      0x97c ../demo_board_bsp//libhal_bsp.a(altera_ro_zipfs.o)
                0x0803d638                check_directory_header
                0x0803d784                alt_ro_zipfs_fstat
                0x0803d8c0                alt_ro_zipfs_check_valid
                0x0803daac                alt_ro_zipfs_open
                0x0803dc8c                alt_ro_zipfs_seek
                0x0803de34                alt_ro_zipfs_read
 .text          0x0803dfb4      0xd0c ../demo_board_bsp//libhal_bsp.a(altera_up_avalon_video_pixel_buffer_dma.o)
                0x0803dfb4                helper_plot_pixel
                0x0803e084                alt_up_pixel_buffer_dma_draw_vline
                0x0803e268                alt_up_pixel_buffer_dma_draw_hline
                0x0803e438                alt_up_pixel_buffer_dma_draw_rectangle
                0x0803e504                alt_up_pixel_buffer_dma_draw_box
                0x0803e780                alt_up_pixel_buffer_dma_clear_screen
                0x0803e848                alt_up_pixel_buffer_dma_swap_buffers
                0x0803e86c                alt_up_pixel_buffer_dma_draw
                0x0803e960                alt_up_pixel_buffer_dma_check_swap_buffers_status
                0x0803e970                alt_up_pixel_buffer_dma_change_back_buffer_address
                0x0803e998                alt_up_pixel_buffer_dma_open_dev
                0x0803e9a4                alt_up_pixel_buffer_dma_draw_line
 .text          0x0803ecc0      0x1ec ../demo_board_bsp//libhal_bsp.a(perf_print_formatted_report.o)
                0x0803ecc0                perf_print_formatted_report
 .text          0x0803eeac       0x94 ../demo_board_bsp//libhal_bsp.a(alt_alarm_start.o)
                0x0803eeac                alt_alarm_start
 .text          0x0803ef40        0x4 ../demo_board_bsp//libhal_bsp.a(alt_dcache_flush.o)
                0x0803ef40                alt_dcache_flush
 .text          0x0803ef44        0x4 ../demo_board_bsp//libhal_bsp.a(alt_dcache_flush_all.o)
                0x0803ef44                alt_dcache_flush_all
 .text          0x0803ef48       0x7c ../demo_board_bsp//libhal_bsp.a(alt_dev_llist_insert.o)
                0x0803ef48                alt_dev_llist_insert
 .text          0x0803efc4       0x4c ../demo_board_bsp//libhal_bsp.a(alt_do_ctors.o)
                0x0803efc4                _do_ctors
 .text          0x0803f010       0x4c ../demo_board_bsp//libhal_bsp.a(alt_do_dtors.o)
                0x0803f010                _do_dtors
 .text          0x0803f05c       0x94 ../demo_board_bsp//libhal_bsp.a(alt_find_dev.o)
                0x0803f05c                alt_find_dev
 .text          0x0803f0f0       0xb0 ../demo_board_bsp//libhal_bsp.a(alt_find_file.o)
                0x0803f0f0                alt_find_file
 .text          0x0803f1a0       0x60 ../demo_board_bsp//libhal_bsp.a(alt_flash_dev.o)
                0x0803f1a0                alt_flash_close_dev
                0x0803f1b4                alt_flash_open_dev
 .text          0x0803f200       0x38 ../demo_board_bsp//libhal_bsp.a(alt_fs_reg.o)
                0x0803f200                alt_fs_reg
 .text          0x0803f238       0x60 ../demo_board_bsp//libhal_bsp.a(alt_get_fd.o)
                0x0803f238                alt_get_fd
 .text          0x0803f298        0x4 ../demo_board_bsp//libhal_bsp.a(alt_icache_flush_all.o)
                0x0803f298                alt_icache_flush_all
 .text          0x0803f29c       0x9c ../demo_board_bsp//libhal_bsp.a(alt_iic.o)
                0x0803f29c                alt_ic_irq_enabled
                0x0803f2b4                alt_ic_irq_enable
                0x0803f2f4                alt_ic_irq_disable
                0x0803f334                alt_ic_isr_register
 .text          0x0803f338       0x88 ../demo_board_bsp//libhal_bsp.a(alt_iic_isr_register.o)
                0x0803f338                alt_iic_isr_register
 .text          0x0803f3c0      0x14c ../demo_board_bsp//libhal_bsp.a(alt_io_redirect.o)
                0x0803f3c0                alt_io_redirect
 .text          0x0803f50c        0x0 ../demo_board_bsp//libhal_bsp.a(alt_irq_entry.o)
 .text          0x0803f50c        0x0 ../demo_board_bsp//libhal_bsp.a(alt_irq_handler.o)
 .text          0x0803f50c        0x0 ../demo_board_bsp//libhal_bsp.a(alt_irq_vars.o)
 .text          0x0803f50c      0x11c ../demo_board_bsp//libhal_bsp.a(alt_tick.o)
                0x0803f50c                alt_alarm_stop
                0x0803f540                alt_tick
 .text          0x0803f628        0x8 ../demo_board_bsp//libhal_bsp.a(altera_nios2_qsys_irq.o)
                0x0803f628                altera_nios2_qsys_irq_init
 .text          0x0803f630      0x2ec ../demo_board_bsp//libhal_bsp.a(altera_avalon_cfi_flash_amd.o)
                0x0803f630                alt_erase_block_amd
                0x0803f7ac                alt_program_amd
 .text          0x0803f91c      0x330 ../demo_board_bsp//libhal_bsp.a(altera_avalon_cfi_flash_intel.o)
                0x0803fa24                alt_erase_block_intel
                0x0803fb28                alt_program_intel
 .text          0x0803fc4c        0x0 ../demo_board_bsp//libhal_bsp.a(alt_exception_entry.o)
 .text          0x0803fc4c        0x4 ../demo_board_bsp//libhal_bsp.a(alt_usleep.o)
                0x0803fc4c                usleep
 .text          0x0803fc50       0xa4 ../demo_board_bsp//libhal_bsp.a(alt_busy_sleep.o)
                0x0803fc50                alt_busy_sleep
 .text          0x0803fcf4       0x14 /package/eda/altera/altera13.0sp1/nios2eds/bin/gnu/H-i686-pc-linux-gnu/bin/../lib/gcc/nios2-elf/4.1.2/../../../../nios2-elf/lib/mno-hw-mul/libc.a(lib_a-atexit.o)
                0x0803fcf4                atexit
 .text          0x0803fd08       0x74 /package/eda/altera/altera13.0sp1/nios2eds/bin/gnu/H-i686-pc-linux-gnu/bin/../lib/gcc/nios2-elf/4.1.2/../../../../nios2-elf/lib/mno-hw-mul/libc.a(lib_a-memcmp.o)
                0x0803fd08                memcmp
 .text          0x0803fd7c      0x134 /package/eda/altera/altera13.0sp1/nios2eds/bin/gnu/H-i686-pc-linux-gnu/bin/../lib/gcc/nios2-elf/4.1.2/../../../../nios2-elf/lib/mno-hw-mul/libc.a(lib_a-__atexit.o)
                0x0803fd7c                __register_exitproc
 .text          0x0803feb0       0x88 /package/eda/altera/altera13.0sp1/nios2eds/bin/gnu/H-i686-pc-linux-gnu/bin/../lib/gcc/nios2-elf/4.1.2/mno-hw-mul/libgcc.a(_floatundidf.o)
                0x0803feb0                __floatundidf
 *(.gnu.warning.*)
 *(.fini)
                0x0803ff38                PROVIDE (__etext, ABSOLUTE (.))
                0x0803ff38                PROVIDE (_etext, ABSOLUTE (.))
                0x0803ff38                PROVIDE (etext, ABSOLUTE (.))
 *(.eh_frame_hdr)
                0x0803ff38                . = ALIGN (0x4)
                0x0803ff38                PROVIDE (__preinit_array_start, ABSOLUTE (.))
 *(.preinit_array)
                0x0803ff38                PROVIDE (__preinit_array_end, ABSOLUTE (.))
                0x0803ff38                PROVIDE (__init_array_start, ABSOLUTE (.))
 *(.init_array)
                0x0803ff38                PROVIDE (__init_array_end, ABSOLUTE (.))
                0x0803ff38                PROVIDE (__fini_array_start, ABSOLUTE (.))
 *(.fini_array)
                0x0803ff38                PROVIDE (__fini_array_end, ABSOLUTE (.))
 *(.eh_frame)
 *(.gcc_except_table)
 *(.dynamic)
                0x0803ff38                PROVIDE (__CTOR_LIST__, ABSOLUTE (.))
 *(.ctors)
 *(SORT(.ctors.*))
 .ctors.65535   0x0803ff38        0x4 /package/eda/altera/altera13.0sp1/nios2eds/bin/gnu/H-i686-pc-linux-gnu/bin/../lib/gcc/nios2-elf/4.1.2/../../../../nios2-elf/lib/mno-hw-mul/libc.a(lib_a-__call_atexit.o)
                0x0803ff3c                PROVIDE (__CTOR_END__, ABSOLUTE (.))
                0x0803ff3c                PROVIDE (__DTOR_LIST__, ABSOLUTE (.))
 *(.dtors)
 *(SORT(.dtors.*))
                0x0803ff3c                PROVIDE (__DTOR_END__, ABSOLUTE (.))
 *(.jcr)
                0x0803ff3c                . = ALIGN (0x4)

.rodata         0x0803ff3c     0x30b0
                0x0803ff3c                PROVIDE (__ram_rodata_start, ABSOLUTE (.))
                0x0803ff3c                . = ALIGN (0x4)
 *(.rodata .rodata.* .gnu.linkonce.r.*)
 .rodata.str1.4
                0x0803ff3c      0xcbb obj/default/djpeg.o
                                0xcd4 (size before relaxing)
 *fill*         0x08040bf7        0x1 00
 .rodata        0x08040bf8       0xb0 obj/default/djpeg.o
 .rodata        0x08040ca8       0xc0 obj/default/jcdctmgr.o
 .rodata        0x08040d68      0x3a0 obj/default/jcparam.o
 .rodata        0x08041108       0xc0 obj/default/jddctmgr.o
 .rodata        0x080411c8       0x80 obj/default/jdhuff.o
 .rodata        0x08041248       0x80 obj/default/jdphuff.o
 .rodata.str1.4
                0x080412c8     0x115b obj/default/jerror.o
                               0x1190 (size before relaxing)
 *fill*         0x08042423        0x1 00
 .rodata        0x08042424      0x1e4 obj/default/jerror.o
                0x08042424                jpeg_std_message_table
 .rodata.str1.4
                0x08042608        0x8 obj/default/jmemmgr.o
                                 0x10 (size before relaxing)
 .rodata        0x08042610      0x10c obj/default/jquant1.o
 .rodata        0x0804271c      0x140 obj/default/jutils.o
                0x0804271c                jpeg_natural_order
 .rodata.str1.4
                0x0804285c       0x23 obj/default/wrppm.o
                                 0x24 (size before relaxing)
 *fill*         0x0804287f        0x1 00
 .rodata        0x08042880       0x10 /package/eda/altera/altera13.0sp1/nios2eds/bin/gnu/H-i686-pc-linux-gnu/bin/../lib/gcc/nios2-elf/4.1.2/mno-hw-mul/libgcc.a(_thenan_sf.o)
                0x08042880                __thenan_sf
 .rodata        0x08042890       0x14 /package/eda/altera/altera13.0sp1/nios2eds/bin/gnu/H-i686-pc-linux-gnu/bin/../lib/gcc/nios2-elf/4.1.2/mno-hw-mul/libgcc.a(_thenan_df.o)
                0x08042890                __thenan_df
 .rodata        0x080428a4      0x100 /package/eda/altera/altera13.0sp1/nios2eds/bin/gnu/H-i686-pc-linux-gnu/bin/../lib/gcc/nios2-elf/4.1.2/mno-hw-mul/libgcc.a(_clz.o)
                0x080428a4                __clz_tab
 .rodata        0x080429a4      0x281 /package/eda/altera/altera13.0sp1/nios2eds/bin/gnu/H-i686-pc-linux-gnu/bin/../lib/gcc/nios2-elf/4.1.2/../../../../nios2-elf/lib/mno-hw-mul/libc.a(lib_a-ctype_.o)
                0x080429a4                _ctype_
 *fill*         0x08042c25        0x3 00
 .rodata.str1.4
                0x08042c28        0x2 /package/eda/altera/altera13.0sp1/nios2eds/bin/gnu/H-i686-pc-linux-gnu/bin/../lib/gcc/nios2-elf/4.1.2/../../../../nios2-elf/lib/mno-hw-mul/libc.a(lib_a-impure.o)
                                  0x4 (size before relaxing)
 .rodata.str1.4
                0x00000000        0x2 /package/eda/altera/altera13.0sp1/nios2eds/bin/gnu/H-i686-pc-linux-gnu/bin/../lib/gcc/nios2-elf/4.1.2/../../../../nios2-elf/lib/mno-hw-mul/libc.a(lib_a-puts.o)
                                  0x4 (size before relaxing)
 *fill*         0x08042c2a        0x2 00
 .rodata.str1.4
                0x08042c2c       0x5a /package/eda/altera/altera13.0sp1/nios2eds/bin/gnu/H-i686-pc-linux-gnu/bin/../lib/gcc/nios2-elf/4.1.2/../../../../nios2-elf/lib/mno-hw-mul/libc.a(lib_a-vfprintf.o)
                                 0x60 (size before relaxing)
 .rodata        0x08042c86       0x20 /package/eda/altera/altera13.0sp1/nios2eds/bin/gnu/H-i686-pc-linux-gnu/bin/../lib/gcc/nios2-elf/4.1.2/../../../../nios2-elf/lib/mno-hw-mul/libc.a(lib_a-vfprintf.o)
 *fill*         0x08042ca6        0x2 00
 .rodata.str1.4
                0x08042ca8        0x5 /package/eda/altera/altera13.0sp1/nios2eds/bin/gnu/H-i686-pc-linux-gnu/bin/../lib/gcc/nios2-elf/4.1.2/../../../../nios2-elf/lib/mno-hw-mul/libc.a(lib_a-vfscanf.o)
                                  0x8 (size before relaxing)
 *fill*         0x08042cad        0x1 00
 .rodata        0x08042cae       0x22 /package/eda/altera/altera13.0sp1/nios2eds/bin/gnu/H-i686-pc-linux-gnu/bin/../lib/gcc/nios2-elf/4.1.2/../../../../nios2-elf/lib/mno-hw-mul/libc.a(lib_a-vfscanf.o)
 .rodata.str1.4
                0x08042cd0       0x10 /package/eda/altera/altera13.0sp1/nios2eds/bin/gnu/H-i686-pc-linux-gnu/bin/../lib/gcc/nios2-elf/4.1.2/../../../../nios2-elf/lib/mno-hw-mul/libc.a(lib_a-dtoa.o)
                                 0x14 (size before relaxing)
 .rodata.str1.4
                0x08042ce0        0xf /package/eda/altera/altera13.0sp1/nios2eds/bin/gnu/H-i686-pc-linux-gnu/bin/../lib/gcc/nios2-elf/4.1.2/../../../../nios2-elf/lib/mno-hw-mul/libc.a(lib_a-locale.o)
                                 0x18 (size before relaxing)
 *fill*         0x08042cef        0x1 00
 .rodata        0x08042cf0       0x30 /package/eda/altera/altera13.0sp1/nios2eds/bin/gnu/H-i686-pc-linux-gnu/bin/../lib/gcc/nios2-elf/4.1.2/../../../../nios2-elf/lib/mno-hw-mul/libc.a(lib_a-locale.o)
 .rodata.str1.4
                0x00000000        0x4 /package/eda/altera/altera13.0sp1/nios2eds/bin/gnu/H-i686-pc-linux-gnu/bin/../lib/gcc/nios2-elf/4.1.2/../../../../nios2-elf/lib/mno-hw-mul/libc.a(lib_a-mbrtowc.o)
 .rodata        0x08042d20      0x124 /package/eda/altera/altera13.0sp1/nios2eds/bin/gnu/H-i686-pc-linux-gnu/bin/../lib/gcc/nios2-elf/4.1.2/../../../../nios2-elf/lib/mno-hw-mul/libc.a(lib_a-mprec.o)
                0x08042d20                __mprec_tens
                0x08042de8                __mprec_bigtens
                0x08042e10                __mprec_tinytens
 .rodata.str1.4
                0x08042e44        0xf /package/eda/altera/altera13.0sp1/nios2eds/bin/gnu/H-i686-pc-linux-gnu/bin/../lib/gcc/nios2-elf/4.1.2/../../../../nios2-elf/lib/mno-hw-mul/libc.a(lib_a-strtod.o)
                                 0x10 (size before relaxing)
 *fill*         0x08042e53        0x1 00
 .rodata        0x08042e54       0x28 /package/eda/altera/altera13.0sp1/nios2eds/bin/gnu/H-i686-pc-linux-gnu/bin/../lib/gcc/nios2-elf/4.1.2/../../../../nios2-elf/lib/mno-hw-mul/libc.a(lib_a-strtod.o)
 .rodata.str1.4
                0x08042e7c       0x1b /package/eda/altera/altera13.0sp1/nios2eds/bin/gnu/H-i686-pc-linux-gnu/bin/../lib/gcc/nios2-elf/4.1.2/../../../../nios2-elf/lib/mno-hw-mul/libc.a(lib_a-gdtoa-gethex.o)
                                 0x1c (size before relaxing)
 *fill*         0x08042e97        0x1 00
 .rodata.str1.4
                0x08042e98        0xa ../demo_board_bsp//libhal_bsp.a(alt_dev.o)
                                  0xc (size before relaxing)
 *fill*         0x08042ea2        0x2 00
 .rodata.str1.4
                0x08042ea4       0x11 ../demo_board_bsp//libhal_bsp.a(alt_main.o)
                                 0x14 (size before relaxing)
 *fill*         0x08042eb5        0x3 00
 .rodata.str1.4
                0x08042eb8       0x31 ../demo_board_bsp//libhal_bsp.a(alt_sys_init.o)
                                 0x68 (size before relaxing)
 *fill*         0x08042ee9        0x3 00
 .rodata.str1.4
                0x08042eec      0x100 ../demo_board_bsp//libhal_bsp.a(perf_print_formatted_report.o)
 *(.rodata1)
                0x08042fec                . = ALIGN (0x4)
                0x08042fec                PROVIDE (__ram_rodata_end, ABSOLUTE (.))
                0x0803ff3c                PROVIDE (__flash_rodata_start, LOADADDR (.rodata))

.rwdata         0x08042fec     0x1d00 load address 0x08044cec
                0x08042fec                PROVIDE (__ram_rwdata_start, ABSOLUTE (.))
                0x08042fec                . = ALIGN (0x4)
 *(.got.plt)
 *(.got)
 *(.data1)
 *(.data .data.* .gnu.linkonce.d.*)
 .data          0x08042fec        0x0 ../demo_board_bsp//obj/HAL/src/crt0.o
 .data          0x08042fec        0x0 obj/default/cdjpeg.o
 .data          0x08042fec        0x0 obj/default/djpeg.o
 .data          0x08042fec        0x0 obj/default/jcapimin.o
 .data          0x08042fec        0x0 obj/default/jcapistd.o
 .data          0x08042fec        0x0 obj/default/jccoefct.o
 .data          0x08042fec        0x0 obj/default/jccolor.o
 .data          0x08042fec        0x0 obj/default/jcdctmgr.o
 .data          0x08042fec        0x0 obj/default/jchuff.o
 .data          0x08042fec        0x0 obj/default/jcinit.o
 .data          0x08042fec        0x0 obj/default/jcmainct.o
 .data          0x08042fec        0x0 obj/default/jcmarker.o
 .data          0x08042fec        0x0 obj/default/jcmaster.o
 .data          0x08042fec        0x0 obj/default/jcomapi.o
 .data          0x08042fec        0x0 obj/default/jcparam.o
 .data          0x08042fec        0x0 obj/default/jcphuff.o
 .data          0x08042fec        0x0 obj/default/jcprepct.o
 .data          0x08042fec        0x0 obj/default/jcsample.o
 .data          0x08042fec        0x0 obj/default/jctrans.o
 .data          0x08042fec        0x0 obj/default/jdapimin.o
 .data          0x08042fec        0x0 obj/default/jdapistd.o
 .data          0x08042fec        0x0 obj/default/jdatadst.o
 .data          0x08042fec        0x0 obj/default/jdatasrc.o
 .data          0x08042fec        0x0 obj/default/jdcoefct.o
 .data          0x08042fec        0x0 obj/default/jdcolor.o
 .data          0x08042fec        0x0 obj/default/jddctmgr.o
 .data          0x08042fec        0x0 obj/default/jdhuff.o
 .data          0x08042fec        0x0 obj/default/jdinput.o
 .data          0x08042fec        0x0 obj/default/jdmainct.o
 .data          0x08042fec        0x0 obj/default/jdmarker.o
 .data          0x08042fec        0x0 obj/default/jdmaster.o
 .data          0x08042fec        0x0 obj/default/jdmerge.o
 .data          0x08042fec        0x0 obj/default/jdphuff.o
 .data          0x08042fec        0x0 obj/default/jdpostct.o
 .data          0x08042fec        0x0 obj/default/jdsample.o
 .data          0x08042fec        0x0 obj/default/jdtrans.o
 .data          0x08042fec        0x0 obj/default/jerror.o
 .data          0x08042fec        0x0 obj/default/jfdctflt.o
 .data          0x08042fec        0x0 obj/default/jfdctfst.o
 .data          0x08042fec        0x0 obj/default/jfdctint.o
 .data          0x08042fec        0x0 obj/default/jidctflt.o
 .data          0x08042fec        0x0 obj/default/jidctfst.o
 .data          0x08042fec        0x0 obj/default/jidctint.o
 .data          0x08042fec        0x0 obj/default/jidctred.o
 .data          0x08042fec        0x0 obj/default/jmemmgr.o
 .data          0x08042fec        0x0 obj/default/jmemnobs.o
 .data          0x08042fec        0x0 obj/default/jquant1.o
 .data          0x08042fec        0x0 obj/default/jquant2.o
 .data          0x08042fec        0x0 obj/default/jutils.o
 .data          0x08042fec        0x0 obj/default/rdcolmap.o
 .data          0x08042fec        0x0 obj/default/wrbmp.o
 .data          0x08042fec        0x0 obj/default/wrgif.o
 .data          0x08042fec        0x0 obj/default/wrppm.o
 .data          0x08042fec        0x0 obj/default/wrrle.o
 .data          0x08042fec        0x0 obj/default/wrtarga.o
 .data          0x08042fec        0x0 /package/eda/altera/altera13.0sp1/nios2eds/bin/gnu/H-i686-pc-linux-gnu/bin/../lib/gcc/nios2-elf/4.1.2/mno-hw-mul/libgcc.a(_addsub_sf.o)
 .data          0x08042fec        0x0 /package/eda/altera/altera13.0sp1/nios2eds/bin/gnu/H-i686-pc-linux-gnu/bin/../lib/gcc/nios2-elf/4.1.2/mno-hw-mul/libgcc.a(_mul_sf.o)
 .data          0x08042fec        0x0 /package/eda/altera/altera13.0sp1/nios2eds/bin/gnu/H-i686-pc-linux-gnu/bin/../lib/gcc/nios2-elf/4.1.2/mno-hw-mul/libgcc.a(_si_to_sf.o)
 .data          0x08042fec        0x0 /package/eda/altera/altera13.0sp1/nios2eds/bin/gnu/H-i686-pc-linux-gnu/bin/../lib/gcc/nios2-elf/4.1.2/mno-hw-mul/libgcc.a(_sf_to_si.o)
 .data          0x08042fec        0x0 /package/eda/altera/altera13.0sp1/nios2eds/bin/gnu/H-i686-pc-linux-gnu/bin/../lib/gcc/nios2-elf/4.1.2/mno-hw-mul/libgcc.a(_thenan_sf.o)
 .data          0x08042fec        0x0 /package/eda/altera/altera13.0sp1/nios2eds/bin/gnu/H-i686-pc-linux-gnu/bin/../lib/gcc/nios2-elf/4.1.2/mno-hw-mul/libgcc.a(_mul_df.o)
 .data          0x08042fec        0x0 /package/eda/altera/altera13.0sp1/nios2eds/bin/gnu/H-i686-pc-linux-gnu/bin/../lib/gcc/nios2-elf/4.1.2/mno-hw-mul/libgcc.a(_div_df.o)
 .data          0x08042fec        0x0 /package/eda/altera/altera13.0sp1/nios2eds/bin/gnu/H-i686-pc-linux-gnu/bin/../lib/gcc/nios2-elf/4.1.2/mno-hw-mul/libgcc.a(_df_to_sf.o)
 .data          0x08042fec        0x0 /package/eda/altera/altera13.0sp1/nios2eds/bin/gnu/H-i686-pc-linux-gnu/bin/../lib/gcc/nios2-elf/4.1.2/mno-hw-mul/libgcc.a(_thenan_df.o)
 .data          0x08042fec        0x0 /package/eda/altera/altera13.0sp1/nios2eds/bin/gnu/H-i686-pc-linux-gnu/bin/../lib/gcc/nios2-elf/4.1.2/mno-hw-mul/libgcc.a(_usi_to_df.o)
 .data          0x08042fec        0x0 /package/eda/altera/altera13.0sp1/nios2eds/bin/gnu/H-i686-pc-linux-gnu/bin/../lib/gcc/nios2-elf/4.1.2/mno-hw-mul/libgcc.a(lib2-divmod.o)
 .data          0x08042fec      0x100 /package/eda/altera/altera13.0sp1/nios2eds/bin/gnu/H-i686-pc-linux-gnu/bin/../lib/gcc/nios2-elf/4.1.2/mno-hw-mul/libgcc.a(lib2-divtable.o)
                0x08042fec                __divsi3_table
 .data          0x080430ec        0x0 /package/eda/altera/altera13.0sp1/nios2eds/bin/gnu/H-i686-pc-linux-gnu/bin/../lib/gcc/nios2-elf/4.1.2/mno-hw-mul/libgcc.a(lib2-mul.o)
 .data          0x080430ec        0x0 /package/eda/altera/altera13.0sp1/nios2eds/bin/gnu/H-i686-pc-linux-gnu/bin/../lib/gcc/nios2-elf/4.1.2/mno-hw-mul/libgcc.a(_muldi3.o)
 .data          0x080430ec        0x0 /package/eda/altera/altera13.0sp1/nios2eds/bin/gnu/H-i686-pc-linux-gnu/bin/../lib/gcc/nios2-elf/4.1.2/mno-hw-mul/libgcc.a(_clzsi2.o)
 .data          0x080430ec        0x0 /package/eda/altera/altera13.0sp1/nios2eds/bin/gnu/H-i686-pc-linux-gnu/bin/../lib/gcc/nios2-elf/4.1.2/mno-hw-mul/libgcc.a(_pack_sf.o)
 .data          0x080430ec        0x0 /package/eda/altera/altera13.0sp1/nios2eds/bin/gnu/H-i686-pc-linux-gnu/bin/../lib/gcc/nios2-elf/4.1.2/mno-hw-mul/libgcc.a(_unpack_sf.o)
 .data          0x080430ec        0x0 /package/eda/altera/altera13.0sp1/nios2eds/bin/gnu/H-i686-pc-linux-gnu/bin/../lib/gcc/nios2-elf/4.1.2/mno-hw-mul/libgcc.a(_make_sf.o)
 .data          0x080430ec        0x0 /package/eda/altera/altera13.0sp1/nios2eds/bin/gnu/H-i686-pc-linux-gnu/bin/../lib/gcc/nios2-elf/4.1.2/mno-hw-mul/libgcc.a(_pack_df.o)
 .data          0x080430ec        0x0 /package/eda/altera/altera13.0sp1/nios2eds/bin/gnu/H-i686-pc-linux-gnu/bin/../lib/gcc/nios2-elf/4.1.2/mno-hw-mul/libgcc.a(_unpack_df.o)
 .data          0x080430ec        0x0 /package/eda/altera/altera13.0sp1/nios2eds/bin/gnu/H-i686-pc-linux-gnu/bin/../lib/gcc/nios2-elf/4.1.2/mno-hw-mul/libgcc.a(_clz.o)
 .data          0x080430ec        0x0 /package/eda/altera/altera13.0sp1/nios2eds/bin/gnu/H-i686-pc-linux-gnu/bin/../lib/gcc/nios2-elf/4.1.2/../../../../nios2-elf/lib/mno-hw-mul/libc.a(lib_a-ctype_.o)
 .data          0x080430ec        0x0 /package/eda/altera/altera13.0sp1/nios2eds/bin/gnu/H-i686-pc-linux-gnu/bin/../lib/gcc/nios2-elf/4.1.2/../../../../nios2-elf/lib/mno-hw-mul/libc.a(lib_a-exit.o)
 .data          0x080430ec        0x0 /package/eda/altera/altera13.0sp1/nios2eds/bin/gnu/H-i686-pc-linux-gnu/bin/../lib/gcc/nios2-elf/4.1.2/../../../../nios2-elf/lib/mno-hw-mul/libc.a(lib_a-fclose.o)
 .data          0x080430ec        0x0 /package/eda/altera/altera13.0sp1/nios2eds/bin/gnu/H-i686-pc-linux-gnu/bin/../lib/gcc/nios2-elf/4.1.2/../../../../nios2-elf/lib/mno-hw-mul/libc.a(lib_a-fflush.o)
 .data          0x080430ec        0x0 /package/eda/altera/altera13.0sp1/nios2eds/bin/gnu/H-i686-pc-linux-gnu/bin/../lib/gcc/nios2-elf/4.1.2/../../../../nios2-elf/lib/mno-hw-mul/libc.a(lib_a-findfp.o)
 .data          0x080430ec        0x0 /package/eda/altera/altera13.0sp1/nios2eds/bin/gnu/H-i686-pc-linux-gnu/bin/../lib/gcc/nios2-elf/4.1.2/../../../../nios2-elf/lib/mno-hw-mul/libc.a(lib_a-fopen.o)
 .data          0x080430ec        0x0 /package/eda/altera/altera13.0sp1/nios2eds/bin/gnu/H-i686-pc-linux-gnu/bin/../lib/gcc/nios2-elf/4.1.2/../../../../nios2-elf/lib/mno-hw-mul/libc.a(lib_a-fprintf.o)
 .data          0x080430ec        0x0 /package/eda/altera/altera13.0sp1/nios2eds/bin/gnu/H-i686-pc-linux-gnu/bin/../lib/gcc/nios2-elf/4.1.2/../../../../nios2-elf/lib/mno-hw-mul/libc.a(lib_a-fputc.o)
 .data          0x080430ec        0x0 /package/eda/altera/altera13.0sp1/nios2eds/bin/gnu/H-i686-pc-linux-gnu/bin/../lib/gcc/nios2-elf/4.1.2/../../../../nios2-elf/lib/mno-hw-mul/libc.a(lib_a-fread.o)
 .data          0x080430ec        0x0 /package/eda/altera/altera13.0sp1/nios2eds/bin/gnu/H-i686-pc-linux-gnu/bin/../lib/gcc/nios2-elf/4.1.2/../../../../nios2-elf/lib/mno-hw-mul/libc.a(lib_a-freer.o)
 .data          0x080430ec        0x0 /package/eda/altera/altera13.0sp1/nios2eds/bin/gnu/H-i686-pc-linux-gnu/bin/../lib/gcc/nios2-elf/4.1.2/../../../../nios2-elf/lib/mno-hw-mul/libc.a(lib_a-fseek.o)
 .data          0x080430ec        0x0 /package/eda/altera/altera13.0sp1/nios2eds/bin/gnu/H-i686-pc-linux-gnu/bin/../lib/gcc/nios2-elf/4.1.2/../../../../nios2-elf/lib/mno-hw-mul/libc.a(lib_a-fstatr.o)
 .data          0x080430ec        0x0 /package/eda/altera/altera13.0sp1/nios2eds/bin/gnu/H-i686-pc-linux-gnu/bin/../lib/gcc/nios2-elf/4.1.2/../../../../nios2-elf/lib/mno-hw-mul/libc.a(lib_a-fwalk.o)
 .data          0x080430ec        0x0 /package/eda/altera/altera13.0sp1/nios2eds/bin/gnu/H-i686-pc-linux-gnu/bin/../lib/gcc/nios2-elf/4.1.2/../../../../nios2-elf/lib/mno-hw-mul/libc.a(lib_a-fwrite.o)
 .data          0x080430ec        0x0 /package/eda/altera/altera13.0sp1/nios2eds/bin/gnu/H-i686-pc-linux-gnu/bin/../lib/gcc/nios2-elf/4.1.2/../../../../nios2-elf/lib/mno-hw-mul/libc.a(lib_a-getc.o)
 .data          0x080430ec        0x0 /package/eda/altera/altera13.0sp1/nios2eds/bin/gnu/H-i686-pc-linux-gnu/bin/../lib/gcc/nios2-elf/4.1.2/../../../../nios2-elf/lib/mno-hw-mul/libc.a(lib_a-getenv.o)
 .data          0x080430ec        0x0 /package/eda/altera/altera13.0sp1/nios2eds/bin/gnu/H-i686-pc-linux-gnu/bin/../lib/gcc/nios2-elf/4.1.2/../../../../nios2-elf/lib/mno-hw-mul/libc.a(lib_a-getenv_r.o)
 .data          0x080430ec      0x400 /package/eda/altera/altera13.0sp1/nios2eds/bin/gnu/H-i686-pc-linux-gnu/bin/../lib/gcc/nios2-elf/4.1.2/../../../../nios2-elf/lib/mno-hw-mul/libc.a(lib_a-impure.o)
 .data          0x080434ec        0x0 /package/eda/altera/altera13.0sp1/nios2eds/bin/gnu/H-i686-pc-linux-gnu/bin/../lib/gcc/nios2-elf/4.1.2/../../../../nios2-elf/lib/mno-hw-mul/libc.a(lib_a-int_errno.o)
 .data          0x080434ec        0x0 /package/eda/altera/altera13.0sp1/nios2eds/bin/gnu/H-i686-pc-linux-gnu/bin/../lib/gcc/nios2-elf/4.1.2/../../../../nios2-elf/lib/mno-hw-mul/libc.a(lib_a-makebuf.o)
 .data          0x080434ec        0x0 /package/eda/altera/altera13.0sp1/nios2eds/bin/gnu/H-i686-pc-linux-gnu/bin/../lib/gcc/nios2-elf/4.1.2/../../../../nios2-elf/lib/mno-hw-mul/libc.a(lib_a-malloc.o)
 .data          0x080434ec      0x408 /package/eda/altera/altera13.0sp1/nios2eds/bin/gnu/H-i686-pc-linux-gnu/bin/../lib/gcc/nios2-elf/4.1.2/../../../../nios2-elf/lib/mno-hw-mul/libc.a(lib_a-mallocr.o)
                0x080434ec                __malloc_av_
 .data          0x080438f4        0x0 /package/eda/altera/altera13.0sp1/nios2eds/bin/gnu/H-i686-pc-linux-gnu/bin/../lib/gcc/nios2-elf/4.1.2/../../../../nios2-elf/lib/mno-hw-mul/libc.a(lib_a-memcpy.o)
 .data          0x080438f4        0x0 /package/eda/altera/altera13.0sp1/nios2eds/bin/gnu/H-i686-pc-linux-gnu/bin/../lib/gcc/nios2-elf/4.1.2/../../../../nios2-elf/lib/mno-hw-mul/libc.a(lib_a-memset.o)
 .data          0x080438f4        0x0 /package/eda/altera/altera13.0sp1/nios2eds/bin/gnu/H-i686-pc-linux-gnu/bin/../lib/gcc/nios2-elf/4.1.2/../../../../nios2-elf/lib/mno-hw-mul/libc.a(lib_a-openr.o)
 .data          0x080438f4        0x0 /package/eda/altera/altera13.0sp1/nios2eds/bin/gnu/H-i686-pc-linux-gnu/bin/../lib/gcc/nios2-elf/4.1.2/../../../../nios2-elf/lib/mno-hw-mul/libc.a(lib_a-printf.o)
 .data          0x080438f4        0x0 /package/eda/altera/altera13.0sp1/nios2eds/bin/gnu/H-i686-pc-linux-gnu/bin/../lib/gcc/nios2-elf/4.1.2/../../../../nios2-elf/lib/mno-hw-mul/libc.a(lib_a-putc.o)
 .data          0x080438f4        0x0 /package/eda/altera/altera13.0sp1/nios2eds/bin/gnu/H-i686-pc-linux-gnu/bin/../lib/gcc/nios2-elf/4.1.2/../../../../nios2-elf/lib/mno-hw-mul/libc.a(lib_a-puts.o)
 .data          0x080438f4        0x0 /package/eda/altera/altera13.0sp1/nios2eds/bin/gnu/H-i686-pc-linux-gnu/bin/../lib/gcc/nios2-elf/4.1.2/../../../../nios2-elf/lib/mno-hw-mul/libc.a(lib_a-refill.o)
 .data          0x080438f4        0x0 /package/eda/altera/altera13.0sp1/nios2eds/bin/gnu/H-i686-pc-linux-gnu/bin/../lib/gcc/nios2-elf/4.1.2/../../../../nios2-elf/lib/mno-hw-mul/libc.a(lib_a-rget.o)
 .data          0x080438f4        0x0 /package/eda/altera/altera13.0sp1/nios2eds/bin/gnu/H-i686-pc-linux-gnu/bin/../lib/gcc/nios2-elf/4.1.2/../../../../nios2-elf/lib/mno-hw-mul/libc.a(lib_a-sbrkr.o)
 .data          0x080438f4        0x0 /package/eda/altera/altera13.0sp1/nios2eds/bin/gnu/H-i686-pc-linux-gnu/bin/../lib/gcc/nios2-elf/4.1.2/../../../../nios2-elf/lib/mno-hw-mul/libc.a(lib_a-sprintf.o)
 .data          0x080438f4        0x0 /package/eda/altera/altera13.0sp1/nios2eds/bin/gnu/H-i686-pc-linux-gnu/bin/../lib/gcc/nios2-elf/4.1.2/../../../../nios2-elf/lib/mno-hw-mul/libc.a(lib_a-sscanf.o)
 .data          0x080438f4        0x0 /package/eda/altera/altera13.0sp1/nios2eds/bin/gnu/H-i686-pc-linux-gnu/bin/../lib/gcc/nios2-elf/4.1.2/../../../../nios2-elf/lib/mno-hw-mul/libc.a(lib_a-stdio.o)
 .data          0x080438f4        0x0 /package/eda/altera/altera13.0sp1/nios2eds/bin/gnu/H-i686-pc-linux-gnu/bin/../lib/gcc/nios2-elf/4.1.2/../../../../nios2-elf/lib/mno-hw-mul/libc.a(lib_a-strdup.o)
 .data          0x080438f4        0x0 /package/eda/altera/altera13.0sp1/nios2eds/bin/gnu/H-i686-pc-linux-gnu/bin/../lib/gcc/nios2-elf/4.1.2/../../../../nios2-elf/lib/mno-hw-mul/libc.a(lib_a-strdup_r.o)
 .data          0x080438f4        0x0 /package/eda/altera/altera13.0sp1/nios2eds/bin/gnu/H-i686-pc-linux-gnu/bin/../lib/gcc/nios2-elf/4.1.2/../../../../nios2-elf/lib/mno-hw-mul/libc.a(lib_a-strlen.o)
 .data          0x080438f4        0x0 /package/eda/altera/altera13.0sp1/nios2eds/bin/gnu/H-i686-pc-linux-gnu/bin/../lib/gcc/nios2-elf/4.1.2/../../../../nios2-elf/lib/mno-hw-mul/libc.a(lib_a-strncmp.o)
 .data          0x080438f4        0x0 /package/eda/altera/altera13.0sp1/nios2eds/bin/gnu/H-i686-pc-linux-gnu/bin/../lib/gcc/nios2-elf/4.1.2/../../../../nios2-elf/lib/mno-hw-mul/libc.a(lib_a-vfprintf.o)
 .data          0x080438f4        0x0 /package/eda/altera/altera13.0sp1/nios2eds/bin/gnu/H-i686-pc-linux-gnu/bin/../lib/gcc/nios2-elf/4.1.2/../../../../nios2-elf/lib/mno-hw-mul/libc.a(lib_a-vfscanf.o)
 .data          0x080438f4        0x0 /package/eda/altera/altera13.0sp1/nios2eds/bin/gnu/H-i686-pc-linux-gnu/bin/../lib/gcc/nios2-elf/4.1.2/../../../../nios2-elf/lib/mno-hw-mul/libc.a(lib_a-wbuf.o)
 .data          0x080438f4        0x0 /package/eda/altera/altera13.0sp1/nios2eds/bin/gnu/H-i686-pc-linux-gnu/bin/../lib/gcc/nios2-elf/4.1.2/../../../../nios2-elf/lib/mno-hw-mul/libc.a(lib_a-writer.o)
 .data          0x080438f4        0x0 /package/eda/altera/altera13.0sp1/nios2eds/bin/gnu/H-i686-pc-linux-gnu/bin/../lib/gcc/nios2-elf/4.1.2/../../../../nios2-elf/lib/mno-hw-mul/libc.a(lib_a-wsetup.o)
 .data          0x080438f4        0x0 /package/eda/altera/altera13.0sp1/nios2eds/bin/gnu/H-i686-pc-linux-gnu/bin/../lib/gcc/nios2-elf/4.1.2/../../../../nios2-elf/lib/mno-hw-mul/libc.a(lib_a-__call_atexit.o)
 .data          0x080438f4        0x0 /package/eda/altera/altera13.0sp1/nios2eds/bin/gnu/H-i686-pc-linux-gnu/bin/../lib/gcc/nios2-elf/4.1.2/../../../../nios2-elf/lib/mno-hw-mul/libc.a(lib_a-closer.o)
 .data          0x080438f4        0x0 /package/eda/altera/altera13.0sp1/nios2eds/bin/gnu/H-i686-pc-linux-gnu/bin/../lib/gcc/nios2-elf/4.1.2/../../../../nios2-elf/lib/mno-hw-mul/libc.a(lib_a-dtoa.o)
 .data          0x080438f4        0x0 /package/eda/altera/altera13.0sp1/nios2eds/bin/gnu/H-i686-pc-linux-gnu/bin/../lib/gcc/nios2-elf/4.1.2/../../../../nios2-elf/lib/mno-hw-mul/libc.a(lib_a-environ.o)
 .data          0x080438f4        0x0 /package/eda/altera/altera13.0sp1/nios2eds/bin/gnu/H-i686-pc-linux-gnu/bin/../lib/gcc/nios2-elf/4.1.2/../../../../nios2-elf/lib/mno-hw-mul/libc.a(lib_a-flags.o)
 .data          0x080438f4        0x0 /package/eda/altera/altera13.0sp1/nios2eds/bin/gnu/H-i686-pc-linux-gnu/bin/../lib/gcc/nios2-elf/4.1.2/../../../../nios2-elf/lib/mno-hw-mul/libc.a(lib_a-fvwrite.o)
 .data          0x080438f4        0x0 /package/eda/altera/altera13.0sp1/nios2eds/bin/gnu/H-i686-pc-linux-gnu/bin/../lib/gcc/nios2-elf/4.1.2/../../../../nios2-elf/lib/mno-hw-mul/libc.a(lib_a-isattyr.o)
 .data          0x080438f4        0x0 /package/eda/altera/altera13.0sp1/nios2eds/bin/gnu/H-i686-pc-linux-gnu/bin/../lib/gcc/nios2-elf/4.1.2/../../../../nios2-elf/lib/mno-hw-mul/libc.a(lib_a-iswspace.o)
 .data          0x080438f4        0xc /package/eda/altera/altera13.0sp1/nios2eds/bin/gnu/H-i686-pc-linux-gnu/bin/../lib/gcc/nios2-elf/4.1.2/../../../../nios2-elf/lib/mno-hw-mul/libc.a(lib_a-locale.o)
                0x080438f4                __lc_ctype
 .data          0x08043900        0x0 /package/eda/altera/altera13.0sp1/nios2eds/bin/gnu/H-i686-pc-linux-gnu/bin/../lib/gcc/nios2-elf/4.1.2/../../../../nios2-elf/lib/mno-hw-mul/libc.a(lib_a-lseekr.o)
 .data          0x08043900        0x0 /package/eda/altera/altera13.0sp1/nios2eds/bin/gnu/H-i686-pc-linux-gnu/bin/../lib/gcc/nios2-elf/4.1.2/../../../../nios2-elf/lib/mno-hw-mul/libc.a(lib_a-mbrtowc.o)
 .data          0x08043900        0x0 /package/eda/altera/altera13.0sp1/nios2eds/bin/gnu/H-i686-pc-linux-gnu/bin/../lib/gcc/nios2-elf/4.1.2/../../../../nios2-elf/lib/mno-hw-mul/libc.a(lib_a-mbtowc_r.o)
 .data          0x08043900        0x0 /package/eda/altera/altera13.0sp1/nios2eds/bin/gnu/H-i686-pc-linux-gnu/bin/../lib/gcc/nios2-elf/4.1.2/../../../../nios2-elf/lib/mno-hw-mul/libc.a(lib_a-memchr.o)
 .data          0x08043900        0x0 /package/eda/altera/altera13.0sp1/nios2eds/bin/gnu/H-i686-pc-linux-gnu/bin/../lib/gcc/nios2-elf/4.1.2/../../../../nios2-elf/lib/mno-hw-mul/libc.a(lib_a-memmove.o)
 .data          0x08043900        0x0 /package/eda/altera/altera13.0sp1/nios2eds/bin/gnu/H-i686-pc-linux-gnu/bin/../lib/gcc/nios2-elf/4.1.2/../../../../nios2-elf/lib/mno-hw-mul/libc.a(lib_a-mprec.o)
 .data          0x08043900        0x0 /package/eda/altera/altera13.0sp1/nios2eds/bin/gnu/H-i686-pc-linux-gnu/bin/../lib/gcc/nios2-elf/4.1.2/../../../../nios2-elf/lib/mno-hw-mul/libc.a(lib_a-readr.o)
 .data          0x08043900        0x0 /package/eda/altera/altera13.0sp1/nios2eds/bin/gnu/H-i686-pc-linux-gnu/bin/../lib/gcc/nios2-elf/4.1.2/../../../../nios2-elf/lib/mno-hw-mul/libc.a(lib_a-reallocr.o)
 .data          0x08043900        0x0 /package/eda/altera/altera13.0sp1/nios2eds/bin/gnu/H-i686-pc-linux-gnu/bin/../lib/gcc/nios2-elf/4.1.2/../../../../nios2-elf/lib/mno-hw-mul/libc.a(lib_a-s_isinfd.o)
 .data          0x08043900        0x0 /package/eda/altera/altera13.0sp1/nios2eds/bin/gnu/H-i686-pc-linux-gnu/bin/../lib/gcc/nios2-elf/4.1.2/../../../../nios2-elf/lib/mno-hw-mul/libc.a(lib_a-s_isnand.o)
 .data          0x08043900        0x0 /package/eda/altera/altera13.0sp1/nios2eds/bin/gnu/H-i686-pc-linux-gnu/bin/../lib/gcc/nios2-elf/4.1.2/../../../../nios2-elf/lib/mno-hw-mul/libc.a(lib_a-sccl.o)
 .data          0x08043900        0x0 /package/eda/altera/altera13.0sp1/nios2eds/bin/gnu/H-i686-pc-linux-gnu/bin/../lib/gcc/nios2-elf/4.1.2/../../../../nios2-elf/lib/mno-hw-mul/libc.a(lib_a-sf_nan.o)
 .data          0x08043900        0x0 /package/eda/altera/altera13.0sp1/nios2eds/bin/gnu/H-i686-pc-linux-gnu/bin/../lib/gcc/nios2-elf/4.1.2/../../../../nios2-elf/lib/mno-hw-mul/libc.a(lib_a-strcmp.o)
 .data          0x08043900       0x28 /package/eda/altera/altera13.0sp1/nios2eds/bin/gnu/H-i686-pc-linux-gnu/bin/../lib/gcc/nios2-elf/4.1.2/../../../../nios2-elf/lib/mno-hw-mul/libc.a(lib_a-strtod.o)
 .data          0x08043928        0x0 /package/eda/altera/altera13.0sp1/nios2eds/bin/gnu/H-i686-pc-linux-gnu/bin/../lib/gcc/nios2-elf/4.1.2/../../../../nios2-elf/lib/mno-hw-mul/libc.a(lib_a-strtol.o)
 .data          0x08043928        0x0 /package/eda/altera/altera13.0sp1/nios2eds/bin/gnu/H-i686-pc-linux-gnu/bin/../lib/gcc/nios2-elf/4.1.2/../../../../nios2-elf/lib/mno-hw-mul/libc.a(lib_a-strtoll_r.o)
 .data          0x08043928        0x0 /package/eda/altera/altera13.0sp1/nios2eds/bin/gnu/H-i686-pc-linux-gnu/bin/../lib/gcc/nios2-elf/4.1.2/../../../../nios2-elf/lib/mno-hw-mul/libc.a(lib_a-strtoul.o)
 .data          0x08043928        0x0 /package/eda/altera/altera13.0sp1/nios2eds/bin/gnu/H-i686-pc-linux-gnu/bin/../lib/gcc/nios2-elf/4.1.2/../../../../nios2-elf/lib/mno-hw-mul/libc.a(lib_a-strtoull_r.o)
 .data          0x08043928        0x0 /package/eda/altera/altera13.0sp1/nios2eds/bin/gnu/H-i686-pc-linux-gnu/bin/../lib/gcc/nios2-elf/4.1.2/../../../../nios2-elf/lib/mno-hw-mul/libc.a(lib_a-ungetc.o)
 .data          0x08043928        0x0 /package/eda/altera/altera13.0sp1/nios2eds/bin/gnu/H-i686-pc-linux-gnu/bin/../lib/gcc/nios2-elf/4.1.2/../../../../nios2-elf/lib/mno-hw-mul/libc.a(lib_a-callocr.o)
 .data          0x08043928        0x0 /package/eda/altera/altera13.0sp1/nios2eds/bin/gnu/H-i686-pc-linux-gnu/bin/../lib/gcc/nios2-elf/4.1.2/../../../../nios2-elf/lib/mno-hw-mul/libc.a(lib_a-gdtoa-gethex.o)
 .data          0x08043928        0x0 /package/eda/altera/altera13.0sp1/nios2eds/bin/gnu/H-i686-pc-linux-gnu/bin/../lib/gcc/nios2-elf/4.1.2/../../../../nios2-elf/lib/mno-hw-mul/libc.a(lib_a-gdtoa-hexnan.o)
 .data          0x08043928        0x0 /package/eda/altera/altera13.0sp1/nios2eds/bin/gnu/H-i686-pc-linux-gnu/bin/../lib/gcc/nios2-elf/4.1.2/mno-hw-mul/libgcc.a(_fixunsdfsi.o)
 .data          0x08043928        0x0 /package/eda/altera/altera13.0sp1/nios2eds/bin/gnu/H-i686-pc-linux-gnu/bin/../lib/gcc/nios2-elf/4.1.2/mno-hw-mul/libgcc.a(_udivdi3.o)
 .data          0x08043928        0x0 /package/eda/altera/altera13.0sp1/nios2eds/bin/gnu/H-i686-pc-linux-gnu/bin/../lib/gcc/nios2-elf/4.1.2/mno-hw-mul/libgcc.a(_umoddi3.o)
 .data          0x08043928        0x0 /package/eda/altera/altera13.0sp1/nios2eds/bin/gnu/H-i686-pc-linux-gnu/bin/../lib/gcc/nios2-elf/4.1.2/mno-hw-mul/libgcc.a(_ne_sf.o)
 .data          0x08043928        0x0 /package/eda/altera/altera13.0sp1/nios2eds/bin/gnu/H-i686-pc-linux-gnu/bin/../lib/gcc/nios2-elf/4.1.2/mno-hw-mul/libgcc.a(_gt_sf.o)
 .data          0x08043928        0x0 /package/eda/altera/altera13.0sp1/nios2eds/bin/gnu/H-i686-pc-linux-gnu/bin/../lib/gcc/nios2-elf/4.1.2/mno-hw-mul/libgcc.a(_lt_sf.o)
 .data          0x08043928        0x0 /package/eda/altera/altera13.0sp1/nios2eds/bin/gnu/H-i686-pc-linux-gnu/bin/../lib/gcc/nios2-elf/4.1.2/mno-hw-mul/libgcc.a(_addsub_df.o)
 .data          0x08043928        0x0 /package/eda/altera/altera13.0sp1/nios2eds/bin/gnu/H-i686-pc-linux-gnu/bin/../lib/gcc/nios2-elf/4.1.2/mno-hw-mul/libgcc.a(_eq_df.o)
 .data          0x08043928        0x0 /package/eda/altera/altera13.0sp1/nios2eds/bin/gnu/H-i686-pc-linux-gnu/bin/../lib/gcc/nios2-elf/4.1.2/mno-hw-mul/libgcc.a(_ne_df.o)
 .data          0x08043928        0x0 /package/eda/altera/altera13.0sp1/nios2eds/bin/gnu/H-i686-pc-linux-gnu/bin/../lib/gcc/nios2-elf/4.1.2/mno-hw-mul/libgcc.a(_gt_df.o)
 .data          0x08043928        0x0 /package/eda/altera/altera13.0sp1/nios2eds/bin/gnu/H-i686-pc-linux-gnu/bin/../lib/gcc/nios2-elf/4.1.2/mno-hw-mul/libgcc.a(_ge_df.o)
 .data          0x08043928        0x0 /package/eda/altera/altera13.0sp1/nios2eds/bin/gnu/H-i686-pc-linux-gnu/bin/../lib/gcc/nios2-elf/4.1.2/mno-hw-mul/libgcc.a(_lt_df.o)
 .data          0x08043928        0x0 /package/eda/altera/altera13.0sp1/nios2eds/bin/gnu/H-i686-pc-linux-gnu/bin/../lib/gcc/nios2-elf/4.1.2/mno-hw-mul/libgcc.a(_le_df.o)
 .data          0x08043928        0x0 /package/eda/altera/altera13.0sp1/nios2eds/bin/gnu/H-i686-pc-linux-gnu/bin/../lib/gcc/nios2-elf/4.1.2/mno-hw-mul/libgcc.a(_si_to_df.o)
 .data          0x08043928        0x0 /package/eda/altera/altera13.0sp1/nios2eds/bin/gnu/H-i686-pc-linux-gnu/bin/../lib/gcc/nios2-elf/4.1.2/mno-hw-mul/libgcc.a(_df_to_si.o)
 .data          0x08043928        0x0 /package/eda/altera/altera13.0sp1/nios2eds/bin/gnu/H-i686-pc-linux-gnu/bin/../lib/gcc/nios2-elf/4.1.2/mno-hw-mul/libgcc.a(_fpcmp_parts_sf.o)
 .data          0x08043928        0x0 /package/eda/altera/altera13.0sp1/nios2eds/bin/gnu/H-i686-pc-linux-gnu/bin/../lib/gcc/nios2-elf/4.1.2/mno-hw-mul/libgcc.a(_fpcmp_parts_df.o)
 .data          0x08043928        0x0 ../demo_board_bsp//libhal_bsp.a(alt_close.o)
 .data          0x08043928      0x1a8 ../demo_board_bsp//libhal_bsp.a(alt_dev.o)
                0x08043928                alt_dev_null
                0x08043950                alt_fd_list
 .data          0x08043ad0        0x0 ../demo_board_bsp//libhal_bsp.a(alt_env_lock.o)
 .data          0x08043ad0        0x0 ../demo_board_bsp//libhal_bsp.a(alt_errno.o)
 .data          0x08043ad0        0x0 ../demo_board_bsp//libhal_bsp.a(alt_exit.o)
 .data          0x08043ad0        0x0 ../demo_board_bsp//libhal_bsp.a(alt_fstat.o)
 .data          0x08043ad0        0x0 ../demo_board_bsp//libhal_bsp.a(alt_isatty.o)
 .data          0x08043ad0        0x0 ../demo_board_bsp//libhal_bsp.a(alt_load.o)
 .data          0x08043ad0        0x0 ../demo_board_bsp//libhal_bsp.a(alt_lseek.o)
 .data          0x08043ad0        0x0 ../demo_board_bsp//libhal_bsp.a(alt_main.o)