Archive member included because of file (symbol)

/package/eda/altera/altera13.0sp1/nios2eds/bin/gnu/H-i686-pc-linux-gnu/bin/../lib/gcc/nios2-elf/4.1.2/mno-hw-mul/libgcc.a(_addsub_sf.o)
                              obj/default/jfdctflt.o (__subsf3)
/package/eda/altera/altera13.0sp1/nios2eds/bin/gnu/H-i686-pc-linux-gnu/bin/../lib/gcc/nios2-elf/4.1.2/mno-hw-mul/libgcc.a(_mul_sf.o)
                              obj/default/jcdctmgr.o (__mulsf3)
/package/eda/altera/altera13.0sp1/nios2eds/bin/gnu/H-i686-pc-linux-gnu/bin/../lib/gcc/nios2-elf/4.1.2/mno-hw-mul/libgcc.a(_si_to_sf.o)
                              obj/default/jcdctmgr.o (__floatsisf)
/package/eda/altera/altera13.0sp1/nios2eds/bin/gnu/H-i686-pc-linux-gnu/bin/../lib/gcc/nios2-elf/4.1.2/mno-hw-mul/libgcc.a(_sf_to_si.o)
                              obj/default/jcdctmgr.o (__fixsfsi)
/package/eda/altera/altera13.0sp1/nios2eds/bin/gnu/H-i686-pc-linux-gnu/bin/../lib/gcc/nios2-elf/4.1.2/mno-hw-mul/libgcc.a(_thenan_sf.o)
                              /package/eda/altera/altera13.0sp1/nios2eds/bin/gnu/H-i686-pc-linux-gnu/bin/../lib/gcc/nios2-elf/4.1.2/mno-hw-mul/libgcc.a(_addsub_sf.o) (__thenan_sf)
/package/eda/altera/altera13.0sp1/nios2eds/bin/gnu/H-i686-pc-linux-gnu/bin/../lib/gcc/nios2-elf/4.1.2/mno-hw-mul/libgcc.a(_mul_df.o)
                              obj/default/jcdctmgr.o (__muldf3)
/package/eda/altera/altera13.0sp1/nios2eds/bin/gnu/H-i686-pc-linux-gnu/bin/../lib/gcc/nios2-elf/4.1.2/mno-hw-mul/libgcc.a(_div_df.o)
                              obj/default/jcdctmgr.o (__divdf3)
/package/eda/altera/altera13.0sp1/nios2eds/bin/gnu/H-i686-pc-linux-gnu/bin/../lib/gcc/nios2-elf/4.1.2/mno-hw-mul/libgcc.a(_df_to_sf.o)
                              obj/default/jcdctmgr.o (__truncdfsf2)
/package/eda/altera/altera13.0sp1/nios2eds/bin/gnu/H-i686-pc-linux-gnu/bin/../lib/gcc/nios2-elf/4.1.2/mno-hw-mul/libgcc.a(_thenan_df.o)
                              /package/eda/altera/altera13.0sp1/nios2eds/bin/gnu/H-i686-pc-linux-gnu/bin/../lib/gcc/nios2-elf/4.1.2/mno-hw-mul/libgcc.a(_mul_df.o) (__thenan_df)
/package/eda/altera/altera13.0sp1/nios2eds/bin/gnu/H-i686-pc-linux-gnu/bin/../lib/gcc/nios2-elf/4.1.2/mno-hw-mul/libgcc.a(_usi_to_df.o)
                              obj/default/jcdctmgr.o (__floatunsidf)
/package/eda/altera/altera13.0sp1/nios2eds/bin/gnu/H-i686-pc-linux-gnu/bin/../lib/gcc/nios2-elf/4.1.2/mno-hw-mul/libgcc.a(lib2-divmod.o)
                              obj/default/jcdctmgr.o (__divsi3)
/package/eda/altera/altera13.0sp1/nios2eds/bin/gnu/H-i686-pc-linux-gnu/bin/../lib/gcc/nios2-elf/4.1.2/mno-hw-mul/libgcc.a(lib2-mul.o)
                              obj/default/djpeg.o (__mulsi3)
/package/eda/altera/altera13.0sp1/nios2eds/bin/gnu/H-i686-pc-linux-gnu/bin/../lib/gcc/nios2-elf/4.1.2/mno-hw-mul/libgcc.a(_muldi3.o)
                              /package/eda/altera/altera13.0sp1/nios2eds/bin/gnu/H-i686-pc-linux-gnu/bin/../lib/gcc/nios2-elf/4.1.2/mno-hw-mul/libgcc.a(_mul_sf.o) (__muldi3)
/package/eda/altera/altera13.0sp1/nios2eds/bin/gnu/H-i686-pc-linux-gnu/bin/../lib/gcc/nios2-elf/4.1.2/mno-hw-mul/libgcc.a(_clzsi2.o)
                              /package/eda/altera/altera13.0sp1/nios2eds/bin/gnu/H-i686-pc-linux-gnu/bin/../lib/gcc/nios2-elf/4.1.2/mno-hw-mul/libgcc.a(_si_to_sf.o) (__clzsi2)
/package/eda/altera/altera13.0sp1/nios2eds/bin/gnu/H-i686-pc-linux-gnu/bin/../lib/gcc/nios2-elf/4.1.2/mno-hw-mul/libgcc.a(_pack_sf.o)
                              /package/eda/altera/altera13.0sp1/nios2eds/bin/gnu/H-i686-pc-linux-gnu/bin/../lib/gcc/nios2-elf/4.1.2/mno-hw-mul/libgcc.a(_addsub_sf.o) (__pack_f)
/package/eda/altera/altera13.0sp1/nios2eds/bin/gnu/H-i686-pc-linux-gnu/bin/../lib/gcc/nios2-elf/4.1.2/mno-hw-mul/libgcc.a(_unpack_sf.o)
                              /package/eda/altera/altera13.0sp1/nios2eds/bin/gnu/H-i686-pc-linux-gnu/bin/../lib/gcc/nios2-elf/4.1.2/mno-hw-mul/libgcc.a(_addsub_sf.o) (__unpack_f)
/package/eda/altera/altera13.0sp1/nios2eds/bin/gnu/H-i686-pc-linux-gnu/bin/../lib/gcc/nios2-elf/4.1.2/mno-hw-mul/libgcc.a(_make_sf.o)
                              /package/eda/altera/altera13.0sp1/nios2eds/bin/gnu/H-i686-pc-linux-gnu/bin/../lib/gcc/nios2-elf/4.1.2/mno-hw-mul/libgcc.a(_df_to_sf.o) (__make_fp)
/package/eda/altera/altera13.0sp1/nios2eds/bin/gnu/H-i686-pc-linux-gnu/bin/../lib/gcc/nios2-elf/4.1.2/mno-hw-mul/libgcc.a(_pack_df.o)
                              /package/eda/altera/altera13.0sp1/nios2eds/bin/gnu/H-i686-pc-linux-gnu/bin/../lib/gcc/nios2-elf/4.1.2/mno-hw-mul/libgcc.a(_mul_df.o) (__pack_d)
/package/eda/altera/altera13.0sp1/nios2eds/bin/gnu/H-i686-pc-linux-gnu/bin/../lib/gcc/nios2-elf/4.1.2/mno-hw-mul/libgcc.a(_unpack_df.o)
                              /package/eda/altera/altera13.0sp1/nios2eds/bin/gnu/H-i686-pc-linux-gnu/bin/../lib/gcc/nios2-elf/4.1.2/mno-hw-mul/libgcc.a(_mul_df.o) (__unpack_d)
/package/eda/altera/altera13.0sp1/nios2eds/bin/gnu/H-i686-pc-linux-gnu/bin/../lib/gcc/nios2-elf/4.1.2/mno-hw-mul/libgcc.a(_clz.o)
[...]
Memory Configuration

Name             Origin             Length             Attributes
reset            0x08000000         0x00000020
new_sdram_controller_0 0x08000020         0x07ffffe0
generic_tristate_controller_0 0x10000000         0x00800000
*default*        0x00000000         0xffffffff

Linker script and memory map

LOAD ../demo_board_bsp//obj/HAL/src/crt0.o
LOAD obj/default/cdjpeg.o
LOAD obj/default/djpeg.o
LOAD obj/default/jcapimin.o
LOAD obj/default/jcapistd.o
LOAD obj/default/jccoefct.o
LOAD obj/default/jccolor.o
LOAD obj/default/jcdctmgr.o
LOAD obj/default/jchuff.o
LOAD obj/default/jcinit.o
LOAD obj/default/jcmainct.o
LOAD obj/default/jcmarker.o
LOAD obj/default/jcmaster.o
LOAD obj/default/jcomapi.o
LOAD obj/default/jcparam.o
LOAD obj/default/jcphuff.o
LOAD obj/default/jcprepct.o
LOAD obj/default/jcsample.o
LOAD obj/default/jctrans.o
LOAD obj/default/jdapimin.o
LOAD obj/default/jdapistd.o
LOAD obj/default/jdatadst.o
LOAD obj/default/jdatasrc.o
LOAD obj/default/jdcoefct.o
LOAD obj/default/jdcolor.o
LOAD obj/default/jddctmgr.o
LOAD obj/default/jdhuff.o
LOAD obj/default/jdinput.o
LOAD obj/default/jdmainct.o
LOAD obj/default/jdmarker.o
LOAD obj/default/jdmaster.o
LOAD obj/default/jdmerge.o
LOAD obj/default/jdphuff.o
LOAD obj/default/jdpostct.o
LOAD obj/default/jdsample.o
LOAD obj/default/jdtrans.o
LOAD obj/default/jerror.o
LOAD obj/default/jfdctflt.o
LOAD obj/default/jfdctfst.o
LOAD obj/default/jfdctint.o
LOAD obj/default/jidctflt.o
LOAD obj/default/jidctfst.o
LOAD obj/default/jidctint.o
LOAD obj/default/jidctred.o
LOAD obj/default/jmemmgr.o
LOAD obj/default/jmemnobs.o
LOAD obj/default/jquant1.o
LOAD obj/default/jquant2.o
LOAD obj/default/jutils.o
LOAD obj/default/rdcolmap.o
LOAD obj/default/wrbmp.o
LOAD obj/default/wrgif.o
LOAD obj/default/wrppm.o
LOAD obj/default/wrrle.o
LOAD obj/default/wrtarga.o
LOAD /package/eda/altera/altera13.0sp1/nios2eds/bin/gnu/H-i686-pc-linux-gnu/bin/../lib/gcc/nios2-elf/4.1.2/../../../../nios2-elf/lib/mno-hw-mul/libstdc++.a
LOAD /package/eda/altera/altera13.0sp1/nios2eds/bin/gnu/H-i686-pc-linux-gnu/bin/../lib/gcc/nios2-elf/4.1.2/../../../../nios2-elf/lib/mno-hw-mul/libm.a
LOAD /package/eda/altera/altera13.0sp1/nios2eds/bin/gnu/H-i686-pc-linux-gnu/bin/../lib/gcc/nios2-elf/4.1.2/mno-hw-mul/libgcc.a
START GROUP
LOAD /package/eda/altera/altera13.0sp1/nios2eds/bin/gnu/H-i686-pc-linux-gnu/bin/../lib/gcc/nios2-elf/4.1.2/../../../../nios2-elf/lib/mno-hw-mul/libc.a
LOAD /package/eda/altera/altera13.0sp1/nios2eds/bin/gnu/H-i686-pc-linux-gnu/bin/../lib/gcc/nios2-elf/4.1.2/mno-hw-mul/libgcc.a
LOAD ../demo_board_bsp//libhal_bsp.a
END GROUP
LOAD /package/eda/altera/altera13.0sp1/nios2eds/bin/gnu/H-i686-pc-linux-gnu/bin/../lib/gcc/nios2-elf/4.1.2/mno-hw-mul/libgcc.a
                0x08000000                __alt_mem_new_sdram_controller_0 = 0x8000000
                0x10000000                __alt_mem_generic_tristate_controller_0 = 0x10000000

.entry          0x08000000       0x20
 *(.entry)
 .entry         0x08000000       0x20 ../demo_board_bsp//obj/HAL/src/crt0.o
                0x08000000                __reset

.exceptions     0x08000020      0x164
                0x08000020                PROVIDE (__ram_exceptions_start, ABSOLUTE (.))
                0x08000020                . = ALIGN (0x20)
 *(.irq)
 *(.exceptions.entry.label)
 .exceptions.entry.label
                0x08000020        0x0 ../demo_board_bsp//libhal_bsp.a(alt_irq_entry.o)
                0x08000020                alt_irq_entry
 .exceptions.entry.label
                0x08000020        0x0 ../demo_board_bsp//libhal_bsp.a(alt_exception_entry.o)
                0x08000020                alt_exception
 *(.exceptions.entry.user)
 *(.exceptions.entry)
 .exceptions.entry
                0x08000020       0x54 ../demo_board_bsp//libhal_bsp.a(alt_exception_entry.o)
 *(.exceptions.irqtest.user)
 *(.exceptions.irqtest)
 .exceptions.irqtest
                0x08000074       0x10 ../demo_board_bsp//libhal_bsp.a(alt_irq_entry.o)
 *(.exceptions.irqhandler.user)
 *(.exceptions.irqhandler)
 .exceptions.irqhandler
                0x08000084        0x4 ../demo_board_bsp//libhal_bsp.a(alt_irq_entry.o)
 *(.exceptions.irqreturn.user)
 *(.exceptions.irqreturn)
 .exceptions.irqreturn
                0x08000088        0x4 ../demo_board_bsp//libhal_bsp.a(alt_irq_entry.o)
 *(.exceptions.notirq.label)
 .exceptions.notirq.label
                0x0800008c        0x0 ../demo_board_bsp//libhal_bsp.a(alt_irq_entry.o)
 *(.exceptions.notirq.user)
 *(.exceptions.notirq)
 .exceptions.notirq
                0x0800008c        0x8 ../demo_board_bsp//libhal_bsp.a(alt_exception_entry.o)
 *(.exceptions.soft.user)
 *(.exceptions.soft)
 *(.exceptions.unknown.user)
 *(.exceptions.unknown)
 .exceptions.unknown
                0x08000094        0x4 ../demo_board_bsp//libhal_bsp.a(alt_exception_entry.o)
 *(.exceptions.exit.label)
 .exceptions.exit.label
                0x08000098        0x0 ../demo_board_bsp//libhal_bsp.a(alt_irq_entry.o)
 .exceptions.exit.label
                0x08000098        0x0 ../demo_board_bsp//libhal_bsp.a(alt_exception_entry.o)
 *(.exceptions.exit.user)
 *(.exceptions.exit)
 .exceptions.exit
                0x08000098       0x54 ../demo_board_bsp//libhal_bsp.a(alt_exception_entry.o)
 *(.exceptions)
 .exceptions    0x080000ec       0x98 ../demo_board_bsp//libhal_bsp.a(alt_irq_handler.o)
                0x080000ec                alt_irq_handler
                0x08000184                PROVIDE (__ram_exceptions_end, ABSOLUTE (.))
                0x08000020                PROVIDE (__flash_exceptions_start, LOADADDR (.exceptions))

.text           0x08000184    0x32f84
                0x08000184                PROVIDE (stext, ABSOLUTE (.))
 *(.interp)
 *(.hash)
 *(.dynsym)
 *(.dynstr)
 *(.gnu.version)
 *(.gnu.version_d)
 *(.gnu.version_r)
 *(.rel.init)
 *(.rela.init)
 *(.rel.text .rel.text.* .rel.gnu.linkonce.t.*)
 *(.rela.text .rela.text.* .rela.gnu.linkonce.t.*)
 *(.rel.fini)
 *(.rela.fini)
 *(.rel.rodata .rel.rodata.* .rel.gnu.linkonce.r.*)
 *(.rela.rodata .rela.rodata.* .rela.gnu.linkonce.r.*)
 *(.rel.data .rel.data.* .rel.gnu.linkonce.d.*)
 *(.rela.data .rela.data.* .rela.gnu.linkonce.d.*)
 *(.rel.tdata .rel.tdata.* .rel.gnu.linkonce.td.*)
 *(.rela.tdata .rela.tdata.* .rela.gnu.linkonce.td.*)
 *(.rel.tbss .rel.tbss.* .rel.gnu.linkonce.tb.*)
 *(.rela.tbss .rela.tbss.* .rela.gnu.linkonce.tb.*)
 *(.rel.ctors)
 *(.rela.ctors)
 *(.rel.dtors)
 *(.rela.dtors)
 *(.rel.got)
 *(.rela.got)
 *(.rel.sdata .rel.sdata.* .rel.gnu.linkonce.s.*)
 *(.rela.sdata .rela.sdata.* .rela.gnu.linkonce.s.*)
 *(.rel.sbss .rel.sbss.* .rel.gnu.linkonce.sb.*)
 *(.rela.sbss .rela.sbss.* .rela.gnu.linkonce.sb.*)
 *(.rel.sdata2 .rel.sdata2.* .rel.gnu.linkonce.s2.*)
 *(.rela.sdata2 .rela.sdata2.* .rela.gnu.linkonce.s2.*)
 *(.rel.sbss2 .rel.sbss2.* .rel.gnu.linkonce.sb2.*)
 *(.rela.sbss2 .rela.sbss2.* .rela.gnu.linkonce.sb2.*)
 *(.rel.bss .rel.bss.* .rel.gnu.linkonce.b.*)
 *(.rela.bss .rela.bss.* .rela.gnu.linkonce.b.*)
 *(.rel.plt)
 *(.rela.plt)
 *(.rel.dyn)
 *(.init)
 *(.plt)
 *(.text .stub .text.* .gnu.linkonce.t.*)
 .text          0x08000184       0x3c ../demo_board_bsp//obj/HAL/src/crt0.o
                0x08000184                _start
 .text          0x080001c0       0xa4 obj/default/cdjpeg.o
                0x080001c0                keymatch
                0x0800023c                read_stdin
                0x08000250                write_stdout
 .text          0x08000264     0x1004 obj/default/djpeg.o
                0x08000de8                capture_cmd_args
                0x08000ea0                main
 .text          0x08001268      0x408 obj/default/jcapimin.o
                0x08001268                jpeg_suppress_tables
                0x080012c8                jpeg_write_marker
                0x0800135c                jpeg_write_tables
                0x080013f4                jpeg_finish_compress
                0x0800155c                jpeg_abort_compress
                0x08001560                jpeg_destroy_compress
                0x08001564                jpeg_CreateCompress
 .text          0x08001670      0x350 obj/default/jcapistd.o
                0x08001670                jpeg_write_scanlines
                0x0800177c                jpeg_write_raw_data
                0x08001904                jpeg_start_compress
 .text          0x080019c0      0xab4 obj/default/jccoefct.o
                0x08001d80                jinit_c_coef_controller
 .text          0x08002474      0x840 obj/default/jccolor.o
                0x080029b4                jinit_color_converter
 .text          0x08002cb4      0x7a0 obj/default/jcdctmgr.o
                0x08003358                jinit_forward_dct
 .text          0x08003454     0x164c obj/default/jchuff.o
                0x080036ac                jinit_huff_encoder
                0x08003714                jpeg_make_c_derived_tbl
                0x08003b40                jpeg_gen_optimal_table
 .text          0x08004aa0       0xf0 obj/default/jcinit.o
                0x08004aa0                jinit_compress_master
 .text          0x08004b90      0x264 obj/default/jcmainct.o
                0x08004d04                jinit_c_main_controller
 .text          0x08004df4      0xb94 obj/default/jcmarker.o
                0x08005908                jinit_marker_writer
 .text          0x08005988      0xf1c obj/default/jcmaster.o
                0x08006058                jinit_c_master_control
 .text          0x080068a4       0xe8 obj/default/jcomapi.o
                0x080068a4                jpeg_abort
                0x080068fc                jpeg_destroy
                0x08006934                jpeg_alloc_quant_table
                0x08006960                jpeg_alloc_huff_table
 .text          0x0800698c      0xc50 obj/default/jcparam.o
                0x0800698c                jpeg_quality_scaling
                0x080069f0                jpeg_set_colorspace
                0x08006d70                jpeg_default_colorspace
                0x08006f20                jpeg_simple_progression
                0x080072ac                jpeg_add_quant_table
                0x080073bc                jpeg_set_linear_quality
                0x08007428                jpeg_set_quality
                0x08007468                jpeg_set_defaults
 .text          0x080075dc     0x1b3c obj/default/jcphuff.o
                0x08007640                jinit_phuff_encoder
 .text          0x08009118      0x7cc obj/default/jcprepct.o
                0x08009178                jinit_c_prep_controller
 .text          0x080098e4      0xdfc obj/default/jcsample.o
                0x0800a430                jinit_downsampler
 .text          0x0800a6e0      0x788 obj/default/jctrans.o
                0x0800aa4c                jpeg_copy_critical_parameters
                0x0800acd4                jpeg_write_coefficients
 .text          0x0800ae68      0x6e0 obj/default/jdapimin.o
                0x0800ae68                jpeg_set_marker_processor
                0x0800aec4                jpeg_consume_input
                0x0800b1c0                jpeg_input_complete
                0x0800b218                jpeg_has_multiple_scans
                0x0800b270                jpeg_finish_decompress
                0x0800b370                jpeg_read_header
                0x0800b430                jpeg_abort_decompress
                0x0800b434                jpeg_destroy_decompress
                0x0800b438                jpeg_CreateDecompress
 .text          0x0800b548      0x5fc obj/default/jdapistd.o
                0x0800b648                jpeg_read_scanlines
                0x0800b740                jpeg_read_raw_data
                0x0800b8a8                jpeg_start_output
                0x0800b94c                jpeg_finish_output
                0x0800ba10                jpeg_start_decompress
 .text          0x0800bb44      0x1fc obj/default/jdatadst.o
                0x0800bb90                jpeg_stdio_dest
 .text          0x0800bd40      0x200 obj/default/jdatasrc.o
                0x0800bd54                jpeg_stdio_src
 .text          0x0800bf40     0x12a4 obj/default/jdcoefct.o
                0x0800c5c0                jinit_d_coef_controller
 .text          0x0800d1e4      0x698 obj/default/jdcolor.o
                0x0800d520                jinit_color_deconverter
 .text          0x0800d87c      0x3ec obj/default/jddctmgr.o
                0x0800dba4                jinit_inverse_dct
 .text          0x0800dc68      0xd30 obj/default/jdhuff.o
                0x0800dc68                jpeg_fill_bit_buffer
                0x0800ddfc                jpeg_huff_decode
                0x0800e508                jinit_huff_decoder
                0x0800e574                jpeg_make_d_derived_tbl
 .text          0x0800e998      0x728 obj/default/jdinput.o
                0x0800ea0c                jinit_input_controller
 .text          0x0800f0c0      0xa18 obj/default/jdmainct.o
                0x0800f86c                jinit_d_main_controller
 .text          0x0800fad8     0x204c obj/default/jdmarker.o
                0x080108a4                jpeg_resync_to_restart
                0x08010a54                jinit_marker_reader
 .text          0x08011b24      0x9f4 obj/default/jdmaster.o
                0x08011de4                jpeg_new_colormap
                0x08011e90                jpeg_calc_output_dimensions
                0x080121b4                jinit_master_decompress
 .text          0x08012518      0x8b0 obj/default/jdmerge.o
                0x08012ac8                jinit_merged_upsampler
 .text          0x08012dc8     0x114c obj/default/jdphuff.o
                0x08012e80                jinit_phuff_decoder
 .text          0x08013f14      0x524 obj/default/jdpostct.o
                0x08014330                jinit_d_post_controller
 .text          0x08014438      0x994 obj/default/jdsample.o
                0x08014748                jinit_upsampler
 .text          0x08014dcc      0x1c0 obj/default/jdtrans.o
                0x08014dcc                jpeg_read_coefficients
 .text          0x08014f8c      0x268 obj/default/jerror.o
                0x08015014                jpeg_std_error
 .text          0x080151f4      0x530 obj/default/jfdctflt.o
                0x080151f4                jpeg_fdct_float
 .text          0x08015724      0x2a0 obj/default/jfdctfst.o
                0x08015724                jpeg_fdct_ifast
 .text          0x080159c4      0x408 obj/default/jfdctint.o
                0x080159c4                jpeg_fdct_islow
 .text          0x08015dcc      0x81c obj/default/jidctflt.o
                0x08015dcc                jpeg_idct_float
 .text          0x080165e8      0x594 obj/default/jidctfst.o
                0x080165e8                jpeg_idct_ifast
 .text          0x08016b7c      0x724 obj/default/jidctint.o
                0x08016b7c                jpeg_idct_islow
 .text          0x080172a0      0x818 obj/default/jidctred.o
                0x080172a0                jpeg_idct_4x4
                0x08017770                jpeg_idct_2x2
                0x08017a58                jpeg_idct_1x1
 .text          0x08017ab8     0x148c obj/default/jmemmgr.o
                0x080181c0                jinit_memory_mgr
 .text          0x08018f44       0x48 obj/default/jmemnobs.o
                0x08018f44                jpeg_mem_available
                0x08018f4c                jpeg_open_backing_store
                0x08018f60                jpeg_mem_init
                0x08018f68                jpeg_mem_term
                0x08018f6c                jpeg_free_large
                0x08018f74                jpeg_free_small
                0x08018f7c                jpeg_get_large
                0x08018f84                jpeg_get_small
 .text          0x08018f8c     0x10e4 obj/default/jquant1.o
                0x08019564                jinit_1pass_quantizer
 .text          0x0801a070     0x1998 obj/default/jquant2.o
                0x0801b65c                jinit_2pass_quantizer
 .text          0x0801ba08       0xec obj/default/jutils.o
                0x0801ba08                jdiv_round_up
                0x0801ba28                jround_up
                0x0801ba58                jzero_far
                0x0801ba64                jcopy_block_row
                0x0801ba78                jcopy_sample_rows
 .text          0x0801baf4      0x65c obj/default/rdcolmap.o
                0x0801bd6c                read_color_map
 .text          0x0801c150      0x9f8 obj/default/wrbmp.o
                0x0801c2c4                jinit_write_bmp
 .text          0x0801cb48      0x978 obj/default/wrgif.o
                0x0801cb48                jinit_write_gif
 .text          0x0801d4c0      0x3a0 obj/default/wrppm.o
                0x0801d4c4                jinit_write_ppm
 .text          0x0801d860        0x0 obj/default/wrrle.o
 .text          0x0801d860      0x4b0 obj/default/wrtarga.o
                0x0801d860                jinit_write_targa
 .text          0x0801dd10      0x2b8 /package/eda/altera/altera13.0sp1/nios2eds/bin/gnu/H-i686-pc-linux-gnu/bin/../lib/gcc/nios2-elf/4.1.2/mno-hw-mul/libgcc.a(_addsub_sf.o)
                0x0801def4                __subsf3
                0x0801df64                __addsf3
 .text          0x0801dfc8      0x1e0 /package/eda/altera/altera13.0sp1/nios2eds/bin/gnu/H-i686-pc-linux-gnu/bin/../lib/gcc/nios2-elf/4.1.2/mno-hw-mul/libgcc.a(_mul_sf.o)
                0x0801dfc8                __mulsf3
 .text          0x0801e1a8       0x98 /package/eda/altera/altera13.0sp1/nios2eds/bin/gnu/H-i686-pc-linux-gnu/bin/../lib/gcc/nios2-elf/4.1.2/mno-hw-mul/libgcc.a(_si_to_sf.o)
                0x0801e1a8                __floatsisf
 .text          0x0801e240       0x94 /package/eda/altera/altera13.0sp1/nios2eds/bin/gnu/H-i686-pc-linux-gnu/bin/../lib/gcc/nios2-elf/4.1.2/mno-hw-mul/libgcc.a(_sf_to_si.o)
                0x0801e240                __fixsfsi
 .text          0x0801e2d4        0x0 /package/eda/altera/altera13.0sp1/nios2eds/bin/gnu/H-i686-pc-linux-gnu/bin/../lib/gcc/nios2-elf/4.1.2/mno-hw-mul/libgcc.a(_thenan_sf.o)
 .text          0x0801e2d4      0x3c4 /package/eda/altera/altera13.0sp1/nios2eds/bin/gnu/H-i686-pc-linux-gnu/bin/../lib/gcc/nios2-elf/4.1.2/mno-hw-mul/libgcc.a(_mul_df.o)
                0x0801e2d4                __muldf3
 .text          0x0801e698      0x258 /package/eda/altera/altera13.0sp1/nios2eds/bin/gnu/H-i686-pc-linux-gnu/bin/../lib/gcc/nios2-elf/4.1.2/mno-hw-mul/libgcc.a(_div_df.o)
                0x0801e698                __divdf3
 .text          0x0801e8f0       0x74 /package/eda/altera/altera13.0sp1/nios2eds/bin/gnu/H-i686-pc-linux-gnu/bin/../lib/gcc/nios2-elf/4.1.2/mno-hw-mul/libgcc.a(_df_to_sf.o)
                0x0801e8f0                __truncdfsf2
 .text          0x0801e964        0x0 /package/eda/altera/altera13.0sp1/nios2eds/bin/gnu/H-i686-pc-linux-gnu/bin/../lib/gcc/nios2-elf/4.1.2/mno-hw-mul/libgcc.a(_thenan_df.o)
 .text          0x0801e964      0x194 /package/eda/altera/altera13.0sp1/nios2eds/bin/gnu/H-i686-pc-linux-gnu/bin/../lib/gcc/nios2-elf/4.1.2/mno-hw-mul/libgcc.a(_usi_to_df.o)
                0x0801e964                __floatunsidf
 .text          0x0801eaf8      0x14c /package/eda/altera/altera13.0sp1/nios2eds/bin/gnu/H-i686-pc-linux-gnu/bin/../lib/gcc/nios2-elf/4.1.2/mno-hw-mul/libgcc.a(lib2-divmod.o)
                0x0801eb74                __divsi3
                0x0801ebd4                __modsi3
                0x0801ec34                __udivsi3
                0x0801ec3c                __umodsi3
 .text          0x0801ec44       0x38 /package/eda/altera/altera13.0sp1/nios2eds/bin/gnu/H-i686-pc-linux-gnu/bin/../lib/gcc/nios2-elf/4.1.2/mno-hw-mul/libgcc.a(lib2-mul.o)
                0x0801ec44                __mulsi3
 .text          0x0801ec7c      0x124 /package/eda/altera/altera13.0sp1/nios2eds/bin/gnu/H-i686-pc-linux-gnu/bin/../lib/gcc/nios2-elf/4.1.2/mno-hw-mul/libgcc.a(_muldi3.o)
                0x0801ec7c                __muldi3
 .text          0x0801eda0       0x80 /package/eda/altera/altera13.0sp1/nios2eds/bin/gnu/H-i686-pc-linux-gnu/bin/../lib/gcc/nios2-elf/4.1.2/mno-hw-mul/libgcc.a(_clzsi2.o)
                0x0801eda0                __clzsi2
 .text          0x0801ee20      0x160 /package/eda/altera/altera13.0sp1/nios2eds/bin/gnu/H-i686-pc-linux-gnu/bin/../lib/gcc/nios2-elf/4.1.2/mno-hw-mul/libgcc.a(_pack_sf.o)
                0x0801ee20                __pack_f
 .text          0x0801ef80       0xc8 /package/eda/altera/altera13.0sp1/nios2eds/bin/gnu/H-i686-pc-linux-gnu/bin/../lib/gcc/nios2-elf/4.1.2/mno-hw-mul/libgcc.a(_unpack_sf.o)
                0x0801ef80                __unpack_f
 .text          0x0801f048       0x2c /package/eda/altera/altera13.0sp1/nios2eds/bin/gnu/H-i686-pc-linux-gnu/bin/../lib/gcc/nios2-elf/4.1.2/mno-hw-mul/libgcc.a(_make_sf.o)
                0x0801f048                __make_fp
 .text          0x0801f074      0x314 /package/eda/altera/altera13.0sp1/nios2eds/bin/gnu/H-i686-pc-linux-gnu/bin/../lib/gcc/nios2-elf/4.1.2/mno-hw-mul/libgcc.a(_pack_df.o)
                0x0801f074                __pack_d
 .text          0x0801f388      0x138 /package/eda/altera/altera13.0sp1/nios2eds/bin/gnu/H-i686-pc-linux-gnu/bin/../lib/gcc/nios2-elf/4.1.2/mno-hw-mul/libgcc.a(_unpack_df.o)
                0x0801f388                __unpack_d
 .text          0x0801f4c0        0x0 /package/eda/altera/altera13.0sp1/nios2eds/bin/gnu/H-i686-pc-linux-gnu/bin/../lib/gcc/nios2-elf/4.1.2/mno-hw-mul/libgcc.a(_clz.o)
 .text          0x0801f4c0        0x0 /package/eda/altera/altera13.0sp1/nios2eds/bin/gnu/H-i686-pc-linux-gnu/bin/../lib/gcc/nios2-elf/4.1.2/../../../../nios2-elf/lib/mno-hw-mul/libc.a(lib_a-ctype_.o)
 .text          0x0801f4c0       0x38 /package/eda/altera/altera13.0sp1/nios2eds/bin/gnu/H-i686-pc-linux-gnu/bin/../lib/gcc/nios2-elf/4.1.2/../../../../nios2-elf/lib/mno-hw-mul/libc.a(lib_a-exit.o)
                0x0801f4c0                exit
 .text          0x0801f4f8      0x124 /package/eda/altera/altera13.0sp1/nios2eds/bin/gnu/H-i686-pc-linux-gnu/bin/../lib/gcc/nios2-elf/4.1.2/../../../../nios2-elf/lib/mno-hw-mul/libc.a(lib_a-fclose.o)
                0x0801f4f8                _fclose_r
                0x0801f608                fclose
 .text          0x0801f61c      0x230 /package/eda/altera/altera13.0sp1/nios2eds/bin/gnu/H-i686-pc-linux-gnu/bin/../lib/gcc/nios2-elf/4.1.2/../../../../nios2-elf/lib/mno-hw-mul/libc.a(lib_a-fflush.o)
                0x0801f61c                _fflush_r
                0x0801f818                fflush
 .text          0x0801f84c      0x2f4 /package/eda/altera/altera13.0sp1/nios2eds/bin/gnu/H-i686-pc-linux-gnu/bin/../lib/gcc/nios2-elf/4.1.2/../../../../nios2-elf/lib/mno-hw-mul/libc.a(lib_a-findfp.o)
                0x0801f8a4                __sfp_lock_acquire
                0x0801f8a8                __sfp_lock_release
                0x0801f8ac                __sinit_lock_acquire
                0x0801f8b0                __sinit_lock_release
                0x0801f8b4                __sinit
                0x0801f968                __fp_unlock_all
                0x0801f980                __fp_lock_all
                0x0801f998                _cleanup_r
                0x0801f9a4                _cleanup
                0x0801f9b4                __sfmoreglue
                0x0801fa50                __sfp
 .text          0x0801fb40      0x110 /package/eda/altera/altera13.0sp1/nios2eds/bin/gnu/H-i686-pc-linux-gnu/bin/../lib/gcc/nios2-elf/4.1.2/../../../../nios2-elf/lib/mno-hw-mul/libc.a(lib_a-fopen.o)
                0x0801fb40                _fopen_r
                0x0801fc34                fopen
 .text          0x0801fc50       0x60 /package/eda/altera/altera13.0sp1/nios2eds/bin/gnu/H-i686-pc-linux-gnu/bin/../lib/gcc/nios2-elf/4.1.2/../../../../nios2-elf/lib/mno-hw-mul/libc.a(lib_a-fprintf.o)
                0x0801fc50                fprintf
                0x0801fc7c                _fprintf_r
 .text          0x0801fcb0       0xbc /package/eda/altera/altera13.0sp1/nios2eds/bin/gnu/H-i686-pc-linux-gnu/bin/../lib/gcc/nios2-elf/4.1.2/../../../../nios2-elf/lib/mno-hw-mul/libc.a(lib_a-fputc.o)
                0x0801fcb0                fputc
                0x0801fd14                _fputc_r
 .text          0x0801fd6c      0x24c /package/eda/altera/altera13.0sp1/nios2eds/bin/gnu/H-i686-pc-linux-gnu/bin/../lib/gcc/nios2-elf/4.1.2/../../../../nios2-elf/lib/mno-hw-mul/libc.a(lib_a-fread.o)
                0x0801fd6c                _fread_r
                0x0801ff78                fread
 .text          0x0801ffb8      0x440 /package/eda/altera/altera13.0sp1/nios2eds/bin/gnu/H-i686-pc-linux-gnu/bin/../lib/gcc/nios2-elf/4.1.2/../../../../nios2-elf/lib/mno-hw-mul/libc.a(lib_a-freer.o)
                0x0801ffb8                _malloc_trim_r
                0x080200e4                _free_r
 .text          0x080203f8      0x460 /package/eda/altera/altera13.0sp1/nios2eds/bin/gnu/H-i686-pc-linux-gnu/bin/../lib/gcc/nios2-elf/4.1.2/../../../../nios2-elf/lib/mno-hw-mul/libc.a(lib_a-fseek.o)
                0x080203f8                _fseek_r
                0x08020834                fseek
 .text          0x08020858       0x74 /package/eda/altera/altera13.0sp1/nios2eds/bin/gnu/H-i686-pc-linux-gnu/bin/../lib/gcc/nios2-elf/4.1.2/../../../../nios2-elf/lib/mno-hw-mul/libc.a(lib_a-fstatr.o)
                0x08020858                _fstat_r
 .text          0x080208cc      0x180 /package/eda/altera/altera13.0sp1/nios2eds/bin/gnu/H-i686-pc-linux-gnu/bin/../lib/gcc/nios2-elf/4.1.2/../../../../nios2-elf/lib/mno-hw-mul/libc.a(lib_a-fwalk.o)
                0x080208cc                _fwalk_reent
                0x08020994                _fwalk
 .text          0x08020a4c       0xec /package/eda/altera/altera13.0sp1/nios2eds/bin/gnu/H-i686-pc-linux-gnu/bin/../lib/gcc/nios2-elf/4.1.2/../../../../nios2-elf/lib/mno-hw-mul/libc.a(lib_a-fwrite.o)
                0x08020a4c                _fwrite_r
                0x08020af8                fwrite
 .text          0x08020b38      0x128 /package/eda/altera/altera13.0sp1/nios2eds/bin/gnu/H-i686-pc-linux-gnu/bin/../lib/gcc/nios2-elf/4.1.2/../../../../nios2-elf/lib/mno-hw-mul/libc.a(lib_a-getc.o)
                0x08020b38                getc
                0x08020bd0                _getc_r
 .text          0x08020c60       0x48 /package/eda/altera/altera13.0sp1/nios2eds/bin/gnu/H-i686-pc-linux-gnu/bin/../lib/gcc/nios2-elf/4.1.2/../../../../nios2-elf/lib/mno-hw-mul/libc.a(lib_a-getenv.o)
                0x08020c60                getenv
                0x08020c8c                _findenv
 .text          0x08020ca8      0x128 /package/eda/altera/altera13.0sp1/nios2eds/bin/gnu/H-i686-pc-linux-gnu/bin/../lib/gcc/nios2-elf/4.1.2/../../../../nios2-elf/lib/mno-hw-mul/libc.a(lib_a-getenv_r.o)
                0x08020ca8                _findenv_r
                0x08020db4                _getenv_r
 .text          0x08020dd0        0x0 /package/eda/altera/altera13.0sp1/nios2eds/bin/gnu/H-i686-pc-linux-gnu/bin/../lib/gcc/nios2-elf/4.1.2/../../../../nios2-elf/lib/mno-hw-mul/libc.a(lib_a-impure.o)
 .text          0x08020dd0        0x0 /package/eda/altera/altera13.0sp1/nios2eds/bin/gnu/H-i686-pc-linux-gnu/bin/../lib/gcc/nios2-elf/4.1.2/../../../../nios2-elf/lib/mno-hw-mul/libc.a(lib_a-int_errno.o)
 .text          0x08020dd0      0x194 /package/eda/altera/altera13.0sp1/nios2eds/bin/gnu/H-i686-pc-linux-gnu/bin/../lib/gcc/nios2-elf/4.1.2/../../../../nios2-elf/lib/mno-hw-mul/libc.a(lib_a-makebuf.o)
                0x08020dd0                __smakebuf_r
 .text          0x08020f64       0x28 /package/eda/altera/altera13.0sp1/nios2eds/bin/gnu/H-i686-pc-linux-gnu/bin/../lib/gcc/nios2-elf/4.1.2/../../../../nios2-elf/lib/mno-hw-mul/libc.a(lib_a-malloc.o)
                0x08020f64                free
                0x08020f78                malloc
 .text          0x08020f8c      0x740 /package/eda/altera/altera13.0sp1/nios2eds/bin/gnu/H-i686-pc-linux-gnu/bin/../lib/gcc/nios2-elf/4.1.2/../../../../nios2-elf/lib/mno-hw-mul/libc.a(lib_a-mallocr.o)
                0x08020f8c                _malloc_r
 .text          0x080216cc       0xa0 /package/eda/altera/altera13.0sp1/nios2eds/bin/gnu/H-i686-pc-linux-gnu/bin/../lib/gcc/nios2-elf/4.1.2/../../../../nios2-elf/lib/mno-hw-mul/libc.a(lib_a-memcpy.o)
                0x080216cc                memcpy
 .text          0x0802176c       0x98 /package/eda/altera/altera13.0sp1/nios2eds/bin/gnu/H-i686-pc-linux-gnu/bin/../lib/gcc/nios2-elf/4.1.2/../../../../nios2-elf/lib/mno-hw-mul/libc.a(lib_a-memset.o)
                0x0802176c                memset
 .text          0x08021804       0x78 /package/eda/altera/altera13.0sp1/nios2eds/bin/gnu/H-i686-pc-linux-gnu/bin/../lib/gcc/nios2-elf/4.1.2/../../../../nios2-elf/lib/mno-hw-mul/libc.a(lib_a-openr.o)
                0x08021804                _open_r
 .text          0x0802187c       0x78 /package/eda/altera/altera13.0sp1/nios2eds/bin/gnu/H-i686-pc-linux-gnu/bin/../lib/gcc/nios2-elf/4.1.2/../../../../nios2-elf/lib/mno-hw-mul/libc.a(lib_a-printf.o)
                0x0802187c                printf
                0x080218c0                _printf_r
 .text          0x080218f4      0x1ec /package/eda/altera/altera13.0sp1/nios2eds/bin/gnu/H-i686-pc-linux-gnu/bin/../lib/gcc/nios2-elf/4.1.2/../../../../nios2-elf/lib/mno-hw-mul/libc.a(lib_a-putc.o)
                0x080218f4                putc
                0x080219f8                _putc_r
 .text          0x08021ae0       0xb4 /package/eda/altera/altera13.0sp1/nios2eds/bin/gnu/H-i686-pc-linux-gnu/bin/../lib/gcc/nios2-elf/4.1.2/../../../../nios2-elf/lib/mno-hw-mul/libc.a(lib_a-puts.o)
                0x08021ae0                _puts_r
                0x08021b80                puts
 .text          0x08021b94      0x1e0 /package/eda/altera/altera13.0sp1/nios2eds/bin/gnu/H-i686-pc-linux-gnu/bin/../lib/gcc/nios2-elf/4.1.2/../../../../nios2-elf/lib/mno-hw-mul/libc.a(lib_a-refill.o)
                0x08021b94                __srefill_r
 .text          0x08021d74       0x60 /package/eda/altera/altera13.0sp1/nios2eds/bin/gnu/H-i686-pc-linux-gnu/bin/../lib/gcc/nios2-elf/4.1.2/../../../../nios2-elf/lib/mno-hw-mul/libc.a(lib_a-rget.o)
                0x08021d74                __srget_r
                0x08021dc0                __srget
 .text          0x08021dd4       0x70 /package/eda/altera/altera13.0sp1/nios2eds/bin/gnu/H-i686-pc-linux-gnu/bin/../lib/gcc/nios2-elf/4.1.2/../../../../nios2-elf/lib/mno-hw-mul/libc.a(lib_a-sbrkr.o)
                0x08021dd4                _sbrk_r
 .text          0x08021e44       0xd4 /package/eda/altera/altera13.0sp1/nios2eds/bin/gnu/H-i686-pc-linux-gnu/bin/../lib/gcc/nios2-elf/4.1.2/../../../../nios2-elf/lib/mno-hw-mul/libc.a(lib_a-sprintf.o)
                0x08021e44                sprintf
                0x08021eb8                _sprintf_r
 .text          0x08021f18      0x114 /package/eda/altera/altera13.0sp1/nios2eds/bin/gnu/H-i686-pc-linux-gnu/bin/../lib/gcc/nios2-elf/4.1.2/../../../../nios2-elf/lib/mno-hw-mul/libc.a(lib_a-sscanf.o)
                0x08021f20                _sscanf_r
                0x08021fa8                sscanf
 .text          0x0802202c      0x14c /package/eda/altera/altera13.0sp1/nios2eds/bin/gnu/H-i686-pc-linux-gnu/bin/../lib/gcc/nios2-elf/4.1.2/../../../../nios2-elf/lib/mno-hw-mul/libc.a(lib_a-stdio.o)
                0x0802202c                __sclose
                0x08022034                __sseek
                0x0802209c                __swrite
                0x08022118                __sread
 .text          0x08022178       0x14 /package/eda/altera/altera13.0sp1/nios2eds/bin/gnu/H-i686-pc-linux-gnu/bin/../lib/gcc/nios2-elf/4.1.2/../../../../nios2-elf/lib/mno-hw-mul/libc.a(lib_a-strdup.o)
                0x08022178                strdup
 .text          0x0802218c       0x68 /package/eda/altera/altera13.0sp1/nios2eds/bin/gnu/H-i686-pc-linux-gnu/bin/../lib/gcc/nios2-elf/4.1.2/../../../../nios2-elf/lib/mno-hw-mul/libc.a(lib_a-strdup_r.o)
                0x0802218c                _strdup_r
 .text          0x080221f4       0x74 /package/eda/altera/altera13.0sp1/nios2eds/bin/gnu/H-i686-pc-linux-gnu/bin/../lib/gcc/nios2-elf/4.1.2/../../../../nios2-elf/lib/mno-hw-mul/libc.a(lib_a-strlen.o)
                0x080221f4                strlen
 .text          0x08022268       0xf0 /package/eda/altera/altera13.0sp1/nios2eds/bin/gnu/H-i686-pc-linux-gnu/bin/../lib/gcc/nios2-elf/4.1.2/../../../../nios2-elf/lib/mno-hw-mul/libc.a(lib_a-strncmp.o)
                0x08022268                strncmp
 .text          0x08022358     0x1f40 /package/eda/altera/altera13.0sp1/nios2eds/bin/gnu/H-i686-pc-linux-gnu/bin/../lib/gcc/nios2-elf/4.1.2/../../../../nios2-elf/lib/mno-hw-mul/libc.a(lib_a-vfprintf.o)
                0x080223b0                ___vfprintf_internal_r
                0x08024274                __vfprintf_internal
 .text          0x08024298     0x1788 /package/eda/altera/altera13.0sp1/nios2eds/bin/gnu/H-i686-pc-linux-gnu/bin/../lib/gcc/nios2-elf/4.1.2/../../../../nios2-elf/lib/mno-hw-mul/libc.a(lib_a-vfscanf.o)
                0x08024298                __svfscanf_r
                0x08025920                __svfscanf
                0x08025944                _vfscanf_r
                0x080259ac                vfscanf
 .text          0x08025a20      0x14c /package/eda/altera/altera13.0sp1/nios2eds/bin/gnu/H-i686-pc-linux-gnu/bin/../lib/gcc/nios2-elf/4.1.2/../../../../nios2-elf/lib/mno-hw-mul/libc.a(lib_a-wbuf.o)
                0x08025a20                __swbuf_r
                0x08025b50                __swbuf
 .text          0x08025b6c       0x78 /package/eda/altera/altera13.0sp1/nios2eds/bin/gnu/H-i686-pc-linux-gnu/bin/../lib/gcc/nios2-elf/4.1.2/../../../../nios2-elf/lib/mno-hw-mul/libc.a(lib_a-writer.o)
                0x08025b6c                _write_r
 .text          0x08025be4      0x13c /package/eda/altera/altera13.0sp1/nios2eds/bin/gnu/H-i686-pc-linux-gnu/bin/../lib/gcc/nios2-elf/4.1.2/../../../../nios2-elf/lib/mno-hw-mul/libc.a(lib_a-wsetup.o)
                0x08025be4                __swsetup_r
 .text          0x08025d20      0x1b4 /package/eda/altera/altera13.0sp1/nios2eds/bin/gnu/H-i686-pc-linux-gnu/bin/../lib/gcc/nios2-elf/4.1.2/../../../../nios2-elf/lib/mno-hw-mul/libc.a(lib_a-__call_atexit.o)
                0x08025d24                __call_exitprocs
 .text          0x08025ed4       0x70 /package/eda/altera/altera13.0sp1/nios2eds/bin/gnu/H-i686-pc-linux-gnu/bin/../lib/gcc/nios2-elf/4.1.2/../../../../nios2-elf/lib/mno-hw-mul/libc.a(lib_a-closer.o)
                0x08025ed4                _close_r
 .text          0x08025f44     0x17f8 /package/eda/altera/altera13.0sp1/nios2eds/bin/gnu/H-i686-pc-linux-gnu/bin/../lib/gcc/nios2-elf/4.1.2/../../../../nios2-elf/lib/mno-hw-mul/libc.a(lib_a-dtoa.o)
                0x08026188                _dtoa_r
 .text          0x0802773c        0x0 /package/eda/altera/altera13.0sp1/nios2eds/bin/gnu/H-i686-pc-linux-gnu/bin/../lib/gcc/nios2-elf/4.1.2/../../../../nios2-elf/lib/mno-hw-mul/libc.a(lib_a-environ.o)
 .text          0x0802773c       0xa0 /package/eda/altera/altera13.0sp1/nios2eds/bin/gnu/H-i686-pc-linux-gnu/bin/../lib/gcc/nios2-elf/4.1.2/../../../../nios2-elf/lib/mno-hw-mul/libc.a(lib_a-flags.o)
                0x0802773c                __sflags
 .text          0x080277dc      0x49c /package/eda/altera/altera13.0sp1/nios2eds/bin/gnu/H-i686-pc-linux-gnu/bin/../lib/gcc/nios2-elf/4.1.2/../../../../nios2-elf/lib/mno-hw-mul/libc.a(lib_a-fvwrite.o)
                0x080277dc                __sfvwrite_r
 .text          0x08027c78       0x70 /package/eda/altera/altera13.0sp1/nios2eds/bin/gnu/H-i686-pc-linux-gnu/bin/../lib/gcc/nios2-elf/4.1.2/../../../../nios2-elf/lib/mno-hw-mul/libc.a(lib_a-isattyr.o)
                0x08027c78                _isatty_r
 .text          0x08027ce8       0x2c /package/eda/altera/altera13.0sp1/nios2eds/bin/gnu/H-i686-pc-linux-gnu/bin/../lib/gcc/nios2-elf/4.1.2/../../../../nios2-elf/lib/mno-hw-mul/libc.a(lib_a-iswspace.o)
                0x08027ce8                iswspace
 .text          0x08027d14       0xc4 /package/eda/altera/altera13.0sp1/nios2eds/bin/gnu/H-i686-pc-linux-gnu/bin/../lib/gcc/nios2-elf/4.1.2/../../../../nios2-elf/lib/mno-hw-mul/libc.a(lib_a-locale.o)
                0x08027d14                __locale_charset
                0x08027d1c                _localeconv_r
                0x08027d28                localeconv
                0x08027d38                _setlocale_r
                0x08027dbc                setlocale
 .text          0x08027dd8       0x78 /package/eda/altera/altera13.0sp1/nios2eds/bin/gnu/H-i686-pc-linux-gnu/bin/../lib/gcc/nios2-elf/4.1.2/../../../../nios2-elf/lib/mno-hw-mul/libc.a(lib_a-lseekr.o)
                0x08027dd8                _lseek_r
 .text          0x08027e50       0xc0 /package/eda/altera/altera13.0sp1/nios2eds/bin/gnu/H-i686-pc-linux-gnu/bin/../lib/gcc/nios2-elf/4.1.2/../../../../nios2-elf/lib/mno-hw-mul/libc.a(lib_a-mbrtowc.o)
                0x08027e50                _mbrtowc_r
                0x08027ed0                mbrtowc
 .text          0x08027f10       0x40 /package/eda/altera/altera13.0sp1/nios2eds/bin/gnu/H-i686-pc-linux-gnu/bin/../lib/gcc/nios2-elf/4.1.2/../../../../nios2-elf/lib/mno-hw-mul/libc.a(lib_a-mbtowc_r.o)
                0x08027f10                _mbtowc_r
 .text          0x08027f50       0xe4 /package/eda/altera/altera13.0sp1/nios2eds/bin/gnu/H-i686-pc-linux-gnu/bin/../lib/gcc/nios2-elf/4.1.2/../../../../nios2-elf/lib/mno-hw-mul/libc.a(lib_a-memchr.o)
                0x08027f50                memchr
 .text          0x08028034       0xe0 /package/eda/altera/altera13.0sp1/nios2eds/bin/gnu/H-i686-pc-linux-gnu/bin/../lib/gcc/nios2-elf/4.1.2/../../../../nios2-elf/lib/mno-hw-mul/libc.a(lib_a-memmove.o)
                0x08028034                memmove
 .text          0x08028114     0x108c /package/eda/altera/altera13.0sp1/nios2eds/bin/gnu/H-i686-pc-linux-gnu/bin/../lib/gcc/nios2-elf/4.1.2/../../../../nios2-elf/lib/mno-hw-mul/libc.a(lib_a-mprec.o)
                0x08028114                _Bfree
                0x0802813c                __hi0bits
                0x080281ac                __lo0bits
                0x08028270                __mcmp
                0x080282d0                __ulp
                0x08028350                __b2d
                0x08028470                __ratio
                0x08028520                _mprec_log10
                0x080285b4                __copybits
                0x0802860c                __any_on
                0x08028694                _Balloc
                0x08028750                __d2b
                0x080288cc                __mdiff
                0x08028a58                __lshift
                0x08028ba4                __multiply
                0x08028df8                __i2b
                0x08028e34                __multadd
                0x08028f60                __pow5mult
                0x08029080                __s2b
 .text          0x080291a0       0x78 /package/eda/altera/altera13.0sp1/nios2eds/bin/gnu/H-i686-pc-linux-gnu/bin/../lib/gcc/nios2-elf/4.1.2/../../../../nios2-elf/lib/mno-hw-mul/libc.a(lib_a-readr.o)
                0x080291a0                _read_r
 .text          0x08029218      0x5f4 /package/eda/altera/altera13.0sp1/nios2eds/bin/gnu/H-i686-pc-linux-gnu/bin/../lib/gcc/nios2-elf/4.1.2/../../../../nios2-elf/lib/mno-hw-mul/libc.a(lib_a-reallocr.o)
                0x08029218                _realloc_r
 .text          0x0802980c       0x40 /package/eda/altera/altera13.0sp1/nios2eds/bin/gnu/H-i686-pc-linux-gnu/bin/../lib/gcc/nios2-elf/4.1.2/../../../../nios2-elf/lib/mno-hw-mul/libc.a(lib_a-s_isinfd.o)
                0x0802980c                __isinfd
 .text          0x0802984c       0x30 /package/eda/altera/altera13.0sp1/nios2eds/bin/gnu/H-i686-pc-linux-gnu/bin/../lib/gcc/nios2-elf/4.1.2/../../../../nios2-elf/lib/mno-hw-mul/libc.a(lib_a-s_isnand.o)
                0x0802984c                __isnand
 .text          0x0802987c       0xc0 /package/eda/altera/altera13.0sp1/nios2eds/bin/gnu/H-i686-pc-linux-gnu/bin/../lib/gcc/nios2-elf/4.1.2/../../../../nios2-elf/lib/mno-hw-mul/libc.a(lib_a-sccl.o)
                0x0802987c                __sccl
 .text          0x0802993c        0x8 /package/eda/altera/altera13.0sp1/nios2eds/bin/gnu/H-i686-pc-linux-gnu/bin/../lib/gcc/nios2-elf/4.1.2/../../../../nios2-elf/lib/mno-hw-mul/libc.a(lib_a-sf_nan.o)
                0x0802993c                nanf
 .text          0x08029944       0xbc /package/eda/altera/altera13.0sp1/nios2eds/bin/gnu/H-i686-pc-linux-gnu/bin/../lib/gcc/nios2-elf/4.1.2/../../../../nios2-elf/lib/mno-hw-mul/libc.a(lib_a-strcmp.o)
                0x08029944                strcmp
 .text          0x08029a00     0x1754 /package/eda/altera/altera13.0sp1/nios2eds/bin/gnu/H-i686-pc-linux-gnu/bin/../lib/gcc/nios2-elf/4.1.2/../../../../nios2-elf/lib/mno-hw-mul/libc.a(lib_a-strtod.o)
                0x08029a48                _strtod_r
                0x0802b014                strtof
                0x0802b138                strtod
 .text          0x0802b154      0x274 /package/eda/altera/altera13.0sp1/nios2eds/bin/gnu/H-i686-pc-linux-gnu/bin/../lib/gcc/nios2-elf/4.1.2/../../../../nios2-elf/lib/mno-hw-mul/libc.a(lib_a-strtol.o)
                0x0802b154                _strtol_r
                0x0802b3a4                strtol
 .text          0x0802b3c8      0x318 /package/eda/altera/altera13.0sp1/nios2eds/bin/gnu/H-i686-pc-linux-gnu/bin/../lib/gcc/nios2-elf/4.1.2/../../../../nios2-elf/lib/mno-hw-mul/libc.a(lib_a-strtoll_r.o)
                0x0802b3c8                _strtoll_r
 .text          0x0802b6e0      0x264 /package/eda/altera/altera13.0sp1/nios2eds/bin/gnu/H-i686-pc-linux-gnu/bin/../lib/gcc/nios2-elf/4.1.2/../../../../nios2-elf/lib/mno-hw-mul/libc.a(lib_a-strtoul.o)
                0x0802b6e0                _strtoul_r
                0x0802b920                strtoul
 .text          0x0802b944      0x2f0 /package/eda/altera/altera13.0sp1/nios2eds/bin/gnu/H-i686-pc-linux-gnu/bin/../lib/gcc/nios2-elf/4.1.2/../../../../nios2-elf/lib/mno-hw-mul/libc.a(lib_a-strtoull_r.o)
                0x0802b944                _strtoull_r
 .text          0x0802bc34      0x294 /package/eda/altera/altera13.0sp1/nios2eds/bin/gnu/H-i686-pc-linux-gnu/bin/../lib/gcc/nios2-elf/4.1.2/../../../../nios2-elf/lib/mno-hw-mul/libc.a(lib_a-ungetc.o)
                0x0802bc34                __submore
                0x0802bd10                _ungetc_r
                0x0802beac                ungetc
 .text          0x0802bec8       0xc8 /package/eda/altera/altera13.0sp1/nios2eds/bin/gnu/H-i686-pc-linux-gnu/bin/../lib/gcc/nios2-elf/4.1.2/../../../../nios2-elf/lib/mno-hw-mul/libc.a(lib_a-callocr.o)
                0x0802bec8                _calloc_r
 .text          0x0802bf90      0x938 /package/eda/altera/altera13.0sp1/nios2eds/bin/gnu/H-i686-pc-linux-gnu/bin/../lib/gcc/nios2-elf/4.1.2/../../../../nios2-elf/lib/mno-hw-mul/libc.a(lib_a-gdtoa-gethex.o)
                0x0802bfb4                __hexdig_init
                0x0802c0cc                __gethex
 .text          0x0802c8c8      0x294 /package/eda/altera/altera13.0sp1/nios2eds/bin/gnu/H-i686-pc-linux-gnu/bin/../lib/gcc/nios2-elf/4.1.2/../../../../nios2-elf/lib/mno-hw-mul/libc.a(lib_a-gdtoa-hexnan.o)
                0x0802c914                __hexnan
 .text          0x0802cb5c       0xa4 /package/eda/altera/altera13.0sp1/nios2eds/bin/gnu/H-i686-pc-linux-gnu/bin/../lib/gcc/nios2-elf/4.1.2/mno-hw-mul/libgcc.a(_fixunsdfsi.o)
                0x0802cb5c                __fixunsdfsi
 .text          0x0802cc00      0x66c /package/eda/altera/altera13.0sp1/nios2eds/bin/gnu/H-i686-pc-linux-gnu/bin/../lib/gcc/nios2-elf/4.1.2/mno-hw-mul/libgcc.a(_udivdi3.o)
                0x0802cc00                __udivdi3
 .text          0x0802d26c      0x660 /package/eda/altera/altera13.0sp1/nios2eds/bin/gnu/H-i686-pc-linux-gnu/bin/../lib/gcc/nios2-elf/4.1.2/mno-hw-mul/libgcc.a(_umoddi3.o)
                0x0802d26c                __umoddi3
 .text          0x0802d8cc       0x78 /package/eda/altera/altera13.0sp1/nios2eds/bin/gnu/H-i686-pc-linux-gnu/bin/../lib/gcc/nios2-elf/4.1.2/mno-hw-mul/libgcc.a(_ne_sf.o)
                0x0802d8cc                __nesf2
 .text          0x0802d944       0x78 /package/eda/altera/altera13.0sp1/nios2eds/bin/gnu/H-i686-pc-linux-gnu/bin/../lib/gcc/nios2-elf/4.1.2/mno-hw-mul/libgcc.a(_gt_sf.o)
                0x0802d944                __gtsf2
 .text          0x0802d9bc       0x78 /package/eda/altera/altera13.0sp1/nios2eds/bin/gnu/H-i686-pc-linux-gnu/bin/../lib/gcc/nios2-elf/4.1.2/mno-hw-mul/libgcc.a(_lt_sf.o)
                0x0802d9bc                __ltsf2
 .text          0x0802da34      0x504 /package/eda/altera/altera13.0sp1/nios2eds/bin/gnu/H-i686-pc-linux-gnu/bin/../lib/gcc/nios2-elf/4.1.2/mno-hw-mul/libgcc.a(_addsub_df.o)
                0x0802de44                __subdf3
                0x0802dec4                __adddf3
 .text          0x0802df38       0x88 /package/eda/altera/altera13.0sp1/nios2eds/bin/gnu/H-i686-pc-linux-gnu/bin/../lib/gcc/nios2-elf/4.1.2/mno-hw-mul/libgcc.a(_eq_df.o)
                0x0802df38                __eqdf2
 .text          0x0802dfc0       0x88 /package/eda/altera/altera13.0sp1/nios2eds/bin/gnu/H-i686-pc-linux-gnu/bin/../lib/gcc/nios2-elf/4.1.2/mno-hw-mul/libgcc.a(_ne_df.o)
                0x0802dfc0                __nedf2
 .text          0x0802e048       0x88 /package/eda/altera/altera13.0sp1/nios2eds/bin/gnu/H-i686-pc-linux-gnu/bin/../lib/gcc/nios2-elf/4.1.2/mno-hw-mul/libgcc.a(_gt_df.o)
                0x0802e048                __gtdf2
 .text          0x0802e0d0       0x88 /package/eda/altera/altera13.0sp1/nios2eds/bin/gnu/H-i686-pc-linux-gnu/bin/../lib/gcc/nios2-elf/4.1.2/mno-hw-mul/libgcc.a(_ge_df.o)
                0x0802e0d0                __gedf2
 .text          0x0802e158       0x88 /package/eda/altera/altera13.0sp1/nios2eds/bin/gnu/H-i686-pc-linux-gnu/bin/../lib/gcc/nios2-elf/4.1.2/mno-hw-mul/libgcc.a(_lt_df.o)
                0x0802e158                __ltdf2
 .text          0x0802e1e0       0x88 /package/eda/altera/altera13.0sp1/nios2eds/bin/gnu/H-i686-pc-linux-gnu/bin/../lib/gcc/nios2-elf/4.1.2/mno-hw-mul/libgcc.a(_le_df.o)
                0x0802e1e0                __ledf2
 .text          0x0802e268       0xf8 /package/eda/altera/altera13.0sp1/nios2eds/bin/gnu/H-i686-pc-linux-gnu/bin/../lib/gcc/nios2-elf/4.1.2/mno-hw-mul/libgcc.a(_si_to_df.o)
                0x0802e268                __floatsidf
 .text          0x0802e360       0xd8 /package/eda/altera/altera13.0sp1/nios2eds/bin/gnu/H-i686-pc-linux-gnu/bin/../lib/gcc/nios2-elf/4.1.2/mno-hw-mul/libgcc.a(_df_to_si.o)
                0x0802e360                __fixdfsi
 .text          0x0802e438       0xa8 /package/eda/altera/altera13.0sp1/nios2eds/bin/gnu/H-i686-pc-linux-gnu/bin/../lib/gcc/nios2-elf/4.1.2/mno-hw-mul/libgcc.a(_fpcmp_parts_sf.o)
                0x0802e438                __fpcmp_parts_f
 .text          0x0802e4e0       0xc8 /package/eda/altera/altera13.0sp1/nios2eds/bin/gnu/H-i686-pc-linux-gnu/bin/../lib/gcc/nios2-elf/4.1.2/mno-hw-mul/libgcc.a(_fpcmp_parts_df.o)
                0x0802e4e0                __fpcmp_parts_d
 .text          0x0802e5a8       0xf4 ../demo_board_bsp//libhal_bsp.a(alt_close.o)
                0x0802e5a8                close
 .text          0x0802e69c        0x8 ../demo_board_bsp//libhal_bsp.a(alt_dev.o)
 .text          0x0802e6a4        0x8 ../demo_board_bsp//libhal_bsp.a(alt_env_lock.o)
                0x0802e6a4                __env_lock
                0x0802e6a8                __env_unlock
 .text          0x0802e6ac        0x0 ../demo_board_bsp//libhal_bsp.a(alt_errno.o)
 .text          0x0802e6ac       0x14 ../demo_board_bsp//libhal_bsp.a(alt_exit.o)
                0x0802e6ac                _exit
 .text          0x0802e6c0       0xac ../demo_board_bsp//libhal_bsp.a(alt_fstat.o)
                0x0802e6c0                fstat
 .text          0x0802e76c       0xa4 ../demo_board_bsp//libhal_bsp.a(alt_isatty.o)
                0x0802e76c                isatty
 .text          0x0802e810       0xb4 ../demo_board_bsp//libhal_bsp.a(alt_load.o)
                0x0802e810                alt_load
 .text          0x0802e8c4       0xbc ../demo_board_bsp//libhal_bsp.a(alt_lseek.o)
                0x0802e8c4                lseek
 .text          0x0802e980       0x60 ../demo_board_bsp//libhal_bsp.a(alt_main.o)
                0x0802e980                alt_main
 .text          0x0802e9e0        0x8 ../demo_board_bsp//libhal_bsp.a(alt_malloc_lock.o)
                0x0802e9e0                __malloc_lock
                0x0802e9e4                __malloc_unlock
 .text          0x0802e9e8      0x18c ../demo_board_bsp//libhal_bsp.a(alt_open.o)
                0x0802e9e8                open
 .text          0x0802eb74      0x140 ../demo_board_bsp//libhal_bsp.a(alt_read.o)
                0x0802eb74                read
 .text          0x0802ecb4       0x5c ../demo_board_bsp//libhal_bsp.a(alt_release_fd.o)
                0x0802ecb4                alt_release_fd
 .text          0x0802ed10       0x54 ../demo_board_bsp//libhal_bsp.a(alt_sbrk.o)
                0x0802ed10                sbrk
 .text          0x0802ed64      0x13c ../demo_board_bsp//libhal_bsp.a(alt_write.o)
                0x0802ed64                write
 .text          0x0802eea0      0x160 ../demo_board_bsp//libhal_bsp.a(alt_sys_init.o)
                0x0802eea0                alt_irq_init
                0x0802eec0                alt_sys_init
 .text          0x0802f000      0x580 ../demo_board_bsp//libhal_bsp.a(altera_avalon_cfi_flash.o)
                0x0802f000                alt_flash_cfi_get_info
                0x0802f038                alt_flash_program_block
                0x0802f2c4                alt_write_value_to_flash
                0x0802f35c                alt_flash_cfi_read
                0x0802f388                alt_flash_cfi_write
                0x0802f518                alt_flash_cfi_init
 .text          0x0802f580      0xc28 ../demo_board_bsp//libhal_bsp.a(altera_avalon_cfi_flash_table.o)
                0x0802f580                alt_set_flash_width_func
                0x0802f6b0                alt_set_flash_algorithm_func
                0x0802f720                alt_read_query_entry_8bit
                0x0802f734                alt_read_query_entry_16bit
                0x0802f74c                alt_read_query_entry_32bit
                0x0802f768                alt_write_native_32bit
                0x0802f770                alt_write_flash_command_32bit_device_32bit_mode
                0x0802f788                alt_write_native_16bit
                0x0802f794                alt_write_flash_command_32bit_device_16bit_mode
                0x0802f7ac                alt_write_flash_command_16bit_device_16bit_mode
                0x0802f7c0                alt_write_native_8bit
                0x0802f7cc                alt_write_flash_command_32bit_device_8bit_mode
                0x0802f7e4                alt_write_flash_command_16bit_device_8bit_mode
                0x0802f80c                alt_write_flash_command_8bit_device_8bit_mode
                0x0802f81c                alt_read_cfi_width
                0x0802fce8                alt_check_primary_table
                0x0802fdc0                alt_read_cfi_table
 .text          0x080301a8       0x3c ../demo_board_bsp//libhal_bsp.a(altera_avalon_jtag_uart_fd.o)
                0x080301a8                altera_avalon_jtag_uart_ioctl_fd
                0x080301b4                altera_avalon_jtag_uart_close_fd
                0x080301c4                altera_avalon_jtag_uart_write_fd
                0x080301d4                altera_avalon_jtag_uart_read_fd
 .text          0x080301e4      0x228 ../demo_board_bsp//libhal_bsp.a(altera_avalon_jtag_uart_init.o)
                0x080301e4                altera_avalon_jtag_uart_close
                0x08030284                altera_avalon_jtag_uart_init
 .text          0x0803040c       0x88 ../demo_board_bsp//libhal_bsp.a(altera_avalon_jtag_uart_ioctl.o)
                0x0803040c                altera_avalon_jtag_uart_ioctl
 .text          0x08030494      0x16c ../demo_board_bsp//libhal_bsp.a(altera_avalon_jtag_uart_read.o)
                0x08030494                altera_avalon_jtag_uart_read
 .text          0x08030600      0x184 ../demo_board_bsp//libhal_bsp.a(altera_avalon_jtag_uart_write.o)
                0x08030600                altera_avalon_jtag_uart_write
 .text          0x08030784       0x80 ../demo_board_bsp//libhal_bsp.a(altera_avalon_performance_counter.o)
                0x08030784                alt_get_performance_counter_base
                0x08030790                alt_get_cpu_freq
                0x0803079c                perf_get_num_starts
                0x080307ac                perf_get_section_time
                0x080307dc                perf_get_total_time
 .text          0x08030804      0x97c ../demo_board_bsp//libhal_bsp.a(altera_ro_zipfs.o)
                0x08030804                check_directory_header
                0x08030950                alt_ro_zipfs_fstat
                0x08030a8c                alt_ro_zipfs_check_valid
                0x08030c78                alt_ro_zipfs_open
                0x08030e58                alt_ro_zipfs_seek
                0x08031000                alt_ro_zipfs_read
 .text          0x08031180      0xd0c ../demo_board_bsp//libhal_bsp.a(altera_up_avalon_video_pixel_buffer_dma.o)
                0x08031180                helper_plot_pixel
                0x08031250                alt_up_pixel_buffer_dma_draw_vline
                0x08031434                alt_up_pixel_buffer_dma_draw_hline
                0x08031604                alt_up_pixel_buffer_dma_draw_rectangle
                0x080316d0                alt_up_pixel_buffer_dma_draw_box
                0x0803194c                alt_up_pixel_buffer_dma_clear_screen
                0x08031a14                alt_up_pixel_buffer_dma_swap_buffers
                0x08031a38                alt_up_pixel_buffer_dma_draw
                0x08031b2c                alt_up_pixel_buffer_dma_check_swap_buffers_status
                0x08031b3c                alt_up_pixel_buffer_dma_change_back_buffer_address
                0x08031b64                alt_up_pixel_buffer_dma_open_dev
                0x08031b70                alt_up_pixel_buffer_dma_draw_line
 .text          0x08031e8c      0x1ec ../demo_board_bsp//libhal_bsp.a(perf_print_formatted_report.o)
                0x08031e8c                perf_print_formatted_report
 .text          0x08032078       0x94 ../demo_board_bsp//libhal_bsp.a(alt_alarm_start.o)
                0x08032078                alt_alarm_start
 .text          0x0803210c        0x4 ../demo_board_bsp//libhal_bsp.a(alt_dcache_flush.o)
                0x0803210c                alt_dcache_flush
 .text          0x08032110        0x4 ../demo_board_bsp//libhal_bsp.a(alt_dcache_flush_all.o)
                0x08032110                alt_dcache_flush_all
 .text          0x08032114       0x7c ../demo_board_bsp//libhal_bsp.a(alt_dev_llist_insert.o)
                0x08032114                alt_dev_llist_insert
 .text          0x08032190       0x4c ../demo_board_bsp//libhal_bsp.a(alt_do_ctors.o)
                0x08032190                _do_ctors
 .text          0x080321dc       0x4c ../demo_board_bsp//libhal_bsp.a(alt_do_dtors.o)
                0x080321dc                _do_dtors
 .text          0x08032228       0x94 ../demo_board_bsp//libhal_bsp.a(alt_find_dev.o)
                0x08032228                alt_find_dev
 .text          0x080322bc       0xb0 ../demo_board_bsp//libhal_bsp.a(alt_find_file.o)
                0x080322bc                alt_find_file
 .text          0x0803236c       0x60 ../demo_board_bsp//libhal_bsp.a(alt_flash_dev.o)
                0x0803236c                alt_flash_close_dev
                0x08032380                alt_flash_open_dev
 .text          0x080323cc       0x38 ../demo_board_bsp//libhal_bsp.a(alt_fs_reg.o)
                0x080323cc                alt_fs_reg
 .text          0x08032404       0x60 ../demo_board_bsp//libhal_bsp.a(alt_get_fd.o)
                0x08032404                alt_get_fd
 .text          0x08032464        0x4 ../demo_board_bsp//libhal_bsp.a(alt_icache_flush_all.o)
                0x08032464                alt_icache_flush_all
 .text          0x08032468       0x9c ../demo_board_bsp//libhal_bsp.a(alt_iic.o)
                0x08032468                alt_ic_irq_enabled
                0x08032480                alt_ic_irq_enable
                0x080324c0                alt_ic_irq_disable
                0x08032500                alt_ic_isr_register
 .text          0x08032504       0x88 ../demo_board_bsp//libhal_bsp.a(alt_iic_isr_register.o)
                0x08032504                alt_iic_isr_register
 .text          0x0803258c      0x14c ../demo_board_bsp//libhal_bsp.a(alt_io_redirect.o)
                0x0803258c                alt_io_redirect
 .text          0x080326d8        0x0 ../demo_board_bsp//libhal_bsp.a(alt_irq_entry.o)
 .text          0x080326d8        0x0 ../demo_board_bsp//libhal_bsp.a(alt_irq_handler.o)
 .text          0x080326d8        0x0 ../demo_board_bsp//libhal_bsp.a(alt_irq_vars.o)
 .text          0x080326d8      0x11c ../demo_board_bsp//libhal_bsp.a(alt_tick.o)
                0x080326d8                alt_alarm_stop
                0x0803270c                alt_tick
 .text          0x080327f4        0x8 ../demo_board_bsp//libhal_bsp.a(altera_nios2_qsys_irq.o)
                0x080327f4                altera_nios2_qsys_irq_init
 .text          0x080327fc      0x2ec ../demo_board_bsp//libhal_bsp.a(altera_avalon_cfi_flash_amd.o)
                0x080327fc                alt_erase_block_amd
                0x08032978                alt_program_amd
 .text          0x08032ae8      0x330 ../demo_board_bsp//libhal_bsp.a(altera_avalon_cfi_flash_intel.o)
                0x08032bf0                alt_erase_block_intel
                0x08032cf4                alt_program_intel
 .text          0x08032e18        0x0 ../demo_board_bsp//libhal_bsp.a(alt_exception_entry.o)
 .text          0x08032e18        0x4 ../demo_board_bsp//libhal_bsp.a(alt_usleep.o)
                0x08032e18                usleep
 .text          0x08032e1c       0xa4 ../demo_board_bsp//libhal_bsp.a(alt_busy_sleep.o)
                0x08032e1c                alt_busy_sleep
 .text          0x08032ec0       0x14 /package/eda/altera/altera13.0sp1/nios2eds/bin/gnu/H-i686-pc-linux-gnu/bin/../lib/gcc/nios2-elf/4.1.2/../../../../nios2-elf/lib/mno-hw-mul/libc.a(lib_a-atexit.o)
                0x08032ec0                atexit
 .text          0x08032ed4       0x74 /package/eda/altera/altera13.0sp1/nios2eds/bin/gnu/H-i686-pc-linux-gnu/bin/../lib/gcc/nios2-elf/4.1.2/../../../../nios2-elf/lib/mno-hw-mul/libc.a(lib_a-memcmp.o)
                0x08032ed4                memcmp
 .text          0x08032f48      0x134 /package/eda/altera/altera13.0sp1/nios2eds/bin/gnu/H-i686-pc-linux-gnu/bin/../lib/gcc/nios2-elf/4.1.2/../../../../nios2-elf/lib/mno-hw-mul/libc.a(lib_a-__atexit.o)
                0x08032f48                __register_exitproc
 .text          0x0803307c       0x88 /package/eda/altera/altera13.0sp1/nios2eds/bin/gnu/H-i686-pc-linux-gnu/bin/../lib/gcc/nios2-elf/4.1.2/mno-hw-mul/libgcc.a(_floatundidf.o)
                0x0803307c                __floatundidf
 .text          0x08033104        0x0 /package/eda/altera/altera13.0sp1/nios2eds/bin/gnu/H-i686-pc-linux-gnu/bin/../lib/gcc/nios2-elf/4.1.2/mno-hw-mul/libgcc.a(lib2-divtable.o)
 *(.gnu.warning.*)
 *(.fini)
                0x08033104                PROVIDE (__etext, ABSOLUTE (.))
                0x08033104                PROVIDE (_etext, ABSOLUTE (.))
                0x08033104                PROVIDE (etext, ABSOLUTE (.))
 *(.eh_frame_hdr)
                0x08033104                . = ALIGN (0x4)
                0x08033104                PROVIDE (__preinit_array_start, ABSOLUTE (.))
 *(.preinit_array)
                0x08033104                PROVIDE (__preinit_array_end, ABSOLUTE (.))
                0x08033104                PROVIDE (__init_array_start, ABSOLUTE (.))
 *(.init_array)
                0x08033104                PROVIDE (__init_array_end, ABSOLUTE (.))
                0x08033104                PROVIDE (__fini_array_start, ABSOLUTE (.))
 *(.fini_array)
                0x08033104                PROVIDE (__fini_array_end, ABSOLUTE (.))
 *(.eh_frame)
 *(.gcc_except_table)
 *(.dynamic)
                0x08033104                PROVIDE (__CTOR_LIST__, ABSOLUTE (.))
 *(.ctors)
 *(SORT(.ctors.*))
 .ctors.65535   0x08033104        0x4 /package/eda/altera/altera13.0sp1/nios2eds/bin/gnu/H-i686-pc-linux-gnu/bin/../lib/gcc/nios2-elf/4.1.2/../../../../nios2-elf/lib/mno-hw-mul/libc.a(lib_a-__call_atexit.o)
                0x08033108                PROVIDE (__CTOR_END__, ABSOLUTE (.))
                0x08033108                PROVIDE (__DTOR_LIST__, ABSOLUTE (.))
 *(.dtors)
 *(SORT(.dtors.*))
                0x08033108                PROVIDE (__DTOR_END__, ABSOLUTE (.))
 *(.jcr)
                0x08033108                . = ALIGN (0x4)

.rodata         0x08033108     0x30ac
                0x08033108                PROVIDE (__ram_rodata_start, ABSOLUTE (.))
                0x08033108                . = ALIGN (0x4)
 *(.rodata .rodata.* .gnu.linkonce.r.*)
 .rodata.str1.4
                0x08033108      0xcbb obj/default/djpeg.o
                                0xcd4 (size before relaxing)
 *fill*         0x08033dc3        0x1 00
 .rodata        0x08033dc4       0xb0 obj/default/djpeg.o
 .rodata        0x08033e74       0xc0 obj/default/jcdctmgr.o
 .rodata        0x08033f34      0x3a0 obj/default/jcparam.o
 .rodata        0x080342d4       0xc0 obj/default/jddctmgr.o
 .rodata        0x08034394       0x80 obj/default/jdhuff.o
 .rodata        0x08034414       0x80 obj/default/jdphuff.o
 .rodata.str1.4
                0x08034494     0x115b obj/default/jerror.o
                               0x1190 (size before relaxing)
 *fill*         0x080355ef        0x1 00
 .rodata        0x080355f0      0x1e4 obj/default/jerror.o
                0x080355f0                jpeg_std_message_table
 .rodata.str1.4
                0x080357d4        0x8 obj/default/jmemmgr.o
                                 0x10 (size before relaxing)
 .rodata        0x080357dc      0x10c obj/default/jquant1.o
 .rodata        0x080358e8      0x140 obj/default/jutils.o
                0x080358e8                jpeg_natural_order
 .rodata.str1.4
                0x08035a28       0x1f obj/default/wrppm.o
                                 0x20 (size before relaxing)
 *fill*         0x08035a47        0x1 00
 .rodata        0x08035a48       0x10 /package/eda/altera/altera13.0sp1/nios2eds/bin/gnu/H-i686-pc-linux-gnu/bin/../lib/gcc/nios2-elf/4.1.2/mno-hw-mul/libgcc.a(_thenan_sf.o)
                0x08035a48                __thenan_sf
 .rodata        0x08035a58       0x14 /package/eda/altera/altera13.0sp1/nios2eds/bin/gnu/H-i686-pc-linux-gnu/bin/../lib/gcc/nios2-elf/4.1.2/mno-hw-mul/libgcc.a(_thenan_df.o)
                0x08035a58                __thenan_df
 .rodata        0x08035a6c      0x100 /package/eda/altera/altera13.0sp1/nios2eds/bin/gnu/H-i686-pc-linux-gnu/bin/../lib/gcc/nios2-elf/4.1.2/mno-hw-mul/libgcc.a(_clz.o)
                0x08035a6c                __clz_tab
 .rodata        0x08035b6c      0x281 /package/eda/altera/altera13.0sp1/nios2eds/bin/gnu/H-i686-pc-linux-gnu/bin/../lib/gcc/nios2-elf/4.1.2/../../../../nios2-elf/lib/mno-hw-mul/libc.a(lib_a-ctype_.o)
                0x08035b6c                _ctype_
 *fill*         0x08035ded        0x3 00
 .rodata.str1.4
                0x08035df0        0x2 /package/eda/altera/altera13.0sp1/nios2eds/bin/gnu/H-i686-pc-linux-gnu/bin/../lib/gcc/nios2-elf/4.1.2/../../../../nios2-elf/lib/mno-hw-mul/libc.a(lib_a-impure.o)
                                  0x4 (size before relaxing)
 .rodata.str1.4
                0x00000000        0x2 /package/eda/altera/altera13.0sp1/nios2eds/bin/gnu/H-i686-pc-linux-gnu/bin/../lib/gcc/nios2-elf/4.1.2/../../../../nios2-elf/lib/mno-hw-mul/libc.a(lib_a-puts.o)
                                  0x4 (size before relaxing)
 *fill*         0x08035df2        0x2 00
 .rodata.str1.4
                0x08035df4       0x5a /package/eda/altera/altera13.0sp1/nios2eds/bin/gnu/H-i686-pc-linux-gnu/bin/../lib/gcc/nios2-elf/4.1.2/../../../../nios2-elf/lib/mno-hw-mul/libc.a(lib_a-vfprintf.o)
                                 0x60 (size before relaxing)
 .rodata        0x08035e4e       0x20 /package/eda/altera/altera13.0sp1/nios2eds/bin/gnu/H-i686-pc-linux-gnu/bin/../lib/gcc/nios2-elf/4.1.2/../../../../nios2-elf/lib/mno-hw-mul/libc.a(lib_a-vfprintf.o)
 *fill*         0x08035e6e        0x2 00
 .rodata.str1.4
                0x08035e70        0x5 /package/eda/altera/altera13.0sp1/nios2eds/bin/gnu/H-i686-pc-linux-gnu/bin/../lib/gcc/nios2-elf/4.1.2/../../../../nios2-elf/lib/mno-hw-mul/libc.a(lib_a-vfscanf.o)
                                  0x8 (size before relaxing)
 *fill*         0x08035e75        0x1 00
 .rodata        0x08035e76       0x22 /package/eda/altera/altera13.0sp1/nios2eds/bin/gnu/H-i686-pc-linux-gnu/bin/../lib/gcc/nios2-elf/4.1.2/../../../../nios2-elf/lib/mno-hw-mul/libc.a(lib_a-vfscanf.o)
 .rodata.str1.4
                0x08035e98       0x10 /package/eda/altera/altera13.0sp1/nios2eds/bin/gnu/H-i686-pc-linux-gnu/bin/../lib/gcc/nios2-elf/4.1.2/../../../../nios2-elf/lib/mno-hw-mul/libc.a(lib_a-dtoa.o)
                                 0x14 (size before relaxing)
 .rodata.str1.4
                0x08035ea8        0xf /package/eda/altera/altera13.0sp1/nios2eds/bin/gnu/H-i686-pc-linux-gnu/bin/../lib/gcc/nios2-elf/4.1.2/../../../../nios2-elf/lib/mno-hw-mul/libc.a(lib_a-locale.o)
                                 0x18 (size before relaxing)
 *fill*         0x08035eb7        0x1 00
 .rodata        0x08035eb8       0x30 /package/eda/altera/altera13.0sp1/nios2eds/bin/gnu/H-i686-pc-linux-gnu/bin/../lib/gcc/nios2-elf/4.1.2/../../../../nios2-elf/lib/mno-hw-mul/libc.a(lib_a-locale.o)
 .rodata.str1.4
                0x00000000        0x4 /package/eda/altera/altera13.0sp1/nios2eds/bin/gnu/H-i686-pc-linux-gnu/bin/../lib/gcc/nios2-elf/4.1.2/../../../../nios2-elf/lib/mno-hw-mul/libc.a(lib_a-mbrtowc.o)
 .rodata        0x08035ee8      0x124 /package/eda/altera/altera13.0sp1/nios2eds/bin/gnu/H-i686-pc-linux-gnu/bin/../lib/gcc/nios2-elf/4.1.2/../../../../nios2-elf/lib/mno-hw-mul/libc.a(lib_a-mprec.o)
                0x08035ee8                __mprec_tens
                0x08035fb0                __mprec_bigtens
                0x08035fd8                __mprec_tinytens
 .rodata.str1.4
                0x0803600c        0xf /package/eda/altera/altera13.0sp1/nios2eds/bin/gnu/H-i686-pc-linux-gnu/bin/../lib/gcc/nios2-elf/4.1.2/../../../../nios2-elf/lib/mno-hw-mul/libc.a(lib_a-strtod.o)
                                 0x10 (size before relaxing)
 *fill*         0x0803601b        0x1 00
 .rodata        0x0803601c       0x28 /package/eda/altera/altera13.0sp1/nios2eds/bin/gnu/H-i686-pc-linux-gnu/bin/../lib/gcc/nios2-elf/4.1.2/../../../../nios2-elf/lib/mno-hw-mul/libc.a(lib_a-strtod.o)
 .rodata.str1.4
                0x08036044       0x1b /package/eda/altera/altera13.0sp1/nios2eds/bin/gnu/H-i686-pc-linux-gnu/bin/../lib/gcc/nios2-elf/4.1.2/../../../../nios2-elf/lib/mno-hw-mul/libc.a(lib_a-gdtoa-gethex.o)
                                 0x1c (size before relaxing)
 *fill*         0x0803605f        0x1 00
 .rodata.str1.4
                0x08036060        0xa ../demo_board_bsp//libhal_bsp.a(alt_dev.o)
                                  0xc (size before relaxing)
 *fill*         0x0803606a        0x2 00
 .rodata.str1.4
                0x0803606c       0x11 ../demo_board_bsp//libhal_bsp.a(alt_main.o)
                                 0x14 (size before relaxing)
 *fill*         0x0803607d        0x3 00
 .rodata.str1.4
                0x08036080       0x31 ../demo_board_bsp//libhal_bsp.a(alt_sys_init.o)
                                 0x68 (size before relaxing)
 *fill*         0x080360b1        0x3 00
 .rodata.str1.4
                0x080360b4      0x100 ../demo_board_bsp//libhal_bsp.a(perf_print_formatted_report.o)
 *(.rodata1)
                0x080361b4                . = ALIGN (0x4)
                0x080361b4                PROVIDE (__ram_rodata_end, ABSOLUTE (.))
                0x08033108                PROVIDE (__flash_rodata_start, LOADADDR (.rodata))

.rwdata         0x080361b4     0x1d00 load address 0x08037eb4
                0x080361b4                PROVIDE (__ram_rwdata_start, ABSOLUTE (.))
                0x080361b4                . = ALIGN (0x4)
 *(.got.plt)
 *(.got)
 *(.data1)
 *(.data .data.* .gnu.linkonce.d.*)
 .data          0x080361b4        0x0 ../demo_board_bsp//obj/HAL/src/crt0.o
 .data          0x080361b4        0x0 obj/default/cdjpeg.o
 .data          0x080361b4        0x0 obj/default/djpeg.o
 .data          0x080361b4        0x0 obj/default/jcapimin.o
 .data          0x080361b4        0x0 obj/default/jcapistd.o
 .data          0x080361b4        0x0 obj/default/jccoefct.o
 .data          0x080361b4        0x0 obj/default/jccolor.o
 .data          0x080361b4        0x0 obj/default/jcdctmgr.o
 .data          0x080361b4        0x0 obj/default/jchuff.o
 .data          0x080361b4        0x0 obj/default/jcinit.o
 .data          0x080361b4        0x0 obj/default/jcmainct.o
 .data          0x080361b4        0x0 obj/default/jcmarker.o
 .data          0x080361b4        0x0 obj/default/jcmaster.o
 .data          0x080361b4        0x0 obj/default/jcomapi.o
 .data          0x080361b4        0x0 obj/default/jcparam.o
 .data          0x080361b4        0x0 obj/default/jcphuff.o
 .data          0x080361b4        0x0 obj/default/jcprepct.o
 .data          0x080361b4        0x0 obj/default/jcsample.o
 .data          0x080361b4        0x0 obj/default/jctrans.o
 .data          0x080361b4        0x0 obj/default/jdapimin.o
 .data          0x080361b4        0x0 obj/default/jdapistd.o
 .data          0x080361b4        0x0 obj/default/jdatadst.o
 .data          0x080361b4        0x0 obj/default/jdatasrc.o
 .data          0x080361b4        0x0 obj/default/jdcoefct.o
 .data          0x080361b4        0x0 obj/default/jdcolor.o
 .data          0x080361b4        0x0 obj/default/jddctmgr.o
 .data          0x080361b4        0x0 obj/default/jdhuff.o
 .data          0x080361b4        0x0 obj/default/jdinput.o
 .data          0x080361b4        0x0 obj/default/jdmainct.o
 .data          0x080361b4        0x0 obj/default/jdmarker.o
 .data          0x080361b4        0x0 obj/default/jdmaster.o
 .data          0x080361b4        0x0 obj/default/jdmerge.o
 .data          0x080361b4        0x0 obj/default/jdphuff.o
 .data          0x080361b4        0x0 obj/default/jdpostct.o
 .data          0x080361b4        0x0 obj/default/jdsample.o
 .data          0x080361b4        0x0 obj/default/jdtrans.o
 .data          0x080361b4        0x0 obj/default/jerror.o
 .data          0x080361b4        0x0 obj/default/jfdctflt.o
 .data          0x080361b4        0x0 obj/default/jfdctfst.o
 .data          0x080361b4        0x0 obj/default/jfdctint.o
 .data          0x080361b4        0x0 obj/default/jidctflt.o
 .data          0x080361b4        0x0 obj/default/jidctfst.o
 .data          0x080361b4        0x0 obj/default/jidctint.o
 .data          0x080361b4        0x0 obj/default/jidctred.o
 .data          0x080361b4        0x0 obj/default/jmemmgr.o
 .data          0x080361b4        0x0 obj/default/jmemnobs.o
 .data          0x080361b4        0x0 obj/default/jquant1.o
 .data          0x080361b4        0x0 obj/default/jquant2.o
 .data          0x080361b4        0x0 obj/default/jutils.o
 .data          0x080361b4        0x0 obj/default/rdcolmap.o
 .data          0x080361b4        0x0 obj/default/wrbmp.o
 .data          0x080361b4        0x0 obj/default/wrgif.o
 .data          0x080361b4        0x0 obj/default/wrppm.o
 .data          0x080361b4        0x0 obj/default/wrrle.o
 .data          0x080361b4        0x0 obj/default/wrtarga.o
 .data          0x080361b4        0x0 /package/eda/altera/altera13.0sp1/nios2eds/bin/gnu/H-i686-pc-linux-gnu/bin/../lib/gcc/nios2-elf/4.1.2/mno-hw-mul/libgcc.a(_addsub_sf.o)
 .data          0x080361b4        0x0 /package/eda/altera/altera13.0sp1/nios2eds/bin/gnu/H-i686-pc-linux-gnu/bin/../lib/gcc/nios2-elf/4.1.2/mno-hw-mul/libgcc.a(_mul_sf.o)
 .data          0x080361b4        0x0 /package/eda/altera/altera13.0sp1/nios2eds/bin/gnu/H-i686-pc-linux-gnu/bin/../lib/gcc/nios2-elf/4.1.2/mno-hw-mul/libgcc.a(_si_to_sf.o)
 .data          0x080361b4        0x0 /package/eda/altera/altera13.0sp1/nios2eds/bin/gnu/H-i686-pc-linux-gnu/bin/../lib/gcc/nios2-elf/4.1.2/mno-hw-mul/libgcc.a(_sf_to_si.o)
 .data          0x080361b4        0x0 /package/eda/altera/altera13.0sp1/nios2eds/bin/gnu/H-i686-pc-linux-gnu/bin/../lib/gcc/nios2-elf/4.1.2/mno-hw-mul/libgcc.a(_thenan_sf.o)
 .data          0x080361b4        0x0 /package/eda/altera/altera13.0sp1/nios2eds/bin/gnu/H-i686-pc-linux-gnu/bin/../lib/gcc/nios2-elf/4.1.2/mno-hw-mul/libgcc.a(_mul_df.o)
 .data          0x080361b4        0x0 /package/eda/altera/altera13.0sp1/nios2eds/bin/gnu/H-i686-pc-linux-gnu/bin/../lib/gcc/nios2-elf/4.1.2/mno-hw-mul/libgcc.a(_div_df.o)
 .data          0x080361b4        0x0 /package/eda/altera/altera13.0sp1/nios2eds/bin/gnu/H-i686-pc-linux-gnu/bin/../lib/gcc/nios2-elf/4.1.2/mno-hw-mul/libgcc.a(_df_to_sf.o)
 .data          0x080361b4        0x0 /package/eda/altera/altera13.0sp1/nios2eds/bin/gnu/H-i686-pc-linux-gnu/bin/../lib/gcc/nios2-elf/4.1.2/mno-hw-mul/libgcc.a(_thenan_df.o)
 .data          0x080361b4        0x0 /package/eda/altera/altera13.0sp1/nios2eds/bin/gnu/H-i686-pc-linux-gnu/bin/../lib/gcc/nios2-elf/4.1.2/mno-hw-mul/libgcc.a(_usi_to_df.o)
 .data          0x080361b4        0x0 /package/eda/altera/altera13.0sp1/nios2eds/bin/gnu/H-i686-pc-linux-gnu/bin/../lib/gcc/nios2-elf/4.1.2/mno-hw-mul/libgcc.a(lib2-divmod.o)
 .data          0x080361b4        0x0 /package/eda/altera/altera13.0sp1/nios2eds/bin/gnu/H-i686-pc-linux-gnu/bin/../lib/gcc/nios2-elf/4.1.2/mno-hw-mul/libgcc.a(lib2-mul.o)
 .data          0x080361b4        0x0 /package/eda/altera/altera13.0sp1/nios2eds/bin/gnu/H-i686-pc-linux-gnu/bin/../lib/gcc/nios2-elf/4.1.2/mno-hw-mul/libgcc.a(_muldi3.o)
 .data          0x080361b4        0x0 /package/eda/altera/altera13.0sp1/nios2eds/bin/gnu/H-i686-pc-linux-gnu/bin/../lib/gcc/nios2-elf/4.1.2/mno-hw-mul/libgcc.a(_clzsi2.o)
 .data          0x080361b4        0x0 /package/eda/altera/altera13.0sp1/nios2eds/bin/gnu/H-i686-pc-linux-gnu/bin/../lib/gcc/nios2-elf/4.1.2/mno-hw-mul/libgcc.a(_pack_sf.o)
 .data          0x080361b4        0x0 /package/eda/altera/altera13.0sp1/nios2eds/bin/gnu/H-i686-pc-linux-gnu/bin/../lib/gcc/nios2-elf/4.1.2/mno-hw-mul/libgcc.a(_unpack_sf.o)
 .data          0x080361b4        0x0 /package/eda/altera/altera13.0sp1/nios2eds/bin/gnu/H-i686-pc-linux-gnu/bin/../lib/gcc/nios2-elf/4.1.2/mno-hw-mul/libgcc.a(_make_sf.o)
 .data          0x080361b4        0x0 /package/eda/altera/altera13.0sp1/nios2eds/bin/gnu/H-i686-pc-linux-gnu/bin/../lib/gcc/nios2-elf/4.1.2/mno-hw-mul/libgcc.a(_pack_df.o)
 .data          0x080361b4        0x0 /package/eda/altera/altera13.0sp1/nios2eds/bin/gnu/H-i686-pc-linux-gnu/bin/../lib/gcc/nios2-elf/4.1.2/mno-hw-mul/libgcc.a(_unpack_df.o)
 .data          0x080361b4        0x0 /package/eda/altera/altera13.0sp1/nios2eds/bin/gnu/H-i686-pc-linux-gnu/bin/../lib/gcc/nios2-elf/4.1.2/mno-hw-mul/libgcc.a(_clz.o)
 .data          0x080361b4        0x0 /package/eda/altera/altera13.0sp1/nios2eds/bin/gnu/H-i686-pc-linux-gnu/bin/../lib/gcc/nios2-elf/4.1.2/../../../../nios2-elf/lib/mno-hw-mul/libc.a(lib_a-ctype_.o)
 .data          0x080361b4        0x0 /package/eda/altera/altera13.0sp1/nios2eds/bin/gnu/H-i686-pc-linux-gnu/bin/../lib/gcc/nios2-elf/4.1.2/../../../../nios2-elf/lib/mno-hw-mul/libc.a(lib_a-exit.o)
 .data          0x080361b4        0x0 /package/eda/altera/altera13.0sp1/nios2eds/bin/gnu/H-i686-pc-linux-gnu/bin/../lib/gcc/nios2-elf/4.1.2/../../../../nios2-elf/lib/mno-hw-mul/libc.a(lib_a-fclose.o)
 .data          0x080361b4        0x0 /package/eda/altera/altera13.0sp1/nios2eds/bin/gnu/H-i686-pc-linux-gnu/bin/../lib/gcc/nios2-elf/4.1.2/../../../../nios2-elf/lib/mno-hw-mul/libc.a(lib_a-fflush.o)
 .data          0x080361b4        0x0 /package/eda/altera/altera13.0sp1/nios2eds/bin/gnu/H-i686-pc-linux-gnu/bin/../lib/gcc/nios2-elf/4.1.2/../../../../nios2-elf/lib/mno-hw-mul/libc.a(lib_a-findfp.o)
 .data          0x080361b4        0x0 /package/eda/altera/altera13.0sp1/nios2eds/bin/gnu/H-i686-pc-linux-gnu/bin/../lib/gcc/nios2-elf/4.1.2/../../../../nios2-elf/lib/mno-hw-mul/libc.a(lib_a-fopen.o)
 .data          0x080361b4        0x0 /package/eda/altera/altera13.0sp1/nios2eds/bin/gnu/H-i686-pc-linux-gnu/bin/../lib/gcc/nios2-elf/4.1.2/../../../../nios2-elf/lib/mno-hw-mul/libc.a(lib_a-fprintf.o)
 .data          0x080361b4        0x0 /package/eda/altera/altera13.0sp1/nios2eds/bin/gnu/H-i686-pc-linux-gnu/bin/../lib/gcc/nios2-elf/4.1.2/../../../../nios2-elf/lib/mno-hw-mul/libc.a(lib_a-fputc.o)
 .data          0x080361b4        0x0 /package/eda/altera/altera13.0sp1/nios2eds/bin/gnu/H-i686-pc-linux-gnu/bin/../lib/gcc/nios2-elf/4.1.2/../../../../nios2-elf/lib/mno-hw-mul/libc.a(lib_a-fread.o)
 .data          0x080361b4        0x0 /package/eda/altera/altera13.0sp1/nios2eds/bin/gnu/H-i686-pc-linux-gnu/bin/../lib/gcc/nios2-elf/4.1.2/../../../../nios2-elf/lib/mno-hw-mul/libc.a(lib_a-freer.o)
 .data          0x080361b4        0x0 /package/eda/altera/altera13.0sp1/nios2eds/bin/gnu/H-i686-pc-linux-gnu/bin/../lib/gcc/nios2-elf/4.1.2/../../../../nios2-elf/lib/mno-hw-mul/libc.a(lib_a-fseek.o)
 .data          0x080361b4        0x0 /package/eda/altera/altera13.0sp1/nios2eds/bin/gnu/H-i686-pc-linux-gnu/bin/../lib/gcc/nios2-elf/4.1.2/../../../../nios2-elf/lib/mno-hw-mul/libc.a(lib_a-fstatr.o)
 .data          0x080361b4        0x0 /package/eda/altera/altera13.0sp1/nios2eds/bin/gnu/H-i686-pc-linux-gnu/bin/../lib/gcc/nios2-elf/4.1.2/../../../../nios2-elf/lib/mno-hw-mul/libc.a(lib_a-fwalk.o)
 .data          0x080361b4        0x0 /package/eda/altera/altera13.0sp1/nios2eds/bin/gnu/H-i686-pc-linux-gnu/bin/../lib/gcc/nios2-elf/4.1.2/../../../../nios2-elf/lib/mno-hw-mul/libc.a(lib_a-fwrite.o)
 .data          0x080361b4        0x0 /package/eda/altera/altera13.0sp1/nios2eds/bin/gnu/H-i686-pc-linux-gnu/bin/../lib/gcc/nios2-elf/4.1.2/../../../../nios2-elf/lib/mno-hw-mul/libc.a(lib_a-getc.o)
 .data          0x080361b4        0x0 /package/eda/altera/altera13.0sp1/nios2eds/bin/gnu/H-i686-pc-linux-gnu/bin/../lib/gcc/nios2-elf/4.1.2/../../../../nios2-elf/lib/mno-hw-mul/libc.a(lib_a-getenv.o)
 .data          0x080361b4        0x0 /package/eda/altera/altera13.0sp1/nios2eds/bin/gnu/H-i686-pc-linux-gnu/bin/../lib/gcc/nios2-elf/4.1.2/../../../../nios2-elf/lib/mno-hw-mul/libc.a(lib_a-getenv_r.o)
 .data          0x080361b4      0x400 /package/eda/altera/altera13.0sp1/nios2eds/bin/gnu/H-i686-pc-linux-gnu/bin/../lib/gcc/nios2-elf/4.1.2/../../../../nios2-elf/lib/mno-hw-mul/libc.a(lib_a-impure.o)
 .data          0x080365b4        0x0 /package/eda/altera/altera13.0sp1/nios2eds/bin/gnu/H-i686-pc-linux-gnu/bin/../lib/gcc/nios2-elf/4.1.2/../../../../nios2-elf/lib/mno-hw-mul/libc.a(lib_a-int_errno.o)
 .data          0x080365b4        0x0 /package/eda/altera/altera13.0sp1/nios2eds/bin/gnu/H-i686-pc-linux-gnu/bin/../lib/gcc/nios2-elf/4.1.2/../../../../nios2-elf/lib/mno-hw-mul/libc.a(lib_a-makebuf.o)
 .data          0x080365b4        0x0 /package/eda/altera/altera13.0sp1/nios2eds/bin/gnu/H-i686-pc-linux-gnu/bin/../lib/gcc/nios2-elf/4.1.2/../../../../nios2-elf/lib/mno-hw-mul/libc.a(lib_a-malloc.o)
 .data          0x080365b4      0x408 /package/eda/altera/altera13.0sp1/nios2eds/bin/gnu/H-i686-pc-linux-gnu/bin/../lib/gcc/nios2-elf/4.1.2/../../../../nios2-elf/lib/mno-hw-mul/libc.a(lib_a-mallocr.o)
                0x080365b4                __malloc_av_
 .data          0x080369bc        0x0 /package/eda/altera/altera13.0sp1/nios2eds/bin/gnu/H-i686-pc-linux-gnu/bin/../lib/gcc/nios2-elf/4.1.2/../../../../nios2-elf/lib/mno-hw-mul/libc.a(lib_a-memcpy.o)
 .data          0x080369bc        0x0 /package/eda/altera/altera13.0sp1/nios2eds/bin/gnu/H-i686-pc-linux-gnu/bin/../lib/gcc/nios2-elf/4.1.2/../../../../nios2-elf/lib/mno-hw-mul/libc.a(lib_a-memset.o)
 .data          0x080369bc        0x0 /package/eda/altera/altera13.0sp1/nios2eds/bin/gnu/H-i686-pc-linux-gnu/bin/../lib/gcc/nios2-elf/4.1.2/../../../../nios2-elf/lib/mno-hw-mul/libc.a(lib_a-openr.o)
 .data          0x080369bc        0x0 /package/eda/altera/altera13.0sp1/nios2eds/bin/gnu/H-i686-pc-linux-gnu/bin/../lib/gcc/nios2-elf/4.1.2/../../../../nios2-elf/lib/mno-hw-mul/libc.a(lib_a-printf.o)
 .data          0x080369bc        0x0 /package/eda/altera/altera13.0sp1/nios2eds/bin/gnu/H-i686-pc-linux-gnu/bin/../lib/gcc/nios2-elf/4.1.2/../../../../nios2-elf/lib/mno-hw-mul/libc.a(lib_a-putc.o)
 .data          0x080369bc        0x0 /package/eda/altera/altera13.0sp1/nios2eds/bin/gnu/H-i686-pc-linux-gnu/bin/../lib/gcc/nios2-elf/4.1.2/../../../../nios2-elf/lib/mno-hw-mul/libc.a(lib_a-puts.o)
 .data          0x080369bc        0x0 /package/eda/altera/altera13.0sp1/nios2eds/bin/gnu/H-i686-pc-linux-gnu/bin/../lib/gcc/nios2-elf/4.1.2/../../../../nios2-elf/lib/mno-hw-mul/libc.a(lib_a-refill.o)
 .data          0x080369bc        0x0 /package/eda/altera/altera13.0sp1/nios2eds/bin/gnu/H-i686-pc-linux-gnu/bin/../lib/gcc/nios2-elf/4.1.2/../../../../nios2-elf/lib/mno-hw-mul/libc.a(lib_a-rget.o)
 .data          0x080369bc        0x0 /package/eda/altera/altera13.0sp1/nios2eds/bin/gnu/H-i686-pc-linux-gnu/bin/../lib/gcc/nios2-elf/4.1.2/../../../../nios2-elf/lib/mno-hw-mul/libc.a(lib_a-sbrkr.o)
 .data          0x080369bc        0x0 /package/eda/altera/altera13.0sp1/nios2eds/bin/gnu/H-i686-pc-linux-gnu/bin/../lib/gcc/nios2-elf/4.1.2/../../../../nios2-elf/lib/mno-hw-mul/libc.a(lib_a-sprintf.o)
 .data          0x080369bc        0x0 /package/eda/altera/altera13.0sp1/nios2eds/bin/gnu/H-i686-pc-linux-gnu/bin/../lib/gcc/nios2-elf/4.1.2/../../../../nios2-elf/lib/mno-hw-mul/libc.a(lib_a-sscanf.o)
 .data          0x080369bc        0x0 /package/eda/altera/altera13.0sp1/nios2eds/bin/gnu/H-i686-pc-linux-gnu/bin/../lib/gcc/nios2-elf/4.1.2/../../../../nios2-elf/lib/mno-hw-mul/libc.a(lib_a-stdio.o)
 .data          0x080369bc        0x0 /package/eda/altera/altera13.0sp1/nios2eds/bin/gnu/H-i686-pc-linux-gnu/bin/../lib/gcc/nios2-elf/4.1.2/../../../../nios2-elf/lib/mno-hw-mul/libc.a(lib_a-strdup.o)
 .data          0x080369bc        0x0 /package/eda/altera/altera13.0sp1/nios2eds/bin/gnu/H-i686-pc-linux-gnu/bin/../lib/gcc/nios2-elf/4.1.2/../../../../nios2-elf/lib/mno-hw-mul/libc.a(lib_a-strdup_r.o)
 .data          0x080369bc        0x0 /package/eda/altera/altera13.0sp1/nios2eds/bin/gnu/H-i686-pc-linux-gnu/bin/../lib/gcc/nios2-elf/4.1.2/../../../../nios2-elf/lib/mno-hw-mul/libc.a(lib_a-strlen.o)
 .data          0x080369bc        0x0 /package/eda/altera/altera13.0sp1/nios2eds/bin/gnu/H-i686-pc-linux-gnu/bin/../lib/gcc/nios2-elf/4.1.2/../../../../nios2-elf/lib/mno-hw-mul/libc.a(lib_a-strncmp.o)
 .data          0x080369bc        0x0 /package/eda/altera/altera13.0sp1/nios2eds/bin/gnu/H-i686-pc-linux-gnu/bin/../lib/gcc/nios2-elf/4.1.2/../../../../nios2-elf/lib/mno-hw-mul/libc.a(lib_a-vfprintf.o)
 .data          0x080369bc        0x0 /package/eda/altera/altera13.0sp1/nios2eds/bin/gnu/H-i686-pc-linux-gnu/bin/../lib/gcc/nios2-elf/4.1.2/../../../../nios2-elf/lib/mno-hw-mul/libc.a(lib_a-vfscanf.o)
 .data          0x080369bc        0x0 /package/eda/altera/altera13.0sp1/nios2eds/bin/gnu/H-i686-pc-linux-gnu/bin/../lib/gcc/nios2-elf/4.1.2/../../../../nios2-elf/lib/mno-hw-mul/libc.a(lib_a-wbuf.o)
 .data          0x080369bc        0x0 /package/eda/altera/altera13.0sp1/nios2eds/bin/gnu/H-i686-pc-linux-gnu/bin/../lib/gcc/nios2-elf/4.1.2/../../../../nios2-elf/lib/mno-hw-mul/libc.a(lib_a-writer.o)
 .data          0x080369bc        0x0 /package/eda/altera/altera13.0sp1/nios2eds/bin/gnu/H-i686-pc-linux-gnu/bin/../lib/gcc/nios2-elf/4.1.2/../../../../nios2-elf/lib/mno-hw-mul/libc.a(lib_a-wsetup.o)
 .data          0x080369bc        0x0 /package/eda/altera/altera13.0sp1/nios2eds/bin/gnu/H-i686-pc-linux-gnu/bin/../lib/gcc/nios2-elf/4.1.2/../../../../nios2-elf/lib/mno-hw-mul/libc.a(lib_a-__call_atexit.o)
 .data          0x080369bc        0x0 /package/eda/altera/altera13.0sp1/nios2eds/bin/gnu/H-i686-pc-linux-gnu/bin/../lib/gcc/nios2-elf/4.1.2/../../../../nios2-elf/lib/mno-hw-mul/libc.a(lib_a-closer.o)
 .data          0x080369bc        0x0 /package/eda/altera/altera13.0sp1/nios2eds/bin/gnu/H-i686-pc-linux-gnu/bin/../lib/gcc/nios2-elf/4.1.2/../../../../nios2-elf/lib/mno-hw-mul/libc.a(lib_a-dtoa.o)
 .data          0x080369bc        0x0 /package/eda/altera/altera13.0sp1/nios2eds/bin/gnu/H-i686-pc-linux-gnu/bin/../lib/gcc/nios2-elf/4.1.2/../../../../nios2-elf/lib/mno-hw-mul/libc.a(lib_a-environ.o)
 .data          0x080369bc        0x0 /package/eda/altera/altera13.0sp1/nios2eds/bin/gnu/H-i686-pc-linux-gnu/bin/../lib/gcc/nios2-elf/4.1.2/../../../../nios2-elf/lib/mno-hw-mul/libc.a(lib_a-flags.o)
 .data          0x080369bc        0x0 /package/eda/altera/altera13.0sp1/nios2eds/bin/gnu/H-i686-pc-linux-gnu/bin/../lib/gcc/nios2-elf/4.1.2/../../../../nios2-elf/lib/mno-hw-mul/libc.a(lib_a-fvwrite.o)
 .data          0x080369bc        0x0 /package/eda/altera/altera13.0sp1/nios2eds/bin/gnu/H-i686-pc-linux-gnu/bin/../lib/gcc/nios2-elf/4.1.2/../../../../nios2-elf/lib/mno-hw-mul/libc.a(lib_a-isattyr.o)
 .data          0x080369bc        0x0 /package/eda/altera/altera13.0sp1/nios2eds/bin/gnu/H-i686-pc-linux-gnu/bin/../lib/gcc/nios2-elf/4.1.2/../../../../nios2-elf/lib/mno-hw-mul/libc.a(lib_a-iswspace.o)
 .data          0x080369bc        0xc /package/eda/altera/altera13.0sp1/nios2eds/bin/gnu/H-i686-pc-linux-gnu/bin/../lib/gcc/nios2-elf/4.1.2/../../../../nios2-elf/lib/mno-hw-mul/libc.a(lib_a-locale.o)
                0x080369bc                __lc_ctype
 .data          0x080369c8        0x0 /package/eda/altera/altera13.0sp1/nios2eds/bin/gnu/H-i686-pc-linux-gnu/bin/../lib/gcc/nios2-elf/4.1.2/../../../../nios2-elf/lib/mno-hw-mul/libc.a(lib_a-lseekr.o)
 .data          0x080369c8        0x0 /package/eda/altera/altera13.0sp1/nios2eds/bin/gnu/H-i686-pc-linux-gnu/bin/../lib/gcc/nios2-elf/4.1.2/../../../../nios2-elf/lib/mno-hw-mul/libc.a(lib_a-mbrtowc.o)
 .data          0x080369c8        0x0 /package/eda/altera/altera13.0sp1/nios2eds/bin/gnu/H-i686-pc-linux-gnu/bin/../lib/gcc/nios2-elf/4.1.2/../../../../nios2-elf/lib/mno-hw-mul/libc.a(lib_a-mbtowc_r.o)
 .data          0x080369c8        0x0 /package/eda/altera/altera13.0sp1/nios2eds/bin/gnu/H-i686-pc-linux-gnu/bin/../lib/gcc/nios2-elf/4.1.2/../../../../nios2-elf/lib/mno-hw-mul/libc.a(lib_a-memchr.o)
 .data          0x080369c8        0x0 /package/eda/altera/altera13.0sp1/nios2eds/bin/gnu/H-i686-pc-linux-gnu/bin/../lib/gcc/nios2-elf/4.1.2/../../../../nios2-elf/lib/mno-hw-mul/libc.a(lib_a-memmove.o)
 .data          0x080369c8        0x0 /package/eda/altera/altera13.0sp1/nios2eds/bin/gnu/H-i686-pc-linux-gnu/bin/../lib/gcc/nios2-elf/4.1.2/../../../../nios2-elf/lib/mno-hw-mul/libc.a(lib_a-mprec.o)
 .data          0x080369c8        0x0 /package/eda/altera/altera13.0sp1/nios2eds/bin/gnu/H-i686-pc-linux-gnu/bin/../lib/gcc/nios2-elf/4.1.2/../../../../nios2-elf/lib/mno-hw-mul/libc.a(lib_a-readr.o)
 .data          0x080369c8        0x0 /package/eda/altera/altera13.0sp1/nios2eds/bin/gnu/H-i686-pc-linux-gnu/bin/../lib/gcc/nios2-elf/4.1.2/../../../../nios2-elf/lib/mno-hw-mul/libc.a(lib_a-reallocr.o)
 .data          0x080369c8        0x0 /package/eda/altera/altera13.0sp1/nios2eds/bin/gnu/H-i686-pc-linux-gnu/bin/../lib/gcc/nios2-elf/4.1.2/../../../../nios2-elf/lib/mno-hw-mul/libc.a(lib_a-s_isinfd.o)
 .data          0x080369c8        0x0 /package/eda/altera/altera13.0sp1/nios2eds/bin/gnu/H-i686-pc-linux-gnu/bin/../lib/gcc/nios2-elf/4.1.2/../../../../nios2-elf/lib/mno-hw-mul/libc.a(lib_a-s_isnand.o)
 .data          0x080369c8        0x0 /package/eda/altera/altera13.0sp1/nios2eds/bin/gnu/H-i686-pc-linux-gnu/bin/../lib/gcc/nios2-elf/4.1.2/../../../../nios2-elf/lib/mno-hw-mul/libc.a(lib_a-sccl.o)
 .data          0x080369c8        0x0 /package/eda/altera/altera13.0sp1/nios2eds/bin/gnu/H-i686-pc-linux-gnu/bin/../lib/gcc/nios2-elf/4.1.2/../../../../nios2-elf/lib/mno-hw-mul/libc.a(lib_a-sf_nan.o)
 .data          0x080369c8        0x0 /package/eda/altera/altera13.0sp1/nios2eds/bin/gnu/H-i686-pc-linux-gnu/bin/../lib/gcc/nios2-elf/4.1.2/../../../../nios2-elf/lib/mno-hw-mul/libc.a(lib_a-strcmp.o)
 .data          0x080369c8       0x28 /package/eda/altera/altera13.0sp1/nios2eds/bin/gnu/H-i686-pc-linux-gnu/bin/../lib/gcc/nios2-elf/4.1.2/../../../../nios2-elf/lib/mno-hw-mul/libc.a(lib_a-strtod.o)
 .data          0x080369f0        0x0 /package/eda/altera/altera13.0sp1/nios2eds/bin/gnu/H-i686-pc-linux-gnu/bin/../lib/gcc/nios2-elf/4.1.2/../../../../nios2-elf/lib/mno-hw-mul/libc.a(lib_a-strtol.o)
 .data          0x080369f0        0x0 /package/eda/altera/altera13.0sp1/nios2eds/bin/gnu/H-i686-pc-linux-gnu/bin/../lib/gcc/nios2-elf/4.1.2/../../../../nios2-elf/lib/mno-hw-mul/libc.a(lib_a-strtoll_r.o)
 .data          0x080369f0        0x0 /package/eda/altera/altera13.0sp1/nios2eds/bin/gnu/H-i686-pc-linux-gnu/bin/../lib/gcc/nios2-elf/4.1.2/../../../../nios2-elf/lib/mno-hw-mul/libc.a(lib_a-strtoul.o)
 .data          0x080369f0        0x0 /package/eda/altera/altera13.0sp1/nios2eds/bin/gnu/H-i686-pc-linux-gnu/bin/../lib/gcc/nios2-elf/4.1.2/../../../../nios2-elf/lib/mno-hw-mul/libc.a(lib_a-strtoull_r.o)
 .data          0x080369f0        0x0 /package/eda/altera/altera13.0sp1/nios2eds/bin/gnu/H-i686-pc-linux-gnu/bin/../lib/gcc/nios2-elf/4.1.2/../../../../nios2-elf/lib/mno-hw-mul/libc.a(lib_a-ungetc.o)
 .data          0x080369f0        0x0 /package/eda/altera/altera13.0sp1/nios2eds/bin/gnu/H-i686-pc-linux-gnu/bin/../lib/gcc/nios2-elf/4.1.2/../../../../nios2-elf/lib/mno-hw-mul/libc.a(lib_a-callocr.o)
 .data          0x080369f0        0x0 /package/eda/altera/altera13.0sp1/nios2eds/bin/gnu/H-i686-pc-linux-gnu/bin/../lib/gcc/nios2-elf/4.1.2/../../../../nios2-elf/lib/mno-hw-mul/libc.a(lib_a-gdtoa-gethex.o)
 .data          0x080369f0        0x0 /package/eda/altera/altera13.0sp1/nios2eds/bin/gnu/H-i686-pc-linux-gnu/bin/../lib/gcc/nios2-elf/4.1.2/../../../../nios2-elf/lib/mno-hw-mul/libc.a(lib_a-gdtoa-hexnan.o)
 .data          0x080369f0        0x0 /package/eda/altera/altera13.0sp1/nios2eds/bin/gnu/H-i686-pc-linux-gnu/bin/../lib/gcc/nios2-elf/4.1.2/mno-hw-mul/libgcc.a(_fixunsdfsi.o)
 .data          0x080369f0        0x0 /package/eda/altera/altera13.0sp1/nios2eds/bin/gnu/H-i686-pc-linux-gnu/bin/../lib/gcc/nios2-elf/4.1.2/mno-hw-mul/libgcc.a(_udivdi3.o)
 .data          0x080369f0        0x0 /package/eda/altera/altera13.0sp1/nios2eds/bin/gnu/H-i686-pc-linux-gnu/bin/../lib/gcc/nios2-elf/4.1.2/mno-hw-mul/libgcc.a(_umoddi3.o)
 .data          0x080369f0        0x0 /package/eda/altera/altera13.0sp1/nios2eds/bin/gnu/H-i686-pc-linux-gnu/bin/../lib/gcc/nios2-elf/4.1.2/mno-hw-mul/libgcc.a(_ne_sf.o)
 .data          0x080369f0        0x0 /package/eda/altera/altera13.0sp1/nios2eds/bin/gnu/H-i686-pc-linux-gnu/bin/../lib/gcc/nios2-elf/4.1.2/mno-hw-mul/libgcc.a(_gt_sf.o)
 .data          0x080369f0        0x0 /package/eda/altera/altera13.0sp1/nios2eds/bin/gnu/H-i686-pc-linux-gnu/bin/../lib/gcc/nios2-elf/4.1.2/mno-hw-mul/libgcc.a(_lt_sf.o)
 .data          0x080369f0        0x0 /package/eda/altera/altera13.0sp1/nios2eds/bin/gnu/H-i686-pc-linux-gnu/bin/../lib/gcc/nios2-elf/4.1.2/mno-hw-mul/libgcc.a(_addsub_df.o)
 .data          0x080369f0        0x0 /package/eda/altera/altera13.0sp1/nios2eds/bin/gnu/H-i686-pc-linux-gnu/bin/../lib/gcc/nios2-elf/4.1.2/mno-hw-mul/libgcc.a(_eq_df.o)
 .data          0x080369f0        0x0 /package/eda/altera/altera13.0sp1/nios2eds/bin/gnu/H-i686-pc-linux-gnu/bin/../lib/gcc/nios2-elf/4.1.2/mno-hw-mul/libgcc.a(_ne_df.o)
 .data          0x080369f0        0x0 /package/eda/altera/altera13.0sp1/nios2eds/bin/gnu/H-i686-pc-linux-gnu/bin/../lib/gcc/nios2-elf/4.1.2/mno-hw-mul/libgcc.a(_gt_df.o)
 .data          0x080369f0        0x0 /package/eda/altera/altera13.0sp1/nios2eds/bin/gnu/H-i686-pc-linux-gnu/bin/../lib/gcc/nios2-elf/4.1.2/mno-hw-mul/libgcc.a(_ge_df.o)
 .data          0x080369f0        0x0 /package/eda/altera/altera13.0sp1/nios2eds/bin/gnu/H-i686-pc-linux-gnu/bin/../lib/gcc/nios2-elf/4.1.2/mno-hw-mul/libgcc.a(_lt_df.o)
 .data          0x080369f0        0x0 /package/eda/altera/altera13.0sp1/nios2eds/bin/gnu/H-i686-pc-linux-gnu/bin/../lib/gcc/nios2-elf/4.1.2/mno-hw-mul/libgcc.a(_le_df.o)
 .data          0x080369f0        0x0 /package/eda/altera/altera13.0sp1/nios2eds/bin/gnu/H-i686-pc-linux-gnu/bin/../lib/gcc/nios2-elf/4.1.2/mno-hw-mul/libgcc.a(_si_to_df.o)
 .data          0x080369f0        0x0 /package/eda/altera/altera13.0sp1/nios2eds/bin/gnu/H-i686-pc-linux-gnu/bin/../lib/gcc/nios2-elf/4.1.2/mno-hw-mul/libgcc.a(_df_to_si.o)
 .data          0x080369f0        0x0 /package/eda/altera/altera13.0sp1/nios2eds/bin/gnu/H-i686-pc-linux-gnu/bin/../lib/gcc/nios2-elf/4.1.2/mno-hw-mul/libgcc.a(_fpcmp_parts_sf.o)
 .data          0x080369f0        0x0 /package/eda/altera/altera13.0sp1/nios2eds/bin/gnu/H-i686-pc-linux-gnu/bin/../lib/gcc/nios2-elf/4.1.2/mno-hw-mul/libgcc.a(_fpcmp_parts_df.o)
 .data          0x080369f0        0x0 ../demo_board_bsp//libhal_bsp.a(alt_close.o)
 .data          0x080369f0      0x1a8 ../demo_board_bsp//libhal_bsp.a(alt_dev.o)
                0x080369f0                alt_dev_null
                0x08036a18                alt_fd_list
 .data          0x08036b98        0x0 ../demo_board_bsp//libhal_bsp.a(alt_env_lock.o)
 .data          0x08036b98        0x0 ../demo_board_bsp//libhal_bsp.a(alt_errno.o)
 .data          0x08036b98        0x0 ../demo_board_bsp//libhal_bsp.a(alt_exit.o)
 .data          0x08036b98        0x0 ../demo_board_bsp//libhal_bsp.a(alt_fstat.o)
 .data          0x08036b98        0x0 ../demo_board_bsp//libhal_bsp.a(alt_isatty.o)
 .data          0x08036b98        0x0 ../demo_board_bsp//libhal_bsp.a(alt_load.o)
 .data          0x08036b98        0x0 ../demo_board_bsp//libhal_bsp.a(alt_lseek.o)
 .data          0x08036b98        0x0 ../demo_board_bsp//libhal_bsp.a(alt_main.o)
 .data          0x08036b98        0x0 ../demo_board_bsp//libhal_bsp.a(alt_malloc_lock.o)
 .data          0x08036b98        0x0 ../demo_board_bsp//libhal_bsp.a(alt_open.o)
 .data          0x08036b98        0x0 ../demo_board_bsp//libhal_bsp.a(alt_read.o)