Archive member included because of file (symbol)

/package/eda/altera/altera13.0sp1/nios2eds/bin/gnu/H-i686-pc-linux-gnu/bin/../lib/gcc/nios2-elf/4.1.2/libgcc.a(_addsub_sf.o)
                              obj/default/jfdctflt.o (__subsf3)
/package/eda/altera/altera13.0sp1/nios2eds/bin/gnu/H-i686-pc-linux-gnu/bin/../lib/gcc/nios2-elf/4.1.2/libgcc.a(_mul_sf.o)
                              obj/default/jcdctmgr.o (__mulsf3)
/package/eda/altera/altera13.0sp1/nios2eds/bin/gnu/H-i686-pc-linux-gnu/bin/../lib/gcc/nios2-elf/4.1.2/libgcc.a(_si_to_sf.o)
                              obj/default/jcdctmgr.o (__floatsisf)
/package/eda/altera/altera13.0sp1/nios2eds/bin/gnu/H-i686-pc-linux-gnu/bin/../lib/gcc/nios2-elf/4.1.2/libgcc.a(_sf_to_si.o)
                              obj/default/jcdctmgr.o (__fixsfsi)
/package/eda/altera/altera13.0sp1/nios2eds/bin/gnu/H-i686-pc-linux-gnu/bin/../lib/gcc/nios2-elf/4.1.2/libgcc.a(_thenan_sf.o)
                              /package/eda/altera/altera13.0sp1/nios2eds/bin/gnu/H-i686-pc-linux-gnu/bin/../lib/gcc/nios2-elf/4.1.2/libgcc.a(_addsub_sf.o) (__thenan_sf)
/package/eda/altera/altera13.0sp1/nios2eds/bin/gnu/H-i686-pc-linux-gnu/bin/../lib/gcc/nios2-elf/4.1.2/libgcc.a(_mul_df.o)
                              obj/default/jcdctmgr.o (__muldf3)
/package/eda/altera/altera13.0sp1/nios2eds/bin/gnu/H-i686-pc-linux-gnu/bin/../lib/gcc/nios2-elf/4.1.2/libgcc.a(_div_df.o)
                              obj/default/jcdctmgr.o (__divdf3)
/package/eda/altera/altera13.0sp1/nios2eds/bin/gnu/H-i686-pc-linux-gnu/bin/../lib/gcc/nios2-elf/4.1.2/libgcc.a(_df_to_sf.o)
                              obj/default/jcdctmgr.o (__truncdfsf2)
/package/eda/altera/altera13.0sp1/nios2eds/bin/gnu/H-i686-pc-linux-gnu/bin/../lib/gcc/nios2-elf/4.1.2/libgcc.a(_thenan_df.o)
                              /package/eda/altera/altera13.0sp1/nios2eds/bin/gnu/H-i686-pc-linux-gnu/bin/../lib/gcc/nios2-elf/4.1.2/libgcc.a(_mul_df.o) (__thenan_df)
/package/eda/altera/altera13.0sp1/nios2eds/bin/gnu/H-i686-pc-linux-gnu/bin/../lib/gcc/nios2-elf/4.1.2/libgcc.a(_usi_to_df.o)
                              obj/default/jcdctmgr.o (__floatunsidf)
/package/eda/altera/altera13.0sp1/nios2eds/bin/gnu/H-i686-pc-linux-gnu/bin/../lib/gcc/nios2-elf/4.1.2/libgcc.a(lib2-divmod.o)
                              obj/default/jcdctmgr.o (__divsi3)
/package/eda/altera/altera13.0sp1/nios2eds/bin/gnu/H-i686-pc-linux-gnu/bin/../lib/gcc/nios2-elf/4.1.2/libgcc.a(lib2-divtable.o)
                              obj/default/jcdctmgr.o (__divsi3_table)
/package/eda/altera/altera13.0sp1/nios2eds/bin/gnu/H-i686-pc-linux-gnu/bin/../lib/gcc/nios2-elf/4.1.2/libgcc.a(_muldi3.o)
                              /package/eda/altera/altera13.0sp1/nios2eds/bin/gnu/H-i686-pc-linux-gnu/bin/../lib/gcc/nios2-elf/4.1.2/libgcc.a(_mul_sf.o) (__muldi3)
/package/eda/altera/altera13.0sp1/nios2eds/bin/gnu/H-i686-pc-linux-gnu/bin/../lib/gcc/nios2-elf/4.1.2/libgcc.a(_clzsi2.o)
                              /package/eda/altera/altera13.0sp1/nios2eds/bin/gnu/H-i686-pc-linux-gnu/bin/../lib/gcc/nios2-elf/4.1.2/libgcc.a(_si_to_sf.o) (__clzsi2)
/package/eda/altera/altera13.0sp1/nios2eds/bin/gnu/H-i686-pc-linux-gnu/bin/../lib/gcc/nios2-elf/4.1.2/libgcc.a(_pack_sf.o)
                              /package/eda/altera/altera13.0sp1/nios2eds/bin/gnu/H-i686-pc-linux-gnu/bin/../lib/gcc/nios2-elf/4.1.2/libgcc.a(_addsub_sf.o) (__pack_f)
/package/eda/altera/altera13.0sp1/nios2eds/bin/gnu/H-i686-pc-linux-gnu/bin/../lib/gcc/nios2-elf/4.1.2/libgcc.a(_unpack_sf.o)
                              /package/eda/altera/altera13.0sp1/nios2eds/bin/gnu/H-i686-pc-linux-gnu/bin/../lib/gcc/nios2-elf/4.1.2/libgcc.a(_addsub_sf.o) (__unpack_f)
/package/eda/altera/altera13.0sp1/nios2eds/bin/gnu/H-i686-pc-linux-gnu/bin/../lib/gcc/nios2-elf/4.1.2/libgcc.a(_make_sf.o)
                              /package/eda/altera/altera13.0sp1/nios2eds/bin/gnu/H-i686-pc-linux-gnu/bin/../lib/gcc/nios2-elf/4.1.2/libgcc.a(_df_to_sf.o) (__make_fp)
/package/eda/altera/altera13.0sp1/nios2eds/bin/gnu/H-i686-pc-linux-gnu/bin/../lib/gcc/nios2-elf/4.1.2/libgcc.a(_pack_df.o)
                              /package/eda/altera/altera13.0sp1/nios2eds/bin/gnu/H-i686-pc-linux-gnu/bin/../lib/gcc/nios2-elf/4.1.2/libgcc.a(_mul_df.o) (__pack_d)
/package/eda/altera/altera13.0sp1/nios2eds/bin/gnu/H-i686-pc-linux-gnu/bin/../lib/gcc/nios2-elf/4.1.2/libgcc.a(_unpack_df.o)
                              /package/eda/altera/altera13.0sp1/nios2eds/bin/gnu/H-i686-pc-linux-gnu/bin/../lib/gcc/nios2-elf/4.1.2/libgcc.a(_mul_df.o) (__unpack_d)
/package/eda/altera/altera13.0sp1/nios2eds/bin/gnu/H-i686-pc-linux-gnu/bin/../lib/gcc/nios2-elf/4.1.2/libgcc.a(_clz.o)
                              /package/eda/altera/altera13.0sp1/nios2eds/bin/gnu/H-i686-pc-linux-gnu/bin/../lib/gcc/nios2-elf/4.1.2/libgcc.a(_clzsi2.o) (__clz_tab)
/package/eda/altera/altera13.0sp1/nios2eds/bin/gnu/H-i686-pc-linux-gnu/bin/../lib/gcc/nios2-elf/4.1.2/../../../../nios2-elf/lib/libc.a(lib_a-ctype_.o)
[...]
Memory Configuration

Name             Origin             Length             Attributes
reset            0x08000000         0x00000020
new_sdram_controller_0 0x08000020         0x07ffffe0
generic_tristate_controller_0 0x10000000         0x00800000
*default*        0x00000000         0xffffffff

Linker script and memory map

LOAD ../demo_board_NiosIIf_bsp//obj/HAL/src/crt0.o
LOAD obj/default/cdjpeg.o
LOAD obj/default/djpeg.o
LOAD obj/default/jcapimin.o
LOAD obj/default/jcapistd.o
LOAD obj/default/jccoefct.o
LOAD obj/default/jccolor.o
LOAD obj/default/jcdctmgr.o
LOAD obj/default/jchuff.o
LOAD obj/default/jcinit.o
LOAD obj/default/jcmainct.o
LOAD obj/default/jcmarker.o
LOAD obj/default/jcmaster.o
LOAD obj/default/jcomapi.o
LOAD obj/default/jcparam.o
LOAD obj/default/jcphuff.o
LOAD obj/default/jcprepct.o
LOAD obj/default/jcsample.o
LOAD obj/default/jctrans.o
LOAD obj/default/jdapimin.o
LOAD obj/default/jdapistd.o
LOAD obj/default/jdatadst.o
LOAD obj/default/jdatasrc.o
LOAD obj/default/jdcoefct.o
LOAD obj/default/jdcolor.o
LOAD obj/default/jddctmgr.o
LOAD obj/default/jdhuff.o
LOAD obj/default/jdinput.o
LOAD obj/default/jdmainct.o
LOAD obj/default/jdmarker.o
LOAD obj/default/jdmaster.o
LOAD obj/default/jdmerge.o
LOAD obj/default/jdphuff.o
LOAD obj/default/jdpostct.o
LOAD obj/default/jdsample.o
LOAD obj/default/jdtrans.o
LOAD obj/default/jerror.o
LOAD obj/default/jfdctflt.o
LOAD obj/default/jfdctfst.o
LOAD obj/default/jfdctint.o
LOAD obj/default/jidctflt.o
LOAD obj/default/jidctfst.o
LOAD obj/default/jidctint.o
LOAD obj/default/jidctred.o
LOAD obj/default/jmemmgr.o
LOAD obj/default/jmemnobs.o
LOAD obj/default/jquant1.o
LOAD obj/default/jquant2.o
LOAD obj/default/jutils.o
LOAD obj/default/rdcolmap.o
LOAD obj/default/wrbmp.o
LOAD obj/default/wrgif.o
LOAD obj/default/wrppm.o
LOAD obj/default/wrrle.o
LOAD obj/default/wrtarga.o
LOAD /package/eda/altera/altera13.0sp1/nios2eds/bin/gnu/H-i686-pc-linux-gnu/bin/../lib/gcc/nios2-elf/4.1.2/../../../../nios2-elf/lib/libstdc++.a
LOAD /package/eda/altera/altera13.0sp1/nios2eds/bin/gnu/H-i686-pc-linux-gnu/bin/../lib/gcc/nios2-elf/4.1.2/../../../../nios2-elf/lib/libm.a
LOAD /package/eda/altera/altera13.0sp1/nios2eds/bin/gnu/H-i686-pc-linux-gnu/bin/../lib/gcc/nios2-elf/4.1.2/libgcc.a
START GROUP
LOAD /package/eda/altera/altera13.0sp1/nios2eds/bin/gnu/H-i686-pc-linux-gnu/bin/../lib/gcc/nios2-elf/4.1.2/../../../../nios2-elf/lib/libc.a
LOAD /package/eda/altera/altera13.0sp1/nios2eds/bin/gnu/H-i686-pc-linux-gnu/bin/../lib/gcc/nios2-elf/4.1.2/libgcc.a
LOAD ../demo_board_NiosIIf_bsp//libhal_bsp.a
END GROUP
LOAD /package/eda/altera/altera13.0sp1/nios2eds/bin/gnu/H-i686-pc-linux-gnu/bin/../lib/gcc/nios2-elf/4.1.2/libgcc.a
                0x08000000                __alt_mem_new_sdram_controller_0 = 0x8000000
                0x10000000                __alt_mem_generic_tristate_controller_0 = 0x10000000

.entry          0x08000000       0x20
 *(.entry)
 .entry         0x08000000       0x20 ../demo_board_NiosIIf_bsp//obj/HAL/src/crt0.o
                0x08000000                __reset

.exceptions     0x08000020      0x164
                0x08000020                PROVIDE (__ram_exceptions_start, ABSOLUTE (.))
                0x08000020                . = ALIGN (0x20)
 *(.irq)
 *(.exceptions.entry.label)
 .exceptions.entry.label
                0x08000020        0x0 ../demo_board_NiosIIf_bsp//libhal_bsp.a(alt_irq_entry.o)
                0x08000020                alt_irq_entry
 .exceptions.entry.label
                0x08000020        0x0 ../demo_board_NiosIIf_bsp//libhal_bsp.a(alt_exception_entry.o)
                0x08000020                alt_exception
 *(.exceptions.entry.user)
 *(.exceptions.entry)
 .exceptions.entry
                0x08000020       0x54 ../demo_board_NiosIIf_bsp//libhal_bsp.a(alt_exception_entry.o)
 *(.exceptions.irqtest.user)
 *(.exceptions.irqtest)
 .exceptions.irqtest
                0x08000074       0x10 ../demo_board_NiosIIf_bsp//libhal_bsp.a(alt_irq_entry.o)
 *(.exceptions.irqhandler.user)
 *(.exceptions.irqhandler)
 .exceptions.irqhandler
                0x08000084        0x4 ../demo_board_NiosIIf_bsp//libhal_bsp.a(alt_irq_entry.o)
 *(.exceptions.irqreturn.user)
 *(.exceptions.irqreturn)
 .exceptions.irqreturn
                0x08000088        0x4 ../demo_board_NiosIIf_bsp//libhal_bsp.a(alt_irq_entry.o)
 *(.exceptions.notirq.label)
 .exceptions.notirq.label
                0x0800008c        0x0 ../demo_board_NiosIIf_bsp//libhal_bsp.a(alt_irq_entry.o)
 *(.exceptions.notirq.user)
 *(.exceptions.notirq)
 .exceptions.notirq
                0x0800008c        0x8 ../demo_board_NiosIIf_bsp//libhal_bsp.a(alt_exception_entry.o)
 *(.exceptions.soft.user)
 *(.exceptions.soft)
 *(.exceptions.unknown.user)
 *(.exceptions.unknown)
 .exceptions.unknown
                0x08000094        0x4 ../demo_board_NiosIIf_bsp//libhal_bsp.a(alt_exception_entry.o)
 *(.exceptions.exit.label)
 .exceptions.exit.label
                0x08000098        0x0 ../demo_board_NiosIIf_bsp//libhal_bsp.a(alt_irq_entry.o)
 .exceptions.exit.label
                0x08000098        0x0 ../demo_board_NiosIIf_bsp//libhal_bsp.a(alt_exception_entry.o)
 *(.exceptions.exit.user)
 *(.exceptions.exit)
 .exceptions.exit
                0x08000098       0x54 ../demo_board_NiosIIf_bsp//libhal_bsp.a(alt_exception_entry.o)
 *(.exceptions)
 .exceptions    0x080000ec       0x98 ../demo_board_NiosIIf_bsp//libhal_bsp.a(alt_irq_handler.o)
                0x080000ec                alt_irq_handler
                0x08000184                PROVIDE (__ram_exceptions_end, ABSOLUTE (.))
                0x08000020                PROVIDE (__flash_exceptions_start, LOADADDR (.exceptions))

.text           0x08000184    0x3e420
                0x08000184                PROVIDE (stext, ABSOLUTE (.))
 *(.interp)
 *(.hash)
 *(.dynsym)
 *(.dynstr)
 *(.gnu.version)
 *(.gnu.version_d)
 *(.gnu.version_r)
 *(.rel.init)
 *(.rela.init)
 *(.rel.text .rel.text.* .rel.gnu.linkonce.t.*)
 *(.rela.text .rela.text.* .rela.gnu.linkonce.t.*)
 *(.rel.fini)
 *(.rela.fini)
 *(.rel.rodata .rel.rodata.* .rel.gnu.linkonce.r.*)
 *(.rela.rodata .rela.rodata.* .rela.gnu.linkonce.r.*)
 *(.rel.data .rel.data.* .rel.gnu.linkonce.d.*)
 *(.rela.data .rela.data.* .rela.gnu.linkonce.d.*)
 *(.rel.tdata .rel.tdata.* .rel.gnu.linkonce.td.*)
 *(.rela.tdata .rela.tdata.* .rela.gnu.linkonce.td.*)
 *(.rel.tbss .rel.tbss.* .rel.gnu.linkonce.tb.*)
 *(.rela.tbss .rela.tbss.* .rela.gnu.linkonce.tb.*)
 *(.rel.ctors)
 *(.rela.ctors)
 *(.rel.dtors)
 *(.rela.dtors)
 *(.rel.got)
 *(.rela.got)
 *(.rel.sdata .rel.sdata.* .rel.gnu.linkonce.s.*)
 *(.rela.sdata .rela.sdata.* .rela.gnu.linkonce.s.*)
 *(.rel.sbss .rel.sbss.* .rel.gnu.linkonce.sb.*)
 *(.rela.sbss .rela.sbss.* .rela.gnu.linkonce.sb.*)
 *(.rel.sdata2 .rel.sdata2.* .rel.gnu.linkonce.s2.*)
 *(.rela.sdata2 .rela.sdata2.* .rela.gnu.linkonce.s2.*)
 *(.rel.sbss2 .rel.sbss2.* .rel.gnu.linkonce.sb2.*)
 *(.rela.sbss2 .rela.sbss2.* .rela.gnu.linkonce.sb2.*)
 *(.rel.bss .rel.bss.* .rel.gnu.linkonce.b.*)
 *(.rela.bss .rela.bss.* .rela.gnu.linkonce.b.*)
 *(.rel.plt)
 *(.rela.plt)
 *(.rel.dyn)
 *(.init)
 *(.plt)
 *(.text .stub .text.* .gnu.linkonce.t.*)
 .text          0x08000184       0x4c ../demo_board_NiosIIf_bsp//obj/HAL/src/crt0.o
                0x08000184                _start
 .text          0x080001d0       0xa4 obj/default/cdjpeg.o
                0x080001d0                keymatch
                0x0800024c                read_stdin
                0x08000260                write_stdout
 .text          0x08000274     0x1088 obj/default/djpeg.o
                0x08000bac                capture_cmd_args
                0x08000c64                main
 .text          0x080012fc      0x43c obj/default/jcapimin.o
                0x080012fc                jpeg_suppress_tables
                0x08001390                jpeg_write_marker
                0x08001424                jpeg_write_tables
                0x080014bc                jpeg_finish_compress
                0x08001624                jpeg_abort_compress
                0x08001628                jpeg_destroy_compress
                0x0800162c                jpeg_CreateCompress
 .text          0x08001738      0x350 obj/default/jcapistd.o
                0x08001738                jpeg_write_scanlines
                0x08001844                jpeg_write_raw_data
                0x080019cc                jpeg_start_compress
 .text          0x08001a88      0xc80 obj/default/jccoefct.o
                0x08001ca8                jinit_c_coef_controller
 .text          0x08002708      0x840 obj/default/jccolor.o
                0x08002c48                jinit_color_converter
 .text          0x08002f48     0x1178 obj/default/jcdctmgr.o
                0x08003fc4                jinit_forward_dct
 .text          0x080040c0     0x1944 obj/default/jchuff.o
                0x080042c0                jinit_huff_encoder
                0x08004344                jpeg_make_c_derived_tbl
                0x080044c4                jpeg_gen_optimal_table
 .text          0x08005a04       0xf0 obj/default/jcinit.o
                0x08005a04                jinit_compress_master
 .text          0x08005af4      0x264 obj/default/jcmainct.o
                0x08005c68                jinit_c_main_controller
 .text          0x08005d58     0x2640 obj/default/jcmarker.o
                0x08005d58                jinit_marker_writer
 .text          0x08008398     0x1068 obj/default/jcmaster.o
                0x080086d0                jinit_c_master_control
 .text          0x08009400       0xe8 obj/default/jcomapi.o
                0x08009400                jpeg_abort
                0x08009458                jpeg_destroy
                0x08009490                jpeg_alloc_quant_table
                0x080094bc                jpeg_alloc_huff_table
 .text          0x080094e8     0x16a4 obj/default/jcparam.o
                0x080094e8                jpeg_quality_scaling
                0x08009568                jpeg_set_colorspace
                0x080098e8                jpeg_default_colorspace
                0x0800997c                jpeg_add_quant_table
                0x08009b48                jpeg_simple_progression
                0x08009fb8                jpeg_set_linear_quality
                0x0800a31c                jpeg_set_quality
                0x0800a6ec                jpeg_set_defaults
 .text          0x0800ab8c     0x445c obj/default/jcphuff.o
                0x0800ab8c                jinit_phuff_encoder
 .text          0x0800efe8      0x878 obj/default/jcprepct.o
                0x0800f048                jinit_c_prep_controller
 .text          0x0800f860      0xe78 obj/default/jcsample.o
                0x0800f944                jinit_downsampler
 .text          0x080106d8      0x868 obj/default/jctrans.o
                0x08010994                jpeg_copy_critical_parameters
                0x08010ccc                jpeg_write_coefficients
 .text          0x08010f40      0x6e0 obj/default/jdapimin.o
                0x08010f40                jpeg_set_marker_processor
                0x08010f9c                jpeg_consume_input
                0x08011298                jpeg_input_complete
                0x080112f0                jpeg_has_multiple_scans
                0x08011348                jpeg_finish_decompress
                0x08011448                jpeg_read_header
                0x08011508                jpeg_abort_decompress
                0x0801150c                jpeg_destroy_decompress
                0x08011510                jpeg_CreateDecompress
 .text          0x08011620      0x5f8 obj/default/jdapistd.o
                0x08011720                jpeg_read_scanlines
                0x08011818                jpeg_read_raw_data
                0x0801197c                jpeg_start_output
                0x08011a20                jpeg_finish_output
                0x08011ae4                jpeg_start_decompress
 .text          0x08011c18      0x1fc obj/default/jdatadst.o
                0x08011c64                jpeg_stdio_dest
 .text          0x08011e14      0x2a0 obj/default/jdatasrc.o
                0x08011e28                jpeg_stdio_src
 .text          0x080120b4     0x1498 obj/default/jdcoefct.o
                0x080124ac                jinit_d_coef_controller
 .text          0x0801354c      0x698 obj/default/jdcolor.o
                0x08013888                jinit_color_deconverter
 .text          0x08013be4      0x5ec obj/default/jddctmgr.o
                0x0801410c                jinit_inverse_dct
 .text          0x080141d0     0x2d7c obj/default/jdhuff.o
                0x080141d0                jpeg_fill_bit_buffer
                0x08014364                jinit_huff_decoder
                0x080143d4                jpeg_make_d_derived_tbl
                0x080158bc                jpeg_huff_decode
 .text          0x08016f4c      0x6fc obj/default/jdinput.o
                0x08016fc0                jinit_input_controller
 .text          0x08017648      0xa80 obj/default/jdmainct.o
                0x08017e2c                jinit_d_main_controller
 .text          0x080180c8     0x2908 obj/default/jdmarker.o
                0x08019428                jpeg_resync_to_restart
                0x0801a900                jinit_marker_reader
 .text          0x0801a9d0      0x9fc obj/default/jdmaster.o
                0x0801abe8                jpeg_new_colormap
                0x0801ac94                jpeg_calc_output_dimensions
                0x0801afc8                jinit_master_decompress
 .text          0x0801b3cc      0x884 obj/default/jdmerge.o
                0x0801b958                jinit_merged_upsampler
 .text          0x0801bc50     0x1228 obj/default/jdphuff.o
                0x0801bc50                jinit_phuff_decoder
 .text          0x0801ce78      0x524 obj/default/jdpostct.o
                0x0801d294                jinit_d_post_controller
 .text          0x0801d39c      0xa8c obj/default/jdsample.o
                0x0801d6ac                jinit_upsampler
 .text          0x0801de28      0x1b4 obj/default/jdtrans.o
                0x0801de28                jpeg_read_coefficients
 .text          0x0801dfdc      0x268 obj/default/jerror.o
                0x0801e064                jpeg_std_error
 .text          0x0801e244     0x2b04 obj/default/jfdctflt.o
                0x0801e244                jpeg_fdct_float
 .text          0x08020d48      0x208 obj/default/jfdctfst.o
                0x08020d48                jpeg_fdct_ifast
 .text          0x08020f50      0x2c8 obj/default/jfdctint.o
                0x08020f50                jpeg_fdct_islow
 .text          0x08021218      0x81c obj/default/jidctflt.o
                0x08021218                jpeg_idct_float
 .text          0x08021a34      0x434 obj/default/jidctfst.o
                0x08021a34                jpeg_idct_ifast
 .text          0x08021e68      0x514 obj/default/jidctint.o
                0x08021e68                jpeg_idct_islow
 .text          0x0802237c      0xa14 obj/default/jidctred.o
                0x0802237c                jpeg_idct_4x4
                0x08022a60                jpeg_idct_2x2
                0x08022d54                jpeg_idct_1x1
 .text          0x08022d90     0x15b0 obj/default/jmemmgr.o
                0x08022d90                jinit_memory_mgr
 .text          0x08024340       0x48 obj/default/jmemnobs.o
                0x08024340                jpeg_mem_available
                0x08024348                jpeg_open_backing_store
                0x0802435c                jpeg_mem_init
                0x08024364                jpeg_mem_term
                0x08024368                jpeg_free_large
                0x08024370                jpeg_free_small
                0x08024378                jpeg_get_large
                0x08024380                jpeg_get_small
 .text          0x08024388     0x1210 obj/default/jquant1.o
                0x08024914                jinit_1pass_quantizer
 .text          0x08025598     0x1a04 obj/default/jquant2.o
                0x08026908                jinit_2pass_quantizer
 .text          0x08026f9c      0x15c obj/default/jutils.o
                0x08026f9c                jdiv_round_up
                0x08026ff0                jround_up
                0x0802705c                jzero_far
                0x08027068                jcopy_block_row
                0x0802707c                jcopy_sample_rows
 .text          0x080270f8      0x77c obj/default/rdcolmap.o
                0x08027224                read_color_map
 .text          0x08027874      0xa94 obj/default/wrbmp.o
                0x080279e8                jinit_write_bmp
 .text          0x08028308      0xd58 obj/default/wrgif.o
                0x08028308                jinit_write_gif
 .text          0x08029060      0x394 obj/default/wrppm.o
                0x08029060                jinit_write_ppm
 .text          0x080293f4        0x0 obj/default/wrrle.o
 .text          0x080293f4      0x540 obj/default/wrtarga.o
                0x080293f4                jinit_write_targa
 .text          0x08029934      0x2b8 /package/eda/altera/altera13.0sp1/nios2eds/bin/gnu/H-i686-pc-linux-gnu/bin/../lib/gcc/nios2-elf/4.1.2/libgcc.a(_addsub_sf.o)
                0x08029b18                __subsf3
                0x08029b88                __addsf3
 .text          0x08029bec      0x1e0 /package/eda/altera/altera13.0sp1/nios2eds/bin/gnu/H-i686-pc-linux-gnu/bin/../lib/gcc/nios2-elf/4.1.2/libgcc.a(_mul_sf.o)
                0x08029bec                __mulsf3
 .text          0x08029dcc       0x98 /package/eda/altera/altera13.0sp1/nios2eds/bin/gnu/H-i686-pc-linux-gnu/bin/../lib/gcc/nios2-elf/4.1.2/libgcc.a(_si_to_sf.o)
                0x08029dcc                __floatsisf
 .text          0x08029e64       0x94 /package/eda/altera/altera13.0sp1/nios2eds/bin/gnu/H-i686-pc-linux-gnu/bin/../lib/gcc/nios2-elf/4.1.2/libgcc.a(_sf_to_si.o)
                0x08029e64                __fixsfsi
 .text          0x08029ef8        0x0 /package/eda/altera/altera13.0sp1/nios2eds/bin/gnu/H-i686-pc-linux-gnu/bin/../lib/gcc/nios2-elf/4.1.2/libgcc.a(_thenan_sf.o)
 .text          0x08029ef8      0x3c4 /package/eda/altera/altera13.0sp1/nios2eds/bin/gnu/H-i686-pc-linux-gnu/bin/../lib/gcc/nios2-elf/4.1.2/libgcc.a(_mul_df.o)
                0x08029ef8                __muldf3
 .text          0x0802a2bc      0x258 /package/eda/altera/altera13.0sp1/nios2eds/bin/gnu/H-i686-pc-linux-gnu/bin/../lib/gcc/nios2-elf/4.1.2/libgcc.a(_div_df.o)
                0x0802a2bc                __divdf3
 .text          0x0802a514       0x74 /package/eda/altera/altera13.0sp1/nios2eds/bin/gnu/H-i686-pc-linux-gnu/bin/../lib/gcc/nios2-elf/4.1.2/libgcc.a(_df_to_sf.o)
                0x0802a514                __truncdfsf2
 .text          0x0802a588        0x0 /package/eda/altera/altera13.0sp1/nios2eds/bin/gnu/H-i686-pc-linux-gnu/bin/../lib/gcc/nios2-elf/4.1.2/libgcc.a(_thenan_df.o)
 .text          0x0802a588      0x194 /package/eda/altera/altera13.0sp1/nios2eds/bin/gnu/H-i686-pc-linux-gnu/bin/../lib/gcc/nios2-elf/4.1.2/libgcc.a(_usi_to_df.o)
                0x0802a588                __floatunsidf
 .text          0x0802a71c      0x14c /package/eda/altera/altera13.0sp1/nios2eds/bin/gnu/H-i686-pc-linux-gnu/bin/../lib/gcc/nios2-elf/4.1.2/libgcc.a(lib2-divmod.o)
                0x0802a798                __divsi3
                0x0802a7f8                __modsi3
                0x0802a858                __udivsi3
                0x0802a860                __umodsi3
 .text          0x0802a868        0x0 /package/eda/altera/altera13.0sp1/nios2eds/bin/gnu/H-i686-pc-linux-gnu/bin/../lib/gcc/nios2-elf/4.1.2/libgcc.a(lib2-divtable.o)
 .text          0x0802a868       0x98 /package/eda/altera/altera13.0sp1/nios2eds/bin/gnu/H-i686-pc-linux-gnu/bin/../lib/gcc/nios2-elf/4.1.2/libgcc.a(_muldi3.o)
                0x0802a868                __muldi3
 .text          0x0802a900       0x80 /package/eda/altera/altera13.0sp1/nios2eds/bin/gnu/H-i686-pc-linux-gnu/bin/../lib/gcc/nios2-elf/4.1.2/libgcc.a(_clzsi2.o)
                0x0802a900                __clzsi2
 .text          0x0802a980      0x160 /package/eda/altera/altera13.0sp1/nios2eds/bin/gnu/H-i686-pc-linux-gnu/bin/../lib/gcc/nios2-elf/4.1.2/libgcc.a(_pack_sf.o)
                0x0802a980                __pack_f
 .text          0x0802aae0       0xc8 /package/eda/altera/altera13.0sp1/nios2eds/bin/gnu/H-i686-pc-linux-gnu/bin/../lib/gcc/nios2-elf/4.1.2/libgcc.a(_unpack_sf.o)
                0x0802aae0                __unpack_f
 .text          0x0802aba8       0x2c /package/eda/altera/altera13.0sp1/nios2eds/bin/gnu/H-i686-pc-linux-gnu/bin/../lib/gcc/nios2-elf/4.1.2/libgcc.a(_make_sf.o)
                0x0802aba8                __make_fp
 .text          0x0802abd4      0x314 /package/eda/altera/altera13.0sp1/nios2eds/bin/gnu/H-i686-pc-linux-gnu/bin/../lib/gcc/nios2-elf/4.1.2/libgcc.a(_pack_df.o)
                0x0802abd4                __pack_d
 .text          0x0802aee8      0x138 /package/eda/altera/altera13.0sp1/nios2eds/bin/gnu/H-i686-pc-linux-gnu/bin/../lib/gcc/nios2-elf/4.1.2/libgcc.a(_unpack_df.o)
                0x0802aee8                __unpack_d
 .text          0x0802b020        0x0 /package/eda/altera/altera13.0sp1/nios2eds/bin/gnu/H-i686-pc-linux-gnu/bin/../lib/gcc/nios2-elf/4.1.2/libgcc.a(_clz.o)
 .text          0x0802b020        0x0 /package/eda/altera/altera13.0sp1/nios2eds/bin/gnu/H-i686-pc-linux-gnu/bin/../lib/gcc/nios2-elf/4.1.2/../../../../nios2-elf/lib/libc.a(lib_a-ctype_.o)
 .text          0x0802b020       0x38 /package/eda/altera/altera13.0sp1/nios2eds/bin/gnu/H-i686-pc-linux-gnu/bin/../lib/gcc/nios2-elf/4.1.2/../../../../nios2-elf/lib/libc.a(lib_a-exit.o)
                0x0802b020                exit
 .text          0x0802b058      0x124 /package/eda/altera/altera13.0sp1/nios2eds/bin/gnu/H-i686-pc-linux-gnu/bin/../lib/gcc/nios2-elf/4.1.2/../../../../nios2-elf/lib/libc.a(lib_a-fclose.o)
                0x0802b058                _fclose_r
                0x0802b168                fclose
 .text          0x0802b17c      0x230 /package/eda/altera/altera13.0sp1/nios2eds/bin/gnu/H-i686-pc-linux-gnu/bin/../lib/gcc/nios2-elf/4.1.2/../../../../nios2-elf/lib/libc.a(lib_a-fflush.o)
                0x0802b17c                _fflush_r
                0x0802b378                fflush
 .text          0x0802b3ac      0x2c0 /package/eda/altera/altera13.0sp1/nios2eds/bin/gnu/H-i686-pc-linux-gnu/bin/../lib/gcc/nios2-elf/4.1.2/../../../../nios2-elf/lib/libc.a(lib_a-findfp.o)
                0x0802b404                __sfp_lock_acquire
                0x0802b408                __sfp_lock_release
                0x0802b40c                __sinit_lock_acquire
                0x0802b410                __sinit_lock_release
                0x0802b414                __sinit
                0x0802b4c8                __fp_unlock_all
                0x0802b4e0                __fp_lock_all
                0x0802b4f8                _cleanup_r
                0x0802b504                _cleanup
                0x0802b514                __sfmoreglue
                0x0802b57c                __sfp
 .text          0x0802b66c      0x110 /package/eda/altera/altera13.0sp1/nios2eds/bin/gnu/H-i686-pc-linux-gnu/bin/../lib/gcc/nios2-elf/4.1.2/../../../../nios2-elf/lib/libc.a(lib_a-fopen.o)
                0x0802b66c                _fopen_r
                0x0802b760                fopen
 .text          0x0802b77c       0x60 /package/eda/altera/altera13.0sp1/nios2eds/bin/gnu/H-i686-pc-linux-gnu/bin/../lib/gcc/nios2-elf/4.1.2/../../../../nios2-elf/lib/libc.a(lib_a-fprintf.o)
                0x0802b77c                fprintf
                0x0802b7a8                _fprintf_r
 .text          0x0802b7dc       0xbc /package/eda/altera/altera13.0sp1/nios2eds/bin/gnu/H-i686-pc-linux-gnu/bin/../lib/gcc/nios2-elf/4.1.2/../../../../nios2-elf/lib/libc.a(lib_a-fputc.o)
                0x0802b7dc                fputc
                0x0802b840                _fputc_r
 .text          0x0802b898      0x23c /package/eda/altera/altera13.0sp1/nios2eds/bin/gnu/H-i686-pc-linux-gnu/bin/../lib/gcc/nios2-elf/4.1.2/../../../../nios2-elf/lib/libc.a(lib_a-fread.o)
                0x0802b898                _fread_r
                0x0802ba94                fread
 .text          0x0802bad4      0x440 /package/eda/altera/altera13.0sp1/nios2eds/bin/gnu/H-i686-pc-linux-gnu/bin/../lib/gcc/nios2-elf/4.1.2/../../../../nios2-elf/lib/libc.a(lib_a-freer.o)
                0x0802bad4                _malloc_trim_r
                0x0802bc00                _free_r
 .text          0x0802bf14      0x460 /package/eda/altera/altera13.0sp1/nios2eds/bin/gnu/H-i686-pc-linux-gnu/bin/../lib/gcc/nios2-elf/4.1.2/../../../../nios2-elf/lib/libc.a(lib_a-fseek.o)
                0x0802bf14                _fseek_r
                0x0802c350                fseek
 .text          0x0802c374       0x74 /package/eda/altera/altera13.0sp1/nios2eds/bin/gnu/H-i686-pc-linux-gnu/bin/../lib/gcc/nios2-elf/4.1.2/../../../../nios2-elf/lib/libc.a(lib_a-fstatr.o)
                0x0802c374                _fstat_r
 .text          0x0802c3e8      0x180 /package/eda/altera/altera13.0sp1/nios2eds/bin/gnu/H-i686-pc-linux-gnu/bin/../lib/gcc/nios2-elf/4.1.2/../../../../nios2-elf/lib/libc.a(lib_a-fwalk.o)
                0x0802c3e8                _fwalk_reent
                0x0802c4b0                _fwalk
 .text          0x0802c568       0xdc /package/eda/altera/altera13.0sp1/nios2eds/bin/gnu/H-i686-pc-linux-gnu/bin/../lib/gcc/nios2-elf/4.1.2/../../../../nios2-elf/lib/libc.a(lib_a-fwrite.o)
                0x0802c568                _fwrite_r
                0x0802c604                fwrite
 .text          0x0802c644      0x128 /package/eda/altera/altera13.0sp1/nios2eds/bin/gnu/H-i686-pc-linux-gnu/bin/../lib/gcc/nios2-elf/4.1.2/../../../../nios2-elf/lib/libc.a(lib_a-getc.o)
                0x0802c644                getc
                0x0802c6dc                _getc_r
 .text          0x0802c76c       0x48 /package/eda/altera/altera13.0sp1/nios2eds/bin/gnu/H-i686-pc-linux-gnu/bin/../lib/gcc/nios2-elf/4.1.2/../../../../nios2-elf/lib/libc.a(lib_a-getenv.o)
                0x0802c76c                getenv
                0x0802c798                _findenv
 .text          0x0802c7b4      0x128 /package/eda/altera/altera13.0sp1/nios2eds/bin/gnu/H-i686-pc-linux-gnu/bin/../lib/gcc/nios2-elf/4.1.2/../../../../nios2-elf/lib/libc.a(lib_a-getenv_r.o)
                0x0802c7b4                _findenv_r
                0x0802c8c0                _getenv_r
 .text          0x0802c8dc        0x0 /package/eda/altera/altera13.0sp1/nios2eds/bin/gnu/H-i686-pc-linux-gnu/bin/../lib/gcc/nios2-elf/4.1.2/../../../../nios2-elf/lib/libc.a(lib_a-impure.o)
 .text          0x0802c8dc        0x0 /package/eda/altera/altera13.0sp1/nios2eds/bin/gnu/H-i686-pc-linux-gnu/bin/../lib/gcc/nios2-elf/4.1.2/../../../../nios2-elf/lib/libc.a(lib_a-int_errno.o)
 .text          0x0802c8dc      0x194 /package/eda/altera/altera13.0sp1/nios2eds/bin/gnu/H-i686-pc-linux-gnu/bin/../lib/gcc/nios2-elf/4.1.2/../../../../nios2-elf/lib/libc.a(lib_a-makebuf.o)
                0x0802c8dc                __smakebuf_r
 .text          0x0802ca70       0x28 /package/eda/altera/altera13.0sp1/nios2eds/bin/gnu/H-i686-pc-linux-gnu/bin/../lib/gcc/nios2-elf/4.1.2/../../../../nios2-elf/lib/libc.a(lib_a-malloc.o)
                0x0802ca70                free
                0x0802ca84                malloc
 .text          0x0802ca98      0x740 /package/eda/altera/altera13.0sp1/nios2eds/bin/gnu/H-i686-pc-linux-gnu/bin/../lib/gcc/nios2-elf/4.1.2/../../../../nios2-elf/lib/libc.a(lib_a-mallocr.o)
                0x0802ca98                _malloc_r
 .text          0x0802d1d8       0xa0 /package/eda/altera/altera13.0sp1/nios2eds/bin/gnu/H-i686-pc-linux-gnu/bin/../lib/gcc/nios2-elf/4.1.2/../../../../nios2-elf/lib/libc.a(lib_a-memcpy.o)
                0x0802d1d8                memcpy
 .text          0x0802d278       0x98 /package/eda/altera/altera13.0sp1/nios2eds/bin/gnu/H-i686-pc-linux-gnu/bin/../lib/gcc/nios2-elf/4.1.2/../../../../nios2-elf/lib/libc.a(lib_a-memset.o)
                0x0802d278                memset
 .text          0x0802d310       0x78 /package/eda/altera/altera13.0sp1/nios2eds/bin/gnu/H-i686-pc-linux-gnu/bin/../lib/gcc/nios2-elf/4.1.2/../../../../nios2-elf/lib/libc.a(lib_a-openr.o)
                0x0802d310                _open_r
 .text          0x0802d388       0x78 /package/eda/altera/altera13.0sp1/nios2eds/bin/gnu/H-i686-pc-linux-gnu/bin/../lib/gcc/nios2-elf/4.1.2/../../../../nios2-elf/lib/libc.a(lib_a-printf.o)
                0x0802d388                printf
                0x0802d3cc                _printf_r
 .text          0x0802d400      0x1ec /package/eda/altera/altera13.0sp1/nios2eds/bin/gnu/H-i686-pc-linux-gnu/bin/../lib/gcc/nios2-elf/4.1.2/../../../../nios2-elf/lib/libc.a(lib_a-putc.o)
                0x0802d400                putc
                0x0802d504                _putc_r
 .text          0x0802d5ec       0xb4 /package/eda/altera/altera13.0sp1/nios2eds/bin/gnu/H-i686-pc-linux-gnu/bin/../lib/gcc/nios2-elf/4.1.2/../../../../nios2-elf/lib/libc.a(lib_a-puts.o)
                0x0802d5ec                _puts_r
                0x0802d68c                puts
 .text          0x0802d6a0      0x1e0 /package/eda/altera/altera13.0sp1/nios2eds/bin/gnu/H-i686-pc-linux-gnu/bin/../lib/gcc/nios2-elf/4.1.2/../../../../nios2-elf/lib/libc.a(lib_a-refill.o)
                0x0802d6a0                __srefill_r
 .text          0x0802d880       0x60 /package/eda/altera/altera13.0sp1/nios2eds/bin/gnu/H-i686-pc-linux-gnu/bin/../lib/gcc/nios2-elf/4.1.2/../../../../nios2-elf/lib/libc.a(lib_a-rget.o)
                0x0802d880                __srget_r
                0x0802d8cc                __srget
 .text          0x0802d8e0       0x70 /package/eda/altera/altera13.0sp1/nios2eds/bin/gnu/H-i686-pc-linux-gnu/bin/../lib/gcc/nios2-elf/4.1.2/../../../../nios2-elf/lib/libc.a(lib_a-sbrkr.o)
                0x0802d8e0                _sbrk_r
 .text          0x0802d950       0xd4 /package/eda/altera/altera13.0sp1/nios2eds/bin/gnu/H-i686-pc-linux-gnu/bin/../lib/gcc/nios2-elf/4.1.2/../../../../nios2-elf/lib/libc.a(lib_a-sprintf.o)
                0x0802d950                sprintf
                0x0802d9c4                _sprintf_r
 .text          0x0802da24      0x114 /package/eda/altera/altera13.0sp1/nios2eds/bin/gnu/H-i686-pc-linux-gnu/bin/../lib/gcc/nios2-elf/4.1.2/../../../../nios2-elf/lib/libc.a(lib_a-sscanf.o)
                0x0802da2c                _sscanf_r
                0x0802dab4                sscanf
 .text          0x0802db38      0x14c /package/eda/altera/altera13.0sp1/nios2eds/bin/gnu/H-i686-pc-linux-gnu/bin/../lib/gcc/nios2-elf/4.1.2/../../../../nios2-elf/lib/libc.a(lib_a-stdio.o)
                0x0802db38                __sclose
                0x0802db40                __sseek
                0x0802dba8                __swrite
                0x0802dc24                __sread
 .text          0x0802dc84       0x14 /package/eda/altera/altera13.0sp1/nios2eds/bin/gnu/H-i686-pc-linux-gnu/bin/../lib/gcc/nios2-elf/4.1.2/../../../../nios2-elf/lib/libc.a(lib_a-strdup.o)
                0x0802dc84                strdup
 .text          0x0802dc98       0x68 /package/eda/altera/altera13.0sp1/nios2eds/bin/gnu/H-i686-pc-linux-gnu/bin/../lib/gcc/nios2-elf/4.1.2/../../../../nios2-elf/lib/libc.a(lib_a-strdup_r.o)
                0x0802dc98                _strdup_r
 .text          0x0802dd00       0x74 /package/eda/altera/altera13.0sp1/nios2eds/bin/gnu/H-i686-pc-linux-gnu/bin/../lib/gcc/nios2-elf/4.1.2/../../../../nios2-elf/lib/libc.a(lib_a-strlen.o)
                0x0802dd00                strlen
 .text          0x0802dd74       0xf0 /package/eda/altera/altera13.0sp1/nios2eds/bin/gnu/H-i686-pc-linux-gnu/bin/../lib/gcc/nios2-elf/4.1.2/../../../../nios2-elf/lib/libc.a(lib_a-strncmp.o)
                0x0802dd74                strncmp
 .text          0x0802de64     0x1f28 /package/eda/altera/altera13.0sp1/nios2eds/bin/gnu/H-i686-pc-linux-gnu/bin/../lib/gcc/nios2-elf/4.1.2/../../../../nios2-elf/lib/libc.a(lib_a-vfprintf.o)
                0x0802debc                ___vfprintf_internal_r
                0x0802fd68                __vfprintf_internal
 .text          0x0802fd8c     0x1780 /package/eda/altera/altera13.0sp1/nios2eds/bin/gnu/H-i686-pc-linux-gnu/bin/../lib/gcc/nios2-elf/4.1.2/../../../../nios2-elf/lib/libc.a(lib_a-vfscanf.o)
                0x0802fd8c                __svfscanf_r
                0x0803140c                __svfscanf
                0x08031430                _vfscanf_r
                0x08031498                vfscanf
 .text          0x0803150c      0x14c /package/eda/altera/altera13.0sp1/nios2eds/bin/gnu/H-i686-pc-linux-gnu/bin/../lib/gcc/nios2-elf/4.1.2/../../../../nios2-elf/lib/libc.a(lib_a-wbuf.o)
                0x0803150c                __swbuf_r
                0x0803163c                __swbuf
 .text          0x08031658       0x78 /package/eda/altera/altera13.0sp1/nios2eds/bin/gnu/H-i686-pc-linux-gnu/bin/../lib/gcc/nios2-elf/4.1.2/../../../../nios2-elf/lib/libc.a(lib_a-writer.o)
                0x08031658                _write_r
 .text          0x080316d0      0x13c /package/eda/altera/altera13.0sp1/nios2eds/bin/gnu/H-i686-pc-linux-gnu/bin/../lib/gcc/nios2-elf/4.1.2/../../../../nios2-elf/lib/libc.a(lib_a-wsetup.o)
                0x080316d0                __swsetup_r
 .text          0x0803180c      0x1b4 /package/eda/altera/altera13.0sp1/nios2eds/bin/gnu/H-i686-pc-linux-gnu/bin/../lib/gcc/nios2-elf/4.1.2/../../../../nios2-elf/lib/libc.a(lib_a-__call_atexit.o)
                0x08031810                __call_exitprocs
 .text          0x080319c0       0x70 /package/eda/altera/altera13.0sp1/nios2eds/bin/gnu/H-i686-pc-linux-gnu/bin/../lib/gcc/nios2-elf/4.1.2/../../../../nios2-elf/lib/libc.a(lib_a-closer.o)
                0x080319c0                _close_r
 .text          0x08031a30     0x17cc /package/eda/altera/altera13.0sp1/nios2eds/bin/gnu/H-i686-pc-linux-gnu/bin/../lib/gcc/nios2-elf/4.1.2/../../../../nios2-elf/lib/libc.a(lib_a-dtoa.o)
                0x08031c48                _dtoa_r
 .text          0x080331fc        0x0 /package/eda/altera/altera13.0sp1/nios2eds/bin/gnu/H-i686-pc-linux-gnu/bin/../lib/gcc/nios2-elf/4.1.2/../../../../nios2-elf/lib/libc.a(lib_a-environ.o)
 .text          0x080331fc       0xa0 /package/eda/altera/altera13.0sp1/nios2eds/bin/gnu/H-i686-pc-linux-gnu/bin/../lib/gcc/nios2-elf/4.1.2/../../../../nios2-elf/lib/libc.a(lib_a-flags.o)
                0x080331fc                __sflags
 .text          0x0803329c      0x49c /package/eda/altera/altera13.0sp1/nios2eds/bin/gnu/H-i686-pc-linux-gnu/bin/../lib/gcc/nios2-elf/4.1.2/../../../../nios2-elf/lib/libc.a(lib_a-fvwrite.o)
                0x0803329c                __sfvwrite_r
 .text          0x08033738       0x70 /package/eda/altera/altera13.0sp1/nios2eds/bin/gnu/H-i686-pc-linux-gnu/bin/../lib/gcc/nios2-elf/4.1.2/../../../../nios2-elf/lib/libc.a(lib_a-isattyr.o)
                0x08033738                _isatty_r
 .text          0x080337a8       0x2c /package/eda/altera/altera13.0sp1/nios2eds/bin/gnu/H-i686-pc-linux-gnu/bin/../lib/gcc/nios2-elf/4.1.2/../../../../nios2-elf/lib/libc.a(lib_a-iswspace.o)
                0x080337a8                iswspace
 .text          0x080337d4       0xc4 /package/eda/altera/altera13.0sp1/nios2eds/bin/gnu/H-i686-pc-linux-gnu/bin/../lib/gcc/nios2-elf/4.1.2/../../../../nios2-elf/lib/libc.a(lib_a-locale.o)
                0x080337d4                __locale_charset
                0x080337dc                _localeconv_r
                0x080337e8                localeconv
                0x080337f8                _setlocale_r
                0x0803387c                setlocale
 .text          0x08033898       0x78 /package/eda/altera/altera13.0sp1/nios2eds/bin/gnu/H-i686-pc-linux-gnu/bin/../lib/gcc/nios2-elf/4.1.2/../../../../nios2-elf/lib/libc.a(lib_a-lseekr.o)
                0x08033898                _lseek_r
 .text          0x08033910       0xc0 /package/eda/altera/altera13.0sp1/nios2eds/bin/gnu/H-i686-pc-linux-gnu/bin/../lib/gcc/nios2-elf/4.1.2/../../../../nios2-elf/lib/libc.a(lib_a-mbrtowc.o)
                0x08033910                _mbrtowc_r
                0x08033990                mbrtowc
 .text          0x080339d0       0x40 /package/eda/altera/altera13.0sp1/nios2eds/bin/gnu/H-i686-pc-linux-gnu/bin/../lib/gcc/nios2-elf/4.1.2/../../../../nios2-elf/lib/libc.a(lib_a-mbtowc_r.o)
                0x080339d0                _mbtowc_r
 .text          0x08033a10       0xe4 /package/eda/altera/altera13.0sp1/nios2eds/bin/gnu/H-i686-pc-linux-gnu/bin/../lib/gcc/nios2-elf/4.1.2/../../../../nios2-elf/lib/libc.a(lib_a-memchr.o)
                0x08033a10                memchr
 .text          0x08033af4       0xe0 /package/eda/altera/altera13.0sp1/nios2eds/bin/gnu/H-i686-pc-linux-gnu/bin/../lib/gcc/nios2-elf/4.1.2/../../../../nios2-elf/lib/libc.a(lib_a-memmove.o)
                0x08033af4                memmove
 .text          0x08033bd4      0xff4 /package/eda/altera/altera13.0sp1/nios2eds/bin/gnu/H-i686-pc-linux-gnu/bin/../lib/gcc/nios2-elf/4.1.2/../../../../nios2-elf/lib/libc.a(lib_a-mprec.o)
                0x08033bd4                _Bfree
                0x08033bfc                __hi0bits
                0x08033c6c                __lo0bits
                0x08033d30                __mcmp
                0x08033d90                __ulp
                0x08033e10                __b2d
                0x08033f30                __ratio
                0x08033fe0                _mprec_log10
                0x08034074                __copybits
                0x080340cc                __any_on
                0x08034154                _Balloc
                0x08034210                __d2b
                0x0803438c                __mdiff
                0x08034518                __lshift
                0x08034664                __multiply
                0x0803484c                __i2b
                0x08034888                __multadd
                0x08034988                __pow5mult
                0x08034aa8                __s2b
 .text          0x08034bc8       0x78 /package/eda/altera/altera13.0sp1/nios2eds/bin/gnu/H-i686-pc-linux-gnu/bin/../lib/gcc/nios2-elf/4.1.2/../../../../nios2-elf/lib/libc.a(lib_a-readr.o)
                0x08034bc8                _read_r
 .text          0x08034c40      0x5f4 /package/eda/altera/altera13.0sp1/nios2eds/bin/gnu/H-i686-pc-linux-gnu/bin/../lib/gcc/nios2-elf/4.1.2/../../../../nios2-elf/lib/libc.a(lib_a-reallocr.o)
                0x08034c40                _realloc_r
 .text          0x08035234       0x40 /package/eda/altera/altera13.0sp1/nios2eds/bin/gnu/H-i686-pc-linux-gnu/bin/../lib/gcc/nios2-elf/4.1.2/../../../../nios2-elf/lib/libc.a(lib_a-s_isinfd.o)
                0x08035234                __isinfd
 .text          0x08035274       0x30 /package/eda/altera/altera13.0sp1/nios2eds/bin/gnu/H-i686-pc-linux-gnu/bin/../lib/gcc/nios2-elf/4.1.2/../../../../nios2-elf/lib/libc.a(lib_a-s_isnand.o)
                0x08035274                __isnand
 .text          0x080352a4       0xc0 /package/eda/altera/altera13.0sp1/nios2eds/bin/gnu/H-i686-pc-linux-gnu/bin/../lib/gcc/nios2-elf/4.1.2/../../../../nios2-elf/lib/libc.a(lib_a-sccl.o)
                0x080352a4                __sccl
 .text          0x08035364        0x8 /package/eda/altera/altera13.0sp1/nios2eds/bin/gnu/H-i686-pc-linux-gnu/bin/../lib/gcc/nios2-elf/4.1.2/../../../../nios2-elf/lib/libc.a(lib_a-sf_nan.o)
                0x08035364                nanf
 .text          0x0803536c       0xbc /package/eda/altera/altera13.0sp1/nios2eds/bin/gnu/H-i686-pc-linux-gnu/bin/../lib/gcc/nios2-elf/4.1.2/../../../../nios2-elf/lib/libc.a(lib_a-strcmp.o)
                0x0803536c                strcmp
 .text          0x08035428     0x166c /package/eda/altera/altera13.0sp1/nios2eds/bin/gnu/H-i686-pc-linux-gnu/bin/../lib/gcc/nios2-elf/4.1.2/../../../../nios2-elf/lib/libc.a(lib_a-strtod.o)
                0x08035470                _strtod_r
                0x08036954                strtof
                0x08036a78                strtod
 .text          0x08036a94      0x268 /package/eda/altera/altera13.0sp1/nios2eds/bin/gnu/H-i686-pc-linux-gnu/bin/../lib/gcc/nios2-elf/4.1.2/../../../../nios2-elf/lib/libc.a(lib_a-strtol.o)
                0x08036a94                _strtol_r
                0x08036cd8                strtol
 .text          0x08036cfc      0x318 /package/eda/altera/altera13.0sp1/nios2eds/bin/gnu/H-i686-pc-linux-gnu/bin/../lib/gcc/nios2-elf/4.1.2/../../../../nios2-elf/lib/libc.a(lib_a-strtoll_r.o)
                0x08036cfc                _strtoll_r
 .text          0x08037014      0x254 /package/eda/altera/altera13.0sp1/nios2eds/bin/gnu/H-i686-pc-linux-gnu/bin/../lib/gcc/nios2-elf/4.1.2/../../../../nios2-elf/lib/libc.a(lib_a-strtoul.o)
                0x08037014                _strtoul_r
                0x08037244                strtoul
 .text          0x08037268      0x2f0 /package/eda/altera/altera13.0sp1/nios2eds/bin/gnu/H-i686-pc-linux-gnu/bin/../lib/gcc/nios2-elf/4.1.2/../../../../nios2-elf/lib/libc.a(lib_a-strtoull_r.o)
                0x08037268                _strtoull_r
 .text          0x08037558      0x294 /package/eda/altera/altera13.0sp1/nios2eds/bin/gnu/H-i686-pc-linux-gnu/bin/../lib/gcc/nios2-elf/4.1.2/../../../../nios2-elf/lib/libc.a(lib_a-ungetc.o)
                0x08037558                __submore
                0x08037634                _ungetc_r
                0x080377d0                ungetc
 .text          0x080377ec       0xb4 /package/eda/altera/altera13.0sp1/nios2eds/bin/gnu/H-i686-pc-linux-gnu/bin/../lib/gcc/nios2-elf/4.1.2/../../../../nios2-elf/lib/libc.a(lib_a-callocr.o)
                0x080377ec                _calloc_r
 .text          0x080378a0      0x8f4 /package/eda/altera/altera13.0sp1/nios2eds/bin/gnu/H-i686-pc-linux-gnu/bin/../lib/gcc/nios2-elf/4.1.2/../../../../nios2-elf/lib/libc.a(lib_a-gdtoa-gethex.o)
                0x080378c4                __hexdig_init
                0x080379dc                __gethex
 .text          0x08038194      0x294 /package/eda/altera/altera13.0sp1/nios2eds/bin/gnu/H-i686-pc-linux-gnu/bin/../lib/gcc/nios2-elf/4.1.2/../../../../nios2-elf/lib/libc.a(lib_a-gdtoa-hexnan.o)
                0x080381e0                __hexnan
 .text          0x08038428       0xa4 /package/eda/altera/altera13.0sp1/nios2eds/bin/gnu/H-i686-pc-linux-gnu/bin/../lib/gcc/nios2-elf/4.1.2/libgcc.a(_fixunsdfsi.o)
                0x08038428                __fixunsdfsi
 .text          0x080384cc      0x5dc /package/eda/altera/altera13.0sp1/nios2eds/bin/gnu/H-i686-pc-linux-gnu/bin/../lib/gcc/nios2-elf/4.1.2/libgcc.a(_udivdi3.o)
                0x080384cc                __udivdi3
 .text          0x08038aa8      0x5b0 /package/eda/altera/altera13.0sp1/nios2eds/bin/gnu/H-i686-pc-linux-gnu/bin/../lib/gcc/nios2-elf/4.1.2/libgcc.a(_umoddi3.o)
                0x08038aa8                __umoddi3
 .text          0x08039058       0x78 /package/eda/altera/altera13.0sp1/nios2eds/bin/gnu/H-i686-pc-linux-gnu/bin/../lib/gcc/nios2-elf/4.1.2/libgcc.a(_ne_sf.o)
                0x08039058                __nesf2
 .text          0x080390d0       0x78 /package/eda/altera/altera13.0sp1/nios2eds/bin/gnu/H-i686-pc-linux-gnu/bin/../lib/gcc/nios2-elf/4.1.2/libgcc.a(_gt_sf.o)
                0x080390d0                __gtsf2
 .text          0x08039148       0x78 /package/eda/altera/altera13.0sp1/nios2eds/bin/gnu/H-i686-pc-linux-gnu/bin/../lib/gcc/nios2-elf/4.1.2/libgcc.a(_lt_sf.o)
                0x08039148                __ltsf2
 .text          0x080391c0      0x504 /package/eda/altera/altera13.0sp1/nios2eds/bin/gnu/H-i686-pc-linux-gnu/bin/../lib/gcc/nios2-elf/4.1.2/libgcc.a(_addsub_df.o)
                0x080395d0                __subdf3
                0x08039650                __adddf3
 .text          0x080396c4       0x88 /package/eda/altera/altera13.0sp1/nios2eds/bin/gnu/H-i686-pc-linux-gnu/bin/../lib/gcc/nios2-elf/4.1.2/libgcc.a(_eq_df.o)
                0x080396c4                __eqdf2
 .text          0x0803974c       0x88 /package/eda/altera/altera13.0sp1/nios2eds/bin/gnu/H-i686-pc-linux-gnu/bin/../lib/gcc/nios2-elf/4.1.2/libgcc.a(_ne_df.o)
                0x0803974c                __nedf2
 .text          0x080397d4       0x88 /package/eda/altera/altera13.0sp1/nios2eds/bin/gnu/H-i686-pc-linux-gnu/bin/../lib/gcc/nios2-elf/4.1.2/libgcc.a(_gt_df.o)
                0x080397d4                __gtdf2
 .text          0x0803985c       0x88 /package/eda/altera/altera13.0sp1/nios2eds/bin/gnu/H-i686-pc-linux-gnu/bin/../lib/gcc/nios2-elf/4.1.2/libgcc.a(_ge_df.o)
                0x0803985c                __gedf2
 .text          0x080398e4       0x88 /package/eda/altera/altera13.0sp1/nios2eds/bin/gnu/H-i686-pc-linux-gnu/bin/../lib/gcc/nios2-elf/4.1.2/libgcc.a(_lt_df.o)
                0x080398e4                __ltdf2
 .text          0x0803996c       0x88 /package/eda/altera/altera13.0sp1/nios2eds/bin/gnu/H-i686-pc-linux-gnu/bin/../lib/gcc/nios2-elf/4.1.2/libgcc.a(_le_df.o)
                0x0803996c                __ledf2
 .text          0x080399f4       0xf8 /package/eda/altera/altera13.0sp1/nios2eds/bin/gnu/H-i686-pc-linux-gnu/bin/../lib/gcc/nios2-elf/4.1.2/libgcc.a(_si_to_df.o)
                0x080399f4                __floatsidf
 .text          0x08039aec       0xd8 /package/eda/altera/altera13.0sp1/nios2eds/bin/gnu/H-i686-pc-linux-gnu/bin/../lib/gcc/nios2-elf/4.1.2/libgcc.a(_df_to_si.o)
                0x08039aec                __fixdfsi
 .text          0x08039bc4       0xa8 /package/eda/altera/altera13.0sp1/nios2eds/bin/gnu/H-i686-pc-linux-gnu/bin/../lib/gcc/nios2-elf/4.1.2/libgcc.a(_fpcmp_parts_sf.o)
                0x08039bc4                __fpcmp_parts_f
 .text          0x08039c6c       0xc8 /package/eda/altera/altera13.0sp1/nios2eds/bin/gnu/H-i686-pc-linux-gnu/bin/../lib/gcc/nios2-elf/4.1.2/libgcc.a(_fpcmp_parts_df.o)
                0x08039c6c                __fpcmp_parts_d
 .text          0x08039d34       0xf0 ../demo_board_NiosIIf_bsp//libhal_bsp.a(alt_close.o)
                0x08039d34                close
 .text          0x08039e24       0x28 ../demo_board_NiosIIf_bsp//libhal_bsp.a(alt_dcache_flush.o)
                0x08039e24                alt_dcache_flush
 .text          0x08039e4c        0x8 ../demo_board_NiosIIf_bsp//libhal_bsp.a(alt_dev.o)
 .text          0x08039e54        0x8 ../demo_board_NiosIIf_bsp//libhal_bsp.a(alt_env_lock.o)
                0x08039e54                __env_lock
                0x08039e58                __env_unlock
 .text          0x08039e5c        0x0 ../demo_board_NiosIIf_bsp//libhal_bsp.a(alt_errno.o)
 .text          0x08039e5c       0x14 ../demo_board_NiosIIf_bsp//libhal_bsp.a(alt_exit.o)
                0x08039e5c                _exit
 .text          0x08039e70       0x90 ../demo_board_NiosIIf_bsp//libhal_bsp.a(alt_fstat.o)
                0x08039e70                fstat
 .text          0x08039f00       0x84 ../demo_board_NiosIIf_bsp//libhal_bsp.a(alt_isatty.o)
                0x08039f00                isatty
 .text          0x08039f84       0xb4 ../demo_board_NiosIIf_bsp//libhal_bsp.a(alt_load.o)
                0x08039f84                alt_load
 .text          0x0803a038       0x9c ../demo_board_NiosIIf_bsp//libhal_bsp.a(alt_lseek.o)
                0x0803a038                lseek
 .text          0x0803a0d4       0x60 ../demo_board_NiosIIf_bsp//libhal_bsp.a(alt_main.o)
                0x0803a0d4                alt_main
 .text          0x0803a134        0x8 ../demo_board_NiosIIf_bsp//libhal_bsp.a(alt_malloc_lock.o)
                0x0803a134                __malloc_lock
                0x0803a138                __malloc_unlock
 .text          0x0803a13c      0x180 ../demo_board_NiosIIf_bsp//libhal_bsp.a(alt_open.o)
                0x0803a13c                open
 .text          0x0803a2bc      0x11c ../demo_board_NiosIIf_bsp//libhal_bsp.a(alt_read.o)
                0x0803a2bc                read
 .text          0x0803a3d8       0x24 ../demo_board_NiosIIf_bsp//libhal_bsp.a(alt_release_fd.o)
                0x0803a3d8                alt_release_fd
 .text          0x0803a3fc       0x54 ../demo_board_NiosIIf_bsp//libhal_bsp.a(alt_sbrk.o)
                0x0803a3fc                sbrk
 .text          0x0803a450      0x118 ../demo_board_NiosIIf_bsp//libhal_bsp.a(alt_write.o)
                0x0803a450                write
 .text          0x0803a568      0x178 ../demo_board_NiosIIf_bsp//libhal_bsp.a(alt_sys_init.o)
                0x0803a568                alt_irq_init
                0x0803a588                alt_sys_init
 .text          0x0803a6e0      0x564 ../demo_board_NiosIIf_bsp//libhal_bsp.a(altera_avalon_cfi_flash.o)
                0x0803a6e0                alt_flash_cfi_get_info
                0x0803a718                alt_flash_program_block
                0x0803a988                alt_write_value_to_flash
                0x0803aa20                alt_flash_cfi_read
                0x0803aa4c                alt_flash_cfi_write
                0x0803abdc                alt_flash_cfi_init
 .text          0x0803ac44      0xc24 ../demo_board_NiosIIf_bsp//libhal_bsp.a(altera_avalon_cfi_flash_table.o)
                0x0803ac44                alt_set_flash_width_func
                0x0803ad74                alt_set_flash_algorithm_func
                0x0803ade4                alt_read_query_entry_8bit
                0x0803adf8                alt_read_query_entry_16bit
                0x0803ae10                alt_read_query_entry_32bit
                0x0803ae2c                alt_write_native_32bit
                0x0803ae34                alt_write_flash_command_32bit_device_32bit_mode
                0x0803ae4c                alt_write_native_16bit
                0x0803ae58                alt_write_flash_command_32bit_device_16bit_mode
                0x0803ae70                alt_write_flash_command_16bit_device_16bit_mode
                0x0803ae84                alt_write_native_8bit
                0x0803ae90                alt_write_flash_command_32bit_device_8bit_mode
                0x0803aea8                alt_write_flash_command_16bit_device_8bit_mode
                0x0803aed0                alt_write_flash_command_8bit_device_8bit_mode
                0x0803aee0                alt_read_cfi_width
                0x0803b3ac                alt_check_primary_table
                0x0803b484                alt_read_cfi_table
 .text          0x0803b868       0x3c ../demo_board_NiosIIf_bsp//libhal_bsp.a(altera_avalon_jtag_uart_fd.o)
                0x0803b868                altera_avalon_jtag_uart_ioctl_fd
                0x0803b874                altera_avalon_jtag_uart_close_fd
                0x0803b884                altera_avalon_jtag_uart_write_fd
                0x0803b894                altera_avalon_jtag_uart_read_fd
 .text          0x0803b8a4      0x228 ../demo_board_NiosIIf_bsp//libhal_bsp.a(altera_avalon_jtag_uart_init.o)
                0x0803b8a4                altera_avalon_jtag_uart_close
                0x0803b944                altera_avalon_jtag_uart_init
 .text          0x0803bacc       0x88 ../demo_board_NiosIIf_bsp//libhal_bsp.a(altera_avalon_jtag_uart_ioctl.o)
                0x0803bacc                altera_avalon_jtag_uart_ioctl
 .text          0x0803bb54      0x16c ../demo_board_NiosIIf_bsp//libhal_bsp.a(altera_avalon_jtag_uart_read.o)
                0x0803bb54                altera_avalon_jtag_uart_read
 .text          0x0803bcc0      0x184 ../demo_board_NiosIIf_bsp//libhal_bsp.a(altera_avalon_jtag_uart_write.o)
                0x0803bcc0                altera_avalon_jtag_uart_write
 .text          0x0803be44       0x80 ../demo_board_NiosIIf_bsp//libhal_bsp.a(altera_avalon_performance_counter.o)
                0x0803be44                alt_get_performance_counter_base
                0x0803be50                alt_get_cpu_freq
                0x0803be5c                perf_get_num_starts
                0x0803be6c                perf_get_section_time
                0x0803be9c                perf_get_total_time
 .text          0x0803bec4       0x8c ../demo_board_NiosIIf_bsp//libhal_bsp.a(altera_avalon_timer_sc.o)
                0x0803bec4                alt_avalon_timer_sc_init
 .text          0x0803bf50      0x97c ../demo_board_NiosIIf_bsp//libhal_bsp.a(altera_ro_zipfs.o)
                0x0803bf50                check_directory_header
                0x0803c09c                alt_ro_zipfs_fstat
                0x0803c1d8                alt_ro_zipfs_check_valid
                0x0803c3c4                alt_ro_zipfs_open
                0x0803c5a4                alt_ro_zipfs_seek
                0x0803c74c                alt_ro_zipfs_read
 .text          0x0803c8cc      0xa7c ../demo_board_NiosIIf_bsp//libhal_bsp.a(altera_up_avalon_video_pixel_buffer_dma.o)
                0x0803c8cc                helper_plot_pixel
                0x0803c924                alt_up_pixel_buffer_dma_draw_vline
                0x0803ca9c                alt_up_pixel_buffer_dma_draw_hline
                0x0803cc04                alt_up_pixel_buffer_dma_draw_rectangle
                0x0803ccd0                alt_up_pixel_buffer_dma_draw_box
                0x0803cedc                alt_up_pixel_buffer_dma_clear_screen
                0x0803cf84                alt_up_pixel_buffer_dma_swap_buffers
                0x0803cfa8                alt_up_pixel_buffer_dma_draw
                0x0803d068                alt_up_pixel_buffer_dma_check_swap_buffers_status
                0x0803d078                alt_up_pixel_buffer_dma_change_back_buffer_address
                0x0803d0a0                alt_up_pixel_buffer_dma_open_dev
                0x0803d0ac                alt_up_pixel_buffer_dma_draw_line
 .text          0x0803d348      0x1ec ../demo_board_NiosIIf_bsp//libhal_bsp.a(perf_print_formatted_report.o)
                0x0803d348                perf_print_formatted_report
 .text          0x0803d534       0x94 ../demo_board_NiosIIf_bsp//libhal_bsp.a(alt_alarm_start.o)
                0x0803d534                alt_alarm_start
 .text          0x0803d5c8       0x18 ../demo_board_NiosIIf_bsp//libhal_bsp.a(alt_dcache_flush_all.o)
                0x0803d5c8                alt_dcache_flush_all
 .text          0x0803d5e0       0x7c ../demo_board_NiosIIf_bsp//libhal_bsp.a(alt_dev_llist_insert.o)
                0x0803d5e0                alt_dev_llist_insert
 .text          0x0803d65c       0x4c ../demo_board_NiosIIf_bsp//libhal_bsp.a(alt_do_ctors.o)
                0x0803d65c                _do_ctors
 .text          0x0803d6a8       0x4c ../demo_board_NiosIIf_bsp//libhal_bsp.a(alt_do_dtors.o)
                0x0803d6a8                _do_dtors
 .text          0x0803d6f4       0x94 ../demo_board_NiosIIf_bsp//libhal_bsp.a(alt_find_dev.o)
                0x0803d6f4                alt_find_dev
 .text          0x0803d788       0xb0 ../demo_board_NiosIIf_bsp//libhal_bsp.a(alt_find_file.o)
                0x0803d788                alt_find_file
 .text          0x0803d838       0x60 ../demo_board_NiosIIf_bsp//libhal_bsp.a(alt_flash_dev.o)
                0x0803d838                alt_flash_close_dev
                0x0803d84c                alt_flash_open_dev
 .text          0x0803d898       0x38 ../demo_board_NiosIIf_bsp//libhal_bsp.a(alt_fs_reg.o)
                0x0803d898                alt_fs_reg
 .text          0x0803d8d0       0x60 ../demo_board_NiosIIf_bsp//libhal_bsp.a(alt_get_fd.o)
                0x0803d8d0                alt_get_fd
 .text          0x0803d930        0xc ../demo_board_NiosIIf_bsp//libhal_bsp.a(alt_icache_flush_all.o)
                0x0803d930                alt_icache_flush_all
 .text          0x0803d93c       0x9c ../demo_board_NiosIIf_bsp//libhal_bsp.a(alt_iic.o)
                0x0803d93c                alt_ic_irq_enabled
                0x0803d954                alt_ic_irq_enable
                0x0803d994                alt_ic_irq_disable
                0x0803d9d4                alt_ic_isr_register
 .text          0x0803d9d8       0x88 ../demo_board_NiosIIf_bsp//libhal_bsp.a(alt_iic_isr_register.o)
                0x0803d9d8                alt_iic_isr_register
 .text          0x0803da60      0x104 ../demo_board_NiosIIf_bsp//libhal_bsp.a(alt_io_redirect.o)
                0x0803da60                alt_io_redirect
 .text          0x0803db64        0x0 ../demo_board_NiosIIf_bsp//libhal_bsp.a(alt_irq_entry.o)
 .text          0x0803db64        0x0 ../demo_board_NiosIIf_bsp//libhal_bsp.a(alt_irq_handler.o)
 .text          0x0803db64        0x0 ../demo_board_NiosIIf_bsp//libhal_bsp.a(alt_irq_vars.o)
 .text          0x0803db64      0x11c ../demo_board_NiosIIf_bsp//libhal_bsp.a(alt_tick.o)
                0x0803db64                alt_alarm_stop
                0x0803db98                alt_tick
 .text          0x0803dc80        0x8 ../demo_board_NiosIIf_bsp//libhal_bsp.a(altera_nios2_qsys_irq.o)
                0x0803dc80                altera_nios2_qsys_irq_init
 .text          0x0803dc88      0x2e4 ../demo_board_NiosIIf_bsp//libhal_bsp.a(altera_avalon_cfi_flash_amd.o)
                0x0803dc88                alt_erase_block_amd
                0x0803de04                alt_program_amd
 .text          0x0803df6c      0x320 ../demo_board_NiosIIf_bsp//libhal_bsp.a(altera_avalon_cfi_flash_intel.o)
                0x0803e064                alt_erase_block_intel
                0x0803e168                alt_program_intel
 .text          0x0803e28c        0x0 ../demo_board_NiosIIf_bsp//libhal_bsp.a(alt_exception_entry.o)
 .text          0x0803e28c       0x38 ../demo_board_NiosIIf_bsp//libhal_bsp.a(alt_icache_flush.o)
                0x0803e28c                alt_icache_flush
 .text          0x0803e2c4        0x4 ../demo_board_NiosIIf_bsp//libhal_bsp.a(alt_usleep.o)
                0x0803e2c4                usleep
 .text          0x0803e2c8       0x94 ../demo_board_NiosIIf_bsp//libhal_bsp.a(alt_busy_sleep.o)
                0x0803e2c8                alt_busy_sleep
 .text          0x0803e35c       0x14 /package/eda/altera/altera13.0sp1/nios2eds/bin/gnu/H-i686-pc-linux-gnu/bin/../lib/gcc/nios2-elf/4.1.2/../../../../nios2-elf/lib/libc.a(lib_a-atexit.o)
                0x0803e35c                atexit
 .text          0x0803e370       0x74 /package/eda/altera/altera13.0sp1/nios2eds/bin/gnu/H-i686-pc-linux-gnu/bin/../lib/gcc/nios2-elf/4.1.2/../../../../nios2-elf/lib/libc.a(lib_a-memcmp.o)
                0x0803e370                memcmp
 .text          0x0803e3e4      0x134 /package/eda/altera/altera13.0sp1/nios2eds/bin/gnu/H-i686-pc-linux-gnu/bin/../lib/gcc/nios2-elf/4.1.2/../../../../nios2-elf/lib/libc.a(lib_a-__atexit.o)
                0x0803e3e4                __register_exitproc
 .text          0x0803e518       0x88 /package/eda/altera/altera13.0sp1/nios2eds/bin/gnu/H-i686-pc-linux-gnu/bin/../lib/gcc/nios2-elf/4.1.2/libgcc.a(_floatundidf.o)
                0x0803e518                __floatundidf
 *(.gnu.warning.*)
 *(.fini)
                0x0803e5a0                PROVIDE (__etext, ABSOLUTE (.))
                0x0803e5a0                PROVIDE (_etext, ABSOLUTE (.))
                0x0803e5a0                PROVIDE (etext, ABSOLUTE (.))
 *(.eh_frame_hdr)
                0x0803e5a0                . = ALIGN (0x4)
                0x0803e5a0                PROVIDE (__preinit_array_start, ABSOLUTE (.))
 *(.preinit_array)
                0x0803e5a0                PROVIDE (__preinit_array_end, ABSOLUTE (.))
                0x0803e5a0                PROVIDE (__init_array_start, ABSOLUTE (.))
 *(.init_array)
                0x0803e5a0                PROVIDE (__init_array_end, ABSOLUTE (.))
                0x0803e5a0                PROVIDE (__fini_array_start, ABSOLUTE (.))
 *(.fini_array)
                0x0803e5a0                PROVIDE (__fini_array_end, ABSOLUTE (.))
 *(.eh_frame)
 *(.gcc_except_table)
 *(.dynamic)
                0x0803e5a0                PROVIDE (__CTOR_LIST__, ABSOLUTE (.))
 *(.ctors)
 *(SORT(.ctors.*))
 .ctors.65535   0x0803e5a0        0x4 /package/eda/altera/altera13.0sp1/nios2eds/bin/gnu/H-i686-pc-linux-gnu/bin/../lib/gcc/nios2-elf/4.1.2/../../../../nios2-elf/lib/libc.a(lib_a-__call_atexit.o)
                0x0803e5a4                PROVIDE (__CTOR_END__, ABSOLUTE (.))
                0x0803e5a4                PROVIDE (__DTOR_LIST__, ABSOLUTE (.))
 *(.dtors)
 *(SORT(.dtors.*))
                0x0803e5a4                PROVIDE (__DTOR_END__, ABSOLUTE (.))
 *(.jcr)
                0x0803e5a4                . = ALIGN (0x4)

.rodata         0x0803e5a4     0x30a8
                0x0803e5a4                PROVIDE (__ram_rodata_start, ABSOLUTE (.))
                0x0803e5a4                . = ALIGN (0x4)
 *(.rodata .rodata.* .gnu.linkonce.r.*)
 .rodata.str1.4
                0x0803e5a4      0xcb7 obj/default/djpeg.o
                                0xcd0 (size before relaxing)
 *fill*         0x0803f25b        0x1 00
 .rodata        0x0803f25c       0xb0 obj/default/djpeg.o
 .rodata        0x0803f30c       0xc0 obj/default/jcdctmgr.o
 .rodata        0x0803f3cc      0x3a0 obj/default/jcparam.o
 .rodata        0x0803f76c       0xc0 obj/default/jddctmgr.o
 .rodata        0x0803f82c       0x80 obj/default/jdhuff.o
 .rodata        0x0803f8ac       0x80 obj/default/jdphuff.o
 .rodata.str1.4
                0x0803f92c     0x115b obj/default/jerror.o
                               0x1190 (size before relaxing)
 *fill*         0x08040a87        0x1 00
 .rodata        0x08040a88      0x1e4 obj/default/jerror.o
                0x08040a88                jpeg_std_message_table
 .rodata.str1.4
                0x08040c6c        0x8 obj/default/jmemmgr.o
                                 0x10 (size before relaxing)
 .rodata        0x08040c74      0x10c obj/default/jquant1.o
 .rodata        0x08040d80      0x140 obj/default/jutils.o
                0x08040d80                jpeg_natural_order
 .rodata.str1.4
                0x08040ec0       0x1f obj/default/wrppm.o
                                 0x20 (size before relaxing)
 *fill*         0x08040edf        0x1 00
 .rodata        0x08040ee0       0x10 /package/eda/altera/altera13.0sp1/nios2eds/bin/gnu/H-i686-pc-linux-gnu/bin/../lib/gcc/nios2-elf/4.1.2/libgcc.a(_thenan_sf.o)
                0x08040ee0                __thenan_sf
 .rodata        0x08040ef0       0x14 /package/eda/altera/altera13.0sp1/nios2eds/bin/gnu/H-i686-pc-linux-gnu/bin/../lib/gcc/nios2-elf/4.1.2/libgcc.a(_thenan_df.o)
                0x08040ef0                __thenan_df
 .rodata        0x08040f04      0x100 /package/eda/altera/altera13.0sp1/nios2eds/bin/gnu/H-i686-pc-linux-gnu/bin/../lib/gcc/nios2-elf/4.1.2/libgcc.a(_clz.o)
                0x08040f04                __clz_tab
 .rodata        0x08041004      0x281 /package/eda/altera/altera13.0sp1/nios2eds/bin/gnu/H-i686-pc-linux-gnu/bin/../lib/gcc/nios2-elf/4.1.2/../../../../nios2-elf/lib/libc.a(lib_a-ctype_.o)
                0x08041004                _ctype_
 *fill*         0x08041285        0x3 00
 .rodata.str1.4
                0x08041288        0x2 /package/eda/altera/altera13.0sp1/nios2eds/bin/gnu/H-i686-pc-linux-gnu/bin/../lib/gcc/nios2-elf/4.1.2/../../../../nios2-elf/lib/libc.a(lib_a-impure.o)
                                  0x4 (size before relaxing)
 .rodata.str1.4
                0x00000000        0x2 /package/eda/altera/altera13.0sp1/nios2eds/bin/gnu/H-i686-pc-linux-gnu/bin/../lib/gcc/nios2-elf/4.1.2/../../../../nios2-elf/lib/libc.a(lib_a-puts.o)
                                  0x4 (size before relaxing)
 *fill*         0x0804128a        0x2 00
 .rodata.str1.4
                0x0804128c       0x5a /package/eda/altera/altera13.0sp1/nios2eds/bin/gnu/H-i686-pc-linux-gnu/bin/../lib/gcc/nios2-elf/4.1.2/../../../../nios2-elf/lib/libc.a(lib_a-vfprintf.o)
                                 0x60 (size before relaxing)
 .rodata        0x080412e6       0x20 /package/eda/altera/altera13.0sp1/nios2eds/bin/gnu/H-i686-pc-linux-gnu/bin/../lib/gcc/nios2-elf/4.1.2/../../../../nios2-elf/lib/libc.a(lib_a-vfprintf.o)
 *fill*         0x08041306        0x2 00
 .rodata.str1.4
                0x08041308        0x5 /package/eda/altera/altera13.0sp1/nios2eds/bin/gnu/H-i686-pc-linux-gnu/bin/../lib/gcc/nios2-elf/4.1.2/../../../../nios2-elf/lib/libc.a(lib_a-vfscanf.o)
                                  0x8 (size before relaxing)
 *fill*         0x0804130d        0x1 00
 .rodata        0x0804130e       0x22 /package/eda/altera/altera13.0sp1/nios2eds/bin/gnu/H-i686-pc-linux-gnu/bin/../lib/gcc/nios2-elf/4.1.2/../../../../nios2-elf/lib/libc.a(lib_a-vfscanf.o)
 .rodata.str1.4
                0x08041330       0x10 /package/eda/altera/altera13.0sp1/nios2eds/bin/gnu/H-i686-pc-linux-gnu/bin/../lib/gcc/nios2-elf/4.1.2/../../../../nios2-elf/lib/libc.a(lib_a-dtoa.o)
                                 0x14 (size before relaxing)
 .rodata.str1.4
                0x08041340        0xf /package/eda/altera/altera13.0sp1/nios2eds/bin/gnu/H-i686-pc-linux-gnu/bin/../lib/gcc/nios2-elf/4.1.2/../../../../nios2-elf/lib/libc.a(lib_a-locale.o)
                                 0x18 (size before relaxing)
 *fill*         0x0804134f        0x1 00
 .rodata        0x08041350       0x30 /package/eda/altera/altera13.0sp1/nios2eds/bin/gnu/H-i686-pc-linux-gnu/bin/../lib/gcc/nios2-elf/4.1.2/../../../../nios2-elf/lib/libc.a(lib_a-locale.o)
 .rodata.str1.4
                0x00000000        0x4 /package/eda/altera/altera13.0sp1/nios2eds/bin/gnu/H-i686-pc-linux-gnu/bin/../lib/gcc/nios2-elf/4.1.2/../../../../nios2-elf/lib/libc.a(lib_a-mbrtowc.o)
 .rodata        0x08041380      0x124 /package/eda/altera/altera13.0sp1/nios2eds/bin/gnu/H-i686-pc-linux-gnu/bin/../lib/gcc/nios2-elf/4.1.2/../../../../nios2-elf/lib/libc.a(lib_a-mprec.o)
                0x08041380                __mprec_tens
                0x08041448                __mprec_bigtens
                0x08041470                __mprec_tinytens
 .rodata.str1.4
                0x080414a4        0xf /package/eda/altera/altera13.0sp1/nios2eds/bin/gnu/H-i686-pc-linux-gnu/bin/../lib/gcc/nios2-elf/4.1.2/../../../../nios2-elf/lib/libc.a(lib_a-strtod.o)
                                 0x10 (size before relaxing)
 *fill*         0x080414b3        0x1 00
 .rodata        0x080414b4       0x28 /package/eda/altera/altera13.0sp1/nios2eds/bin/gnu/H-i686-pc-linux-gnu/bin/../lib/gcc/nios2-elf/4.1.2/../../../../nios2-elf/lib/libc.a(lib_a-strtod.o)
 .rodata.str1.4
                0x080414dc       0x1b /package/eda/altera/altera13.0sp1/nios2eds/bin/gnu/H-i686-pc-linux-gnu/bin/../lib/gcc/nios2-elf/4.1.2/../../../../nios2-elf/lib/libc.a(lib_a-gdtoa-gethex.o)
                                 0x1c (size before relaxing)
 *fill*         0x080414f7        0x1 00
 .rodata.str1.4
                0x080414f8        0xa ../demo_board_NiosIIf_bsp//libhal_bsp.a(alt_dev.o)
                                  0xc (size before relaxing)
 *fill*         0x08041502        0x2 00
 .rodata.str1.4
                0x08041504       0x11 ../demo_board_NiosIIf_bsp//libhal_bsp.a(alt_main.o)
                                 0x14 (size before relaxing)
 *fill*         0x08041515        0x3 00
 .rodata.str1.4
                0x08041518       0x31 ../demo_board_NiosIIf_bsp//libhal_bsp.a(alt_sys_init.o)
                                 0x68 (size before relaxing)
 *fill*         0x08041549        0x3 00
 .rodata.str1.4
                0x0804154c      0x100 ../demo_board_NiosIIf_bsp//libhal_bsp.a(perf_print_formatted_report.o)
 *(.rodata1)
                0x0804164c                . = ALIGN (0x4)
                0x0804164c                PROVIDE (__ram_rodata_end, ABSOLUTE (.))
                0x0803e5a4                PROVIDE (__flash_rodata_start, LOADADDR (.rodata))

.rwdata         0x0804164c     0x1d00 load address 0x0804334c
                0x0804164c                PROVIDE (__ram_rwdata_start, ABSOLUTE (.))
                0x0804164c                . = ALIGN (0x4)
 *(.got.plt)
 *(.got)
 *(.data1)
 *(.data .data.* .gnu.linkonce.d.*)
 .data          0x0804164c        0x0 ../demo_board_NiosIIf_bsp//obj/HAL/src/crt0.o
 .data          0x0804164c        0x0 obj/default/cdjpeg.o
 .data          0x0804164c        0x0 obj/default/djpeg.o
 .data          0x0804164c        0x0 obj/default/jcapimin.o
 .data          0x0804164c        0x0 obj/default/jcapistd.o
 .data          0x0804164c        0x0 obj/default/jccoefct.o
 .data          0x0804164c        0x0 obj/default/jccolor.o
 .data          0x0804164c        0x0 obj/default/jcdctmgr.o
 .data          0x0804164c        0x0 obj/default/jchuff.o
 .data          0x0804164c        0x0 obj/default/jcinit.o
 .data          0x0804164c        0x0 obj/default/jcmainct.o
 .data          0x0804164c        0x0 obj/default/jcmarker.o
 .data          0x0804164c        0x0 obj/default/jcmaster.o
 .data          0x0804164c        0x0 obj/default/jcomapi.o
 .data          0x0804164c        0x0 obj/default/jcparam.o
 .data          0x0804164c        0x0 obj/default/jcphuff.o
 .data          0x0804164c        0x0 obj/default/jcprepct.o
 .data          0x0804164c        0x0 obj/default/jcsample.o
 .data          0x0804164c        0x0 obj/default/jctrans.o
 .data          0x0804164c        0x0 obj/default/jdapimin.o
 .data          0x0804164c        0x0 obj/default/jdapistd.o
 .data          0x0804164c        0x0 obj/default/jdatadst.o
 .data          0x0804164c        0x0 obj/default/jdatasrc.o
 .data          0x0804164c        0x0 obj/default/jdcoefct.o
 .data          0x0804164c        0x0 obj/default/jdcolor.o
 .data          0x0804164c        0x0 obj/default/jddctmgr.o
 .data          0x0804164c        0x0 obj/default/jdhuff.o
 .data          0x0804164c        0x0 obj/default/jdinput.o
 .data          0x0804164c        0x0 obj/default/jdmainct.o
 .data          0x0804164c        0x0 obj/default/jdmarker.o
 .data          0x0804164c        0x0 obj/default/jdmaster.o
 .data          0x0804164c        0x0 obj/default/jdmerge.o
 .data          0x0804164c        0x0 obj/default/jdphuff.o
 .data          0x0804164c        0x0 obj/default/jdpostct.o
 .data          0x0804164c        0x0 obj/default/jdsample.o
 .data          0x0804164c        0x0 obj/default/jdtrans.o
 .data          0x0804164c        0x0 obj/default/jerror.o
 .data          0x0804164c        0x0 obj/default/jfdctflt.o
 .data          0x0804164c        0x0 obj/default/jfdctfst.o
 .data          0x0804164c        0x0 obj/default/jfdctint.o
 .data          0x0804164c        0x0 obj/default/jidctflt.o
 .data          0x0804164c        0x0 obj/default/jidctfst.o
 .data          0x0804164c        0x0 obj/default/jidctint.o
 .data          0x0804164c        0x0 obj/default/jidctred.o
 .data          0x0804164c        0x0 obj/default/jmemmgr.o
 .data          0x0804164c        0x0 obj/default/jmemnobs.o
 .data          0x0804164c        0x0 obj/default/jquant1.o
 .data          0x0804164c        0x0 obj/default/jquant2.o
 .data          0x0804164c        0x0 obj/default/jutils.o
 .data          0x0804164c        0x0 obj/default/rdcolmap.o
 .data          0x0804164c        0x0 obj/default/wrbmp.o
 .data          0x0804164c        0x0 obj/default/wrgif.o
 .data          0x0804164c        0x0 obj/default/wrppm.o
 .data          0x0804164c        0x0 obj/default/wrrle.o
 .data          0x0804164c        0x0 obj/default/wrtarga.o
 .data          0x0804164c        0x0 /package/eda/altera/altera13.0sp1/nios2eds/bin/gnu/H-i686-pc-linux-gnu/bin/../lib/gcc/nios2-elf/4.1.2/libgcc.a(_addsub_sf.o)
 .data          0x0804164c        0x0 /package/eda/altera/altera13.0sp1/nios2eds/bin/gnu/H-i686-pc-linux-gnu/bin/../lib/gcc/nios2-elf/4.1.2/libgcc.a(_mul_sf.o)
 .data          0x0804164c        0x0 /package/eda/altera/altera13.0sp1/nios2eds/bin/gnu/H-i686-pc-linux-gnu/bin/../lib/gcc/nios2-elf/4.1.2/libgcc.a(_si_to_sf.o)
 .data          0x0804164c        0x0 /package/eda/altera/altera13.0sp1/nios2eds/bin/gnu/H-i686-pc-linux-gnu/bin/../lib/gcc/nios2-elf/4.1.2/libgcc.a(_sf_to_si.o)
 .data          0x0804164c        0x0 /package/eda/altera/altera13.0sp1/nios2eds/bin/gnu/H-i686-pc-linux-gnu/bin/../lib/gcc/nios2-elf/4.1.2/libgcc.a(_thenan_sf.o)
 .data          0x0804164c        0x0 /package/eda/altera/altera13.0sp1/nios2eds/bin/gnu/H-i686-pc-linux-gnu/bin/../lib/gcc/nios2-elf/4.1.2/libgcc.a(_mul_df.o)
 .data          0x0804164c        0x0 /package/eda/altera/altera13.0sp1/nios2eds/bin/gnu/H-i686-pc-linux-gnu/bin/../lib/gcc/nios2-elf/4.1.2/libgcc.a(_div_df.o)
 .data          0x0804164c        0x0 /package/eda/altera/altera13.0sp1/nios2eds/bin/gnu/H-i686-pc-linux-gnu/bin/../lib/gcc/nios2-elf/4.1.2/libgcc.a(_df_to_sf.o)
 .data          0x0804164c        0x0 /package/eda/altera/altera13.0sp1/nios2eds/bin/gnu/H-i686-pc-linux-gnu/bin/../lib/gcc/nios2-elf/4.1.2/libgcc.a(_thenan_df.o)
 .data          0x0804164c        0x0 /package/eda/altera/altera13.0sp1/nios2eds/bin/gnu/H-i686-pc-linux-gnu/bin/../lib/gcc/nios2-elf/4.1.2/libgcc.a(_usi_to_df.o)
 .data          0x0804164c        0x0 /package/eda/altera/altera13.0sp1/nios2eds/bin/gnu/H-i686-pc-linux-gnu/bin/../lib/gcc/nios2-elf/4.1.2/libgcc.a(lib2-divmod.o)
 .data          0x0804164c      0x100 /package/eda/altera/altera13.0sp1/nios2eds/bin/gnu/H-i686-pc-linux-gnu/bin/../lib/gcc/nios2-elf/4.1.2/libgcc.a(lib2-divtable.o)
                0x0804164c                __divsi3_table
 .data          0x0804174c        0x0 /package/eda/altera/altera13.0sp1/nios2eds/bin/gnu/H-i686-pc-linux-gnu/bin/../lib/gcc/nios2-elf/4.1.2/libgcc.a(_muldi3.o)
 .data          0x0804174c        0x0 /package/eda/altera/altera13.0sp1/nios2eds/bin/gnu/H-i686-pc-linux-gnu/bin/../lib/gcc/nios2-elf/4.1.2/libgcc.a(_clzsi2.o)
 .data          0x0804174c        0x0 /package/eda/altera/altera13.0sp1/nios2eds/bin/gnu/H-i686-pc-linux-gnu/bin/../lib/gcc/nios2-elf/4.1.2/libgcc.a(_pack_sf.o)
 .data          0x0804174c        0x0 /package/eda/altera/altera13.0sp1/nios2eds/bin/gnu/H-i686-pc-linux-gnu/bin/../lib/gcc/nios2-elf/4.1.2/libgcc.a(_unpack_sf.o)
 .data          0x0804174c        0x0 /package/eda/altera/altera13.0sp1/nios2eds/bin/gnu/H-i686-pc-linux-gnu/bin/../lib/gcc/nios2-elf/4.1.2/libgcc.a(_make_sf.o)
 .data          0x0804174c        0x0 /package/eda/altera/altera13.0sp1/nios2eds/bin/gnu/H-i686-pc-linux-gnu/bin/../lib/gcc/nios2-elf/4.1.2/libgcc.a(_pack_df.o)
 .data          0x0804174c        0x0 /package/eda/altera/altera13.0sp1/nios2eds/bin/gnu/H-i686-pc-linux-gnu/bin/../lib/gcc/nios2-elf/4.1.2/libgcc.a(_unpack_df.o)
 .data          0x0804174c        0x0 /package/eda/altera/altera13.0sp1/nios2eds/bin/gnu/H-i686-pc-linux-gnu/bin/../lib/gcc/nios2-elf/4.1.2/libgcc.a(_clz.o)
 .data          0x0804174c        0x0 /package/eda/altera/altera13.0sp1/nios2eds/bin/gnu/H-i686-pc-linux-gnu/bin/../lib/gcc/nios2-elf/4.1.2/../../../../nios2-elf/lib/libc.a(lib_a-ctype_.o)
 .data          0x0804174c        0x0 /package/eda/altera/altera13.0sp1/nios2eds/bin/gnu/H-i686-pc-linux-gnu/bin/../lib/gcc/nios2-elf/4.1.2/../../../../nios2-elf/lib/libc.a(lib_a-exit.o)
 .data          0x0804174c        0x0 /package/eda/altera/altera13.0sp1/nios2eds/bin/gnu/H-i686-pc-linux-gnu/bin/../lib/gcc/nios2-elf/4.1.2/../../../../nios2-elf/lib/libc.a(lib_a-fclose.o)
 .data          0x0804174c        0x0 /package/eda/altera/altera13.0sp1/nios2eds/bin/gnu/H-i686-pc-linux-gnu/bin/../lib/gcc/nios2-elf/4.1.2/../../../../nios2-elf/lib/libc.a(lib_a-fflush.o)
 .data          0x0804174c        0x0 /package/eda/altera/altera13.0sp1/nios2eds/bin/gnu/H-i686-pc-linux-gnu/bin/../lib/gcc/nios2-elf/4.1.2/../../../../nios2-elf/lib/libc.a(lib_a-findfp.o)
 .data          0x0804174c        0x0 /package/eda/altera/altera13.0sp1/nios2eds/bin/gnu/H-i686-pc-linux-gnu/bin/../lib/gcc/nios2-elf/4.1.2/../../../../nios2-elf/lib/libc.a(lib_a-fopen.o)
 .data          0x0804174c        0x0 /package/eda/altera/altera13.0sp1/nios2eds/bin/gnu/H-i686-pc-linux-gnu/bin/../lib/gcc/nios2-elf/4.1.2/../../../../nios2-elf/lib/libc.a(lib_a-fprintf.o)
 .data          0x0804174c        0x0 /package/eda/altera/altera13.0sp1/nios2eds/bin/gnu/H-i686-pc-linux-gnu/bin/../lib/gcc/nios2-elf/4.1.2/../../../../nios2-elf/lib/libc.a(lib_a-fputc.o)
 .data          0x0804174c        0x0 /package/eda/altera/altera13.0sp1/nios2eds/bin/gnu/H-i686-pc-linux-gnu/bin/../lib/gcc/nios2-elf/4.1.2/../../../../nios2-elf/lib/libc.a(lib_a-fread.o)
 .data          0x0804174c        0x0 /package/eda/altera/altera13.0sp1/nios2eds/bin/gnu/H-i686-pc-linux-gnu/bin/../lib/gcc/nios2-elf/4.1.2/../../../../nios2-elf/lib/libc.a(lib_a-freer.o)
 .data          0x0804174c        0x0 /package/eda/altera/altera13.0sp1/nios2eds/bin/gnu/H-i686-pc-linux-gnu/bin/../lib/gcc/nios2-elf/4.1.2/../../../../nios2-elf/lib/libc.a(lib_a-fseek.o)
 .data          0x0804174c        0x0 /package/eda/altera/altera13.0sp1/nios2eds/bin/gnu/H-i686-pc-linux-gnu/bin/../lib/gcc/nios2-elf/4.1.2/../../../../nios2-elf/lib/libc.a(lib_a-fstatr.o)
 .data          0x0804174c        0x0 /package/eda/altera/altera13.0sp1/nios2eds/bin/gnu/H-i686-pc-linux-gnu/bin/../lib/gcc/nios2-elf/4.1.2/../../../../nios2-elf/lib/libc.a(lib_a-fwalk.o)
 .data          0x0804174c        0x0 /package/eda/altera/altera13.0sp1/nios2eds/bin/gnu/H-i686-pc-linux-gnu/bin/../lib/gcc/nios2-elf/4.1.2/../../../../nios2-elf/lib/libc.a(lib_a-fwrite.o)
 .data          0x0804174c        0x0 /package/eda/altera/altera13.0sp1/nios2eds/bin/gnu/H-i686-pc-linux-gnu/bin/../lib/gcc/nios2-elf/4.1.2/../../../../nios2-elf/lib/libc.a(lib_a-getc.o)
 .data          0x0804174c        0x0 /package/eda/altera/altera13.0sp1/nios2eds/bin/gnu/H-i686-pc-linux-gnu/bin/../lib/gcc/nios2-elf/4.1.2/../../../../nios2-elf/lib/libc.a(lib_a-getenv.o)
 .data          0x0804174c        0x0 /package/eda/altera/altera13.0sp1/nios2eds/bin/gnu/H-i686-pc-linux-gnu/bin/../lib/gcc/nios2-elf/4.1.2/../../../../nios2-elf/lib/libc.a(lib_a-getenv_r.o)
 .data          0x0804174c      0x400 /package/eda/altera/altera13.0sp1/nios2eds/bin/gnu/H-i686-pc-linux-gnu/bin/../lib/gcc/nios2-elf/4.1.2/../../../../nios2-elf/lib/libc.a(lib_a-impure.o)
 .data          0x08041b4c        0x0 /package/eda/altera/altera13.0sp1/nios2eds/bin/gnu/H-i686-pc-linux-gnu/bin/../lib/gcc/nios2-elf/4.1.2/../../../../nios2-elf/lib/libc.a(lib_a-int_errno.o)
 .data          0x08041b4c        0x0 /package/eda/altera/altera13.0sp1/nios2eds/bin/gnu/H-i686-pc-linux-gnu/bin/../lib/gcc/nios2-elf/4.1.2/../../../../nios2-elf/lib/libc.a(lib_a-makebuf.o)
 .data          0x08041b4c        0x0 /package/eda/altera/altera13.0sp1/nios2eds/bin/gnu/H-i686-pc-linux-gnu/bin/../lib/gcc/nios2-elf/4.1.2/../../../../nios2-elf/lib/libc.a(lib_a-malloc.o)
 .data          0x08041b4c      0x408 /package/eda/altera/altera13.0sp1/nios2eds/bin/gnu/H-i686-pc-linux-gnu/bin/../lib/gcc/nios2-elf/4.1.2/../../../../nios2-elf/lib/libc.a(lib_a-mallocr.o)
                0x08041b4c                __malloc_av_
 .data          0x08041f54        0x0 /package/eda/altera/altera13.0sp1/nios2eds/bin/gnu/H-i686-pc-linux-gnu/bin/../lib/gcc/nios2-elf/4.1.2/../../../../nios2-elf/lib/libc.a(lib_a-memcpy.o)
 .data          0x08041f54        0x0 /package/eda/altera/altera13.0sp1/nios2eds/bin/gnu/H-i686-pc-linux-gnu/bin/../lib/gcc/nios2-elf/4.1.2/../../../../nios2-elf/lib/libc.a(lib_a-memset.o)
 .data          0x08041f54        0x0 /package/eda/altera/altera13.0sp1/nios2eds/bin/gnu/H-i686-pc-linux-gnu/bin/../lib/gcc/nios2-elf/4.1.2/../../../../nios2-elf/lib/libc.a(lib_a-openr.o)
 .data          0x08041f54        0x0 /package/eda/altera/altera13.0sp1/nios2eds/bin/gnu/H-i686-pc-linux-gnu/bin/../lib/gcc/nios2-elf/4.1.2/../../../../nios2-elf/lib/libc.a(lib_a-printf.o)
 .data          0x08041f54        0x0 /package/eda/altera/altera13.0sp1/nios2eds/bin/gnu/H-i686-pc-linux-gnu/bin/../lib/gcc/nios2-elf/4.1.2/../../../../nios2-elf/lib/libc.a(lib_a-putc.o)
 .data          0x08041f54        0x0 /package/eda/altera/altera13.0sp1/nios2eds/bin/gnu/H-i686-pc-linux-gnu/bin/../lib/gcc/nios2-elf/4.1.2/../../../../nios2-elf/lib/libc.a(lib_a-puts.o)
 .data          0x08041f54        0x0 /package/eda/altera/altera13.0sp1/nios2eds/bin/gnu/H-i686-pc-linux-gnu/bin/../lib/gcc/nios2-elf/4.1.2/../../../../nios2-elf/lib/libc.a(lib_a-refill.o)
 .data          0x08041f54        0x0 /package/eda/altera/altera13.0sp1/nios2eds/bin/gnu/H-i686-pc-linux-gnu/bin/../lib/gcc/nios2-elf/4.1.2/../../../../nios2-elf/lib/libc.a(lib_a-rget.o)
 .data          0x08041f54        0x0 /package/eda/altera/altera13.0sp1/nios2eds/bin/gnu/H-i686-pc-linux-gnu/bin/../lib/gcc/nios2-elf/4.1.2/../../../../nios2-elf/lib/libc.a(lib_a-sbrkr.o)
 .data          0x08041f54        0x0 /package/eda/altera/altera13.0sp1/nios2eds/bin/gnu/H-i686-pc-linux-gnu/bin/../lib/gcc/nios2-elf/4.1.2/../../../../nios2-elf/lib/libc.a(lib_a-sprintf.o)
 .data          0x08041f54        0x0 /package/eda/altera/altera13.0sp1/nios2eds/bin/gnu/H-i686-pc-linux-gnu/bin/../lib/gcc/nios2-elf/4.1.2/../../../../nios2-elf/lib/libc.a(lib_a-sscanf.o)
 .data          0x08041f54        0x0 /package/eda/altera/altera13.0sp1/nios2eds/bin/gnu/H-i686-pc-linux-gnu/bin/../lib/gcc/nios2-elf/4.1.2/../../../../nios2-elf/lib/libc.a(lib_a-stdio.o)
 .data          0x08041f54        0x0 /package/eda/altera/altera13.0sp1/nios2eds/bin/gnu/H-i686-pc-linux-gnu/bin/../lib/gcc/nios2-elf/4.1.2/../../../../nios2-elf/lib/libc.a(lib_a-strdup.o)
 .data          0x08041f54        0x0 /package/eda/altera/altera13.0sp1/nios2eds/bin/gnu/H-i686-pc-linux-gnu/bin/../lib/gcc/nios2-elf/4.1.2/../../../../nios2-elf/lib/libc.a(lib_a-strdup_r.o)
 .data          0x08041f54        0x0 /package/eda/altera/altera13.0sp1/nios2eds/bin/gnu/H-i686-pc-linux-gnu/bin/../lib/gcc/nios2-elf/4.1.2/../../../../nios2-elf/lib/libc.a(lib_a-strlen.o)
 .data          0x08041f54        0x0 /package/eda/altera/altera13.0sp1/nios2eds/bin/gnu/H-i686-pc-linux-gnu/bin/../lib/gcc/nios2-elf/4.1.2/../../../../nios2-elf/lib/libc.a(lib_a-strncmp.o)
 .data          0x08041f54        0x0 /package/eda/altera/altera13.0sp1/nios2eds/bin/gnu/H-i686-pc-linux-gnu/bin/../lib/gcc/nios2-elf/4.1.2/../../../../nios2-elf/lib/libc.a(lib_a-vfprintf.o)
 .data          0x08041f54        0x0 /package/eda/altera/altera13.0sp1/nios2eds/bin/gnu/H-i686-pc-linux-gnu/bin/../lib/gcc/nios2-elf/4.1.2/../../../../nios2-elf/lib/libc.a(lib_a-vfscanf.o)
 .data          0x08041f54        0x0 /package/eda/altera/altera13.0sp1/nios2eds/bin/gnu/H-i686-pc-linux-gnu/bin/../lib/gcc/nios2-elf/4.1.2/../../../../nios2-elf/lib/libc.a(lib_a-wbuf.o)
 .data          0x08041f54        0x0 /package/eda/altera/altera13.0sp1/nios2eds/bin/gnu/H-i686-pc-linux-gnu/bin/../lib/gcc/nios2-elf/4.1.2/../../../../nios2-elf/lib/libc.a(lib_a-writer.o)
 .data          0x08041f54        0x0 /package/eda/altera/altera13.0sp1/nios2eds/bin/gnu/H-i686-pc-linux-gnu/bin/../lib/gcc/nios2-elf/4.1.2/../../../../nios2-elf/lib/libc.a(lib_a-wsetup.o)
 .data          0x08041f54        0x0 /package/eda/altera/altera13.0sp1/nios2eds/bin/gnu/H-i686-pc-linux-gnu/bin/../lib/gcc/nios2-elf/4.1.2/../../../../nios2-elf/lib/libc.a(lib_a-__call_atexit.o)
 .data          0x08041f54        0x0 /package/eda/altera/altera13.0sp1/nios2eds/bin/gnu/H-i686-pc-linux-gnu/bin/../lib/gcc/nios2-elf/4.1.2/../../../../nios2-elf/lib/libc.a(lib_a-closer.o)
 .data          0x08041f54        0x0 /package/eda/altera/altera13.0sp1/nios2eds/bin/gnu/H-i686-pc-linux-gnu/bin/../lib/gcc/nios2-elf/4.1.2/../../../../nios2-elf/lib/libc.a(lib_a-dtoa.o)
 .data          0x08041f54        0x0 /package/eda/altera/altera13.0sp1/nios2eds/bin/gnu/H-i686-pc-linux-gnu/bin/../lib/gcc/nios2-elf/4.1.2/../../../../nios2-elf/lib/libc.a(lib_a-environ.o)
 .data          0x08041f54        0x0 /package/eda/altera/altera13.0sp1/nios2eds/bin/gnu/H-i686-pc-linux-gnu/bin/../lib/gcc/nios2-elf/4.1.2/../../../../nios2-elf/lib/libc.a(lib_a-flags.o)
 .data          0x08041f54        0x0 /package/eda/altera/altera13.0sp1/nios2eds/bin/gnu/H-i686-pc-linux-gnu/bin/../lib/gcc/nios2-elf/4.1.2/../../../../nios2-elf/lib/libc.a(lib_a-fvwrite.o)
 .data          0x08041f54        0x0 /package/eda/altera/altera13.0sp1/nios2eds/bin/gnu/H-i686-pc-linux-gnu/bin/../lib/gcc/nios2-elf/4.1.2/../../../../nios2-elf/lib/libc.a(lib_a-isattyr.o)
 .data          0x08041f54        0x0 /package/eda/altera/altera13.0sp1/nios2eds/bin/gnu/H-i686-pc-linux-gnu/bin/../lib/gcc/nios2-elf/4.1.2/../../../../nios2-elf/lib/libc.a(lib_a-iswspace.o)
 .data          0x08041f54        0xc /package/eda/altera/altera13.0sp1/nios2eds/bin/gnu/H-i686-pc-linux-gnu/bin/../lib/gcc/nios2-elf/4.1.2/../../../../nios2-elf/lib/libc.a(lib_a-locale.o)
                0x08041f54                __lc_ctype
 .data          0x08041f60        0x0 /package/eda/altera/altera13.0sp1/nios2eds/bin/gnu/H-i686-pc-linux-gnu/bin/../lib/gcc/nios2-elf/4.1.2/../../../../nios2-elf/lib/libc.a(lib_a-lseekr.o)
 .data          0x08041f60        0x0 /package/eda/altera/altera13.0sp1/nios2eds/bin/gnu/H-i686-pc-linux-gnu/bin/../lib/gcc/nios2-elf/4.1.2/../../../../nios2-elf/lib/libc.a(lib_a-mbrtowc.o)
 .data          0x08041f60        0x0 /package/eda/altera/altera13.0sp1/nios2eds/bin/gnu/H-i686-pc-linux-gnu/bin/../lib/gcc/nios2-elf/4.1.2/../../../../nios2-elf/lib/libc.a(lib_a-mbtowc_r.o)
 .data          0x08041f60        0x0 /package/eda/altera/altera13.0sp1/nios2eds/bin/gnu/H-i686-pc-linux-gnu/bin/../lib/gcc/nios2-elf/4.1.2/../../../../nios2-elf/lib/libc.a(lib_a-memchr.o)
 .data          0x08041f60        0x0 /package/eda/altera/altera13.0sp1/nios2eds/bin/gnu/H-i686-pc-linux-gnu/bin/../lib/gcc/nios2-elf/4.1.2/../../../../nios2-elf/lib/libc.a(lib_a-memmove.o)
 .data          0x08041f60        0x0 /package/eda/altera/altera13.0sp1/nios2eds/bin/gnu/H-i686-pc-linux-gnu/bin/../lib/gcc/nios2-elf/4.1.2/../../../../nios2-elf/lib/libc.a(lib_a-mprec.o)
 .data          0x08041f60        0x0 /package/eda/altera/altera13.0sp1/nios2eds/bin/gnu/H-i686-pc-linux-gnu/bin/../lib/gcc/nios2-elf/4.1.2/../../../../nios2-elf/lib/libc.a(lib_a-readr.o)
 .data          0x08041f60        0x0 /package/eda/altera/altera13.0sp1/nios2eds/bin/gnu/H-i686-pc-linux-gnu/bin/../lib/gcc/nios2-elf/4.1.2/../../../../nios2-elf/lib/libc.a(lib_a-reallocr.o)
 .data          0x08041f60        0x0 /package/eda/altera/altera13.0sp1/nios2eds/bin/gnu/H-i686-pc-linux-gnu/bin/../lib/gcc/nios2-elf/4.1.2/../../../../nios2-elf/lib/libc.a(lib_a-s_isinfd.o)
 .data          0x08041f60        0x0 /package/eda/altera/altera13.0sp1/nios2eds/bin/gnu/H-i686-pc-linux-gnu/bin/../lib/gcc/nios2-elf/4.1.2/../../../../nios2-elf/lib/libc.a(lib_a-s_isnand.o)
 .data          0x08041f60        0x0 /package/eda/altera/altera13.0sp1/nios2eds/bin/gnu/H-i686-pc-linux-gnu/bin/../lib/gcc/nios2-elf/4.1.2/../../../../nios2-elf/lib/libc.a(lib_a-sccl.o)
 .data          0x08041f60        0x0 /package/eda/altera/altera13.0sp1/nios2eds/bin/gnu/H-i686-pc-linux-gnu/bin/../lib/gcc/nios2-elf/4.1.2/../../../../nios2-elf/lib/libc.a(lib_a-sf_nan.o)
 .data          0x08041f60        0x0 /package/eda/altera/altera13.0sp1/nios2eds/bin/gnu/H-i686-pc-linux-gnu/bin/../lib/gcc/nios2-elf/4.1.2/../../../../nios2-elf/lib/libc.a(lib_a-strcmp.o)
 .data          0x08041f60       0x28 /package/eda/altera/altera13.0sp1/nios2eds/bin/gnu/H-i686-pc-linux-gnu/bin/../lib/gcc/nios2-elf/4.1.2/../../../../nios2-elf/lib/libc.a(lib_a-strtod.o)
 .data          0x08041f88        0x0 /package/eda/altera/altera13.0sp1/nios2eds/bin/gnu/H-i686-pc-linux-gnu/bin/../lib/gcc/nios2-elf/4.1.2/../../../../nios2-elf/lib/libc.a(lib_a-strtol.o)
 .data          0x08041f88        0x0 /package/eda/altera/altera13.0sp1/nios2eds/bin/gnu/H-i686-pc-linux-gnu/bin/../lib/gcc/nios2-elf/4.1.2/../../../../nios2-elf/lib/libc.a(lib_a-strtoll_r.o)
 .data          0x08041f88        0x0 /package/eda/altera/altera13.0sp1/nios2eds/bin/gnu/H-i686-pc-linux-gnu/bin/../lib/gcc/nios2-elf/4.1.2/../../../../nios2-elf/lib/libc.a(lib_a-strtoul.o)
 .data          0x08041f88        0x0 /package/eda/altera/altera13.0sp1/nios2eds/bin/gnu/H-i686-pc-linux-gnu/bin/../lib/gcc/nios2-elf/4.1.2/../../../../nios2-elf/lib/libc.a(lib_a-strtoull_r.o)
 .data          0x08041f88        0x0 /package/eda/altera/altera13.0sp1/nios2eds/bin/gnu/H-i686-pc-linux-gnu/bin/../lib/gcc/nios2-elf/4.1.2/../../../../nios2-elf/lib/libc.a(lib_a-ungetc.o)
 .data          0x08041f88        0x0 /package/eda/altera/altera13.0sp1/nios2eds/bin/gnu/H-i686-pc-linux-gnu/bin/../lib/gcc/nios2-elf/4.1.2/../../../../nios2-elf/lib/libc.a(lib_a-callocr.o)
 .data          0x08041f88        0x0 /package/eda/altera/altera13.0sp1/nios2eds/bin/gnu/H-i686-pc-linux-gnu/bin/../lib/gcc/nios2-elf/4.1.2/../../../../nios2-elf/lib/libc.a(lib_a-gdtoa-gethex.o)
 .data          0x08041f88        0x0 /package/eda/altera/altera13.0sp1/nios2eds/bin/gnu/H-i686-pc-linux-gnu/bin/../lib/gcc/nios2-elf/4.1.2/../../../../nios2-elf/lib/libc.a(lib_a-gdtoa-hexnan.o)
 .data          0x08041f88        0x0 /package/eda/altera/altera13.0sp1/nios2eds/bin/gnu/H-i686-pc-linux-gnu/bin/../lib/gcc/nios2-elf/4.1.2/libgcc.a(_fixunsdfsi.o)
 .data          0x08041f88        0x0 /package/eda/altera/altera13.0sp1/nios2eds/bin/gnu/H-i686-pc-linux-gnu/bin/../lib/gcc/nios2-elf/4.1.2/libgcc.a(_udivdi3.o)
 .data          0x08041f88        0x0 /package/eda/altera/altera13.0sp1/nios2eds/bin/gnu/H-i686-pc-linux-gnu/bin/../lib/gcc/nios2-elf/4.1.2/libgcc.a(_umoddi3.o)
 .data          0x08041f88        0x0 /package/eda/altera/altera13.0sp1/nios2eds/bin/gnu/H-i686-pc-linux-gnu/bin/../lib/gcc/nios2-elf/4.1.2/libgcc.a(_ne_sf.o)
 .data          0x08041f88        0x0 /package/eda/altera/altera13.0sp1/nios2eds/bin/gnu/H-i686-pc-linux-gnu/bin/../lib/gcc/nios2-elf/4.1.2/libgcc.a(_gt_sf.o)
 .data          0x08041f88        0x0 /package/eda/altera/altera13.0sp1/nios2eds/bin/gnu/H-i686-pc-linux-gnu/bin/../lib/gcc/nios2-elf/4.1.2/libgcc.a(_lt_sf.o)
 .data          0x08041f88        0x0 /package/eda/altera/altera13.0sp1/nios2eds/bin/gnu/H-i686-pc-linux-gnu/bin/../lib/gcc/nios2-elf/4.1.2/libgcc.a(_addsub_df.o)
 .data          0x08041f88        0x0 /package/eda/altera/altera13.0sp1/nios2eds/bin/gnu/H-i686-pc-linux-gnu/bin/../lib/gcc/nios2-elf/4.1.2/libgcc.a(_eq_df.o)
 .data          0x08041f88        0x0 /package/eda/altera/altera13.0sp1/nios2eds/bin/gnu/H-i686-pc-linux-gnu/bin/../lib/gcc/nios2-elf/4.1.2/libgcc.a(_ne_df.o)
 .data          0x08041f88        0x0 /package/eda/altera/altera13.0sp1/nios2eds/bin/gnu/H-i686-pc-linux-gnu/bin/../lib/gcc/nios2-elf/4.1.2/libgcc.a(_gt_df.o)
 .data          0x08041f88        0x0 /package/eda/altera/altera13.0sp1/nios2eds/bin/gnu/H-i686-pc-linux-gnu/bin/../lib/gcc/nios2-elf/4.1.2/libgcc.a(_ge_df.o)
 .data          0x08041f88        0x0 /package/eda/altera/altera13.0sp1/nios2eds/bin/gnu/H-i686-pc-linux-gnu/bin/../lib/gcc/nios2-elf/4.1.2/libgcc.a(_lt_df.o)
 .data          0x08041f88        0x0 /package/eda/altera/altera13.0sp1/nios2eds/bin/gnu/H-i686-pc-linux-gnu/bin/../lib/gcc/nios2-elf/4.1.2/libgcc.a(_le_df.o)
 .data          0x08041f88        0x0 /package/eda/altera/altera13.0sp1/nios2eds/bin/gnu/H-i686-pc-linux-gnu/bin/../lib/gcc/nios2-elf/4.1.2/libgcc.a(_si_to_df.o)
 .data          0x08041f88        0x0 /package/eda/altera/altera13.0sp1/nios2eds/bin/gnu/H-i686-pc-linux-gnu/bin/../lib/gcc/nios2-elf/4.1.2/libgcc.a(_df_to_si.o)
 .data          0x08041f88        0x0 /package/eda/altera/altera13.0sp1/nios2eds/bin/gnu/H-i686-pc-linux-gnu/bin/../lib/gcc/nios2-elf/4.1.2/libgcc.a(_fpcmp_parts_sf.o)
 .data          0x08041f88        0x0 /package/eda/altera/altera13.0sp1/nios2eds/bin/gnu/H-i686-pc-linux-gnu/bin/../lib/gcc/nios2-elf/4.1.2/libgcc.a(_fpcmp_parts_df.o)
 .data          0x08041f88        0x0 ../demo_board_NiosIIf_bsp//libhal_bsp.a(alt_close.o)
 .data          0x08041f88        0x0 ../demo_board_NiosIIf_bsp//libhal_bsp.a(alt_dcache_flush.o)
 .data          0x08041f88      0x1a8 ../demo_board_NiosIIf_bsp//libhal_bsp.a(alt_dev.o)
                0x08041f88                alt_dev_null
                0x08041fb0                alt_fd_list
 .data          0x08042130        0x0 ../demo_board_NiosIIf_bsp//libhal_bsp.a(alt_env_lock.o)
 .data          0x08042130        0x0 ../demo_board_NiosIIf_bsp//libhal_bsp.a(alt_errno.o)
 .data          0x08042130        0x0 ../demo_board_NiosIIf_bsp//libhal_bsp.a(alt_exit.o)
 .data          0x08042130        0x0 ../demo_board_NiosIIf_bsp//libhal_bsp.a(alt_fstat.o)
 .data          0x08042130        0x0 ../demo_board_NiosIIf_bsp//libhal_bsp.a(alt_isatty.o)
 .data          0x08042130        0x0 ../demo_board_NiosIIf_bsp//libhal_bsp.a(alt_load.o)
 .data          0x08042130        0x0 ../demo_board_NiosIIf_bsp//libhal_bsp.a(alt_lseek.o)
 .data          0x08042130        0x0 ../demo_board_NiosIIf_bsp//libhal_bsp.a(alt_main.o)
 .data          0x08042130        0x0 ../demo_board_NiosIIf_bsp//libhal_bsp.a(alt_malloc_lock.o)
 .data          0x08042130        0x0 ../demo_board_NiosIIf_bsp//libhal_bsp.a(alt_open.o)
 .data          0x08042130        0x0 ../demo_board_NiosIIf_bsp//libhal_bsp.a(alt_read.o)
 .data          0x08042130        0x0 ../demo_board_NiosIIf_bsp//libhal_bsp.a(alt_release_fd.o)
 .data          0x08042130        0x0 ../demo_board_NiosIIf_bsp//libhal_bsp.a(alt_sbrk.o)
 .data          0x08042130        0x0 ../demo_board_NiosIIf_bsp//libhal_bsp.a(alt_write.o)
 .data          0x08042130     0x11bc ../demo_board_NiosIIf_bsp//libhal_bsp.a(alt_sys_init.o)
 .data          0x080432ec        0x0 ../demo_board_NiosIIf_bsp//libhal_bsp.a(altera_avalon_cfi_flash.o)
 .data          0x080432ec        0x0 ../demo_board_NiosIIf_bsp//libhal_bsp.a(altera_avalon_cfi_flash_table.o)
 .data          0x080432ec        0x0 ../demo_board_NiosIIf_bsp//libhal_bsp.a(altera_avalon_jtag_uart_fd.o)
 .data          0x080432ec        0x0 ../demo_board_NiosIIf_bsp//libhal_bsp.a(altera_avalon_jtag_uart_init.o)
 .data          0x080432ec        0x0 ../demo_board_NiosIIf_bsp//libhal_bsp.a(altera_avalon_jtag_uart_ioctl.o)
 .data          0x080432ec        0x0 ../demo_board_NiosIIf_bsp//libhal_bsp.a(altera_avalon_jtag_uart_read.o)
 .data          0x080432ec        0x0 ../demo_board_NiosIIf_bsp//libhal_bsp.a(altera_avalon_jtag_uart_write.o)
 .data          0x080432ec        0x0 ../demo_board_NiosIIf_bsp//libhal_bsp.a(altera_avalon_performance_counter.o)
 .data          0x080432ec        0x0 ../demo_board_NiosIIf_bsp//libhal_bsp.a(altera_avalon_timer_sc.o)
 .data          0x080432ec        0x0 ../demo_board_NiosIIf_bsp//libhal_bsp.a(altera_ro_zipfs.o)
 .data          0x080432ec        0x0 ../demo_board_NiosIIf_bsp//libhal_bsp.a(altera_up_avalon_video_pixel_buffer_dma.o)
 .data          0x080432ec        0x0 ../demo_board_NiosIIf_bsp//libhal_bsp.a(perf_print_formatted_report.o)
 .data          0x080432ec        0x0 ../demo_board_NiosIIf_bsp//libhal_bsp.a(alt_alarm_start.o)